Archive member included to satisfy reference by file (symbol)

../1b_p3_bsp\libhal_bsp.a(alt_load.o)
                              ../1b_p3_bsp/obj/HAL/src/crt0.o (alt_load)
../1b_p3_bsp\libhal_bsp.a(alt_main.o)
                              ../1b_p3_bsp/obj/HAL/src/crt0.o (alt_main)
../1b_p3_bsp\libhal_bsp.a(alt_sys_init.o)
                              ../1b_p3_bsp\libhal_bsp.a(alt_main.o) (alt_irq_init)
../1b_p3_bsp\libhal_bsp.a(altera_avalon_fifo_util.o)
                              obj/default/lib/queue.o (altera_avalon_fifo_read_status)
../1b_p3_bsp\libhal_bsp.a(altera_avalon_timer_sc.o)
                              ../1b_p3_bsp\libhal_bsp.a(alt_sys_init.o) (alt_avalon_timer_sc_init)
../1b_p3_bsp\libhal_bsp.a(alt_close.o)
                              ../1b_p3_bsp\libhal_bsp.a(alt_main.o) (close)
../1b_p3_bsp\libhal_bsp.a(alt_dcache_flush_all.o)
                              ../1b_p3_bsp\libhal_bsp.a(alt_load.o) (alt_dcache_flush_all)
../1b_p3_bsp\libhal_bsp.a(alt_errno.o)
                              ../1b_p3_bsp\libhal_bsp.a(alt_close.o) (alt_errno)
../1b_p3_bsp\libhal_bsp.a(alt_exit.o)
                              ../1b_p3_bsp\libhal_bsp.a(alt_main.o) (_exit)
../1b_p3_bsp\libhal_bsp.a(alt_icache_flush_all.o)
                              ../1b_p3_bsp\libhal_bsp.a(alt_load.o) (alt_icache_flush_all)
../1b_p3_bsp\libhal_bsp.a(alt_iic.o)
                              ../1b_p3_bsp\libhal_bsp.a(altera_avalon_timer_sc.o) (alt_ic_isr_register)
../1b_p3_bsp\libhal_bsp.a(alt_iic_isr_register.o)
                              ../1b_p3_bsp\libhal_bsp.a(alt_iic.o) (alt_iic_isr_register)
../1b_p3_bsp\libhal_bsp.a(alt_irq_entry.o)
                              ../1b_p3_bsp\libhal_bsp.a(alt_iic_isr_register.o) (alt_irq_entry)
../1b_p3_bsp\libhal_bsp.a(alt_irq_handler.o)
                              ../1b_p3_bsp\libhal_bsp.a(alt_iic_isr_register.o) (alt_irq_handler)
../1b_p3_bsp\libhal_bsp.a(alt_irq_vars.o)
                              ../1b_p3_bsp\libhal_bsp.a(alt_iic.o) (alt_irq_active)
../1b_p3_bsp\libhal_bsp.a(alt_tick.o)
                              ../1b_p3_bsp\libhal_bsp.a(altera_avalon_timer_sc.o) (alt_tick)
../1b_p3_bsp\libhal_bsp.a(altera_nios2_gen2_irq.o)
                              ../1b_p3_bsp\libhal_bsp.a(alt_sys_init.o) (altera_nios2_gen2_irq_init)
../1b_p3_bsp\libhal_bsp.a(alt_exception_entry.o)
                              ../1b_p3_bsp\libhal_bsp.a(alt_irq_entry.o) (alt_exception)
../1b_p3_bsp\libhal_bsp.a(alt_instruction_exception_entry.o)
                              ../1b_p3_bsp\libhal_bsp.a(alt_exception_entry.o) (alt_instruction_exception_entry)
c:/intelfpga_lite/18.1/nios2eds/bin/gnu/h-x86_64-mingw32/bin/../lib/gcc/nios2-elf/5.3.0/../../../../../H-x86_64-mingw32/nios2-elf/lib/mno-hw-mul\libsmallc.a(lib_a-int_errno.o)
                              ../1b_p3_bsp\libhal_bsp.a(alt_close.o) (errno)

Allocating common symbols
Common symbol       size              file

alt_irq             0x100             ../1b_p3_bsp\libhal_bsp.a(alt_irq_handler.o)
errno               0x4               c:/intelfpga_lite/18.1/nios2eds/bin/gnu/h-x86_64-mingw32/bin/../lib/gcc/nios2-elf/5.3.0/../../../../../H-x86_64-mingw32/nios2-elf/lib/mno-hw-mul\libsmallc.a(lib_a-int_errno.o)

Discarded input sections

 .gnu.warning.close
                0x0000000000000000        0x0 ../1b_p3_bsp\libhal_bsp.a(alt_close.o)

Memory Configuration

Name             Origin             Length             Attributes
reset            0x0000000000008000 0x0000000000000020
CPU_1b_p3_oc_ram_0 0x0000000000008020 0x0000000000003be0
mem_info         0x0000000010010000 0x0000000000000400
*default*        0x0000000000000000 0xffffffffffffffff

Linker script and memory map

LOAD ../1b_p3_bsp/obj/HAL/src/crt0.o
LOAD obj/default/1b_p3/main.o
LOAD obj/default/1b_p3/queue_wrapper.o
LOAD obj/default/lib/mem_info.o
LOAD obj/default/lib/queue.o
LOAD c:/intelfpga_lite/18.1/nios2eds/bin/gnu/h-x86_64-mingw32/bin/../lib/gcc/nios2-elf/5.3.0/../../../../../H-x86_64-mingw32/nios2-elf/lib/mno-hw-mul\libstdc++.a
LOAD c:/intelfpga_lite/18.1/nios2eds/bin/gnu/h-x86_64-mingw32/bin/../lib/gcc/nios2-elf/5.3.0/../../../../../H-x86_64-mingw32/nios2-elf/lib/mno-hw-mul\libm.a
LOAD c:/intelfpga_lite/18.1/nios2eds/bin/gnu/h-x86_64-mingw32/bin/../lib/gcc/nios2-elf/5.3.0/mno-hw-mul\libgcc.a
START GROUP
LOAD c:/intelfpga_lite/18.1/nios2eds/bin/gnu/h-x86_64-mingw32/bin/../lib/gcc/nios2-elf/5.3.0/../../../../../H-x86_64-mingw32/nios2-elf/lib/mno-hw-mul\libsmallc.a
LOAD c:/intelfpga_lite/18.1/nios2eds/bin/gnu/h-x86_64-mingw32/bin/../lib/gcc/nios2-elf/5.3.0/mno-hw-mul\libgcc.a
LOAD ../1b_p3_bsp\libhal_bsp.a
LOAD c:/intelfpga_lite/18.1/nios2eds/bin/gnu/h-x86_64-mingw32/bin/../lib/gcc/nios2-elf/5.3.0/../../../../../H-x86_64-mingw32/nios2-elf/lib/mno-hw-mul\libm.a
END GROUP
LOAD c:/intelfpga_lite/18.1/nios2eds/bin/gnu/h-x86_64-mingw32/bin/../lib/gcc/nios2-elf/5.3.0/mno-hw-mul\libgcc.a
                0x0000000000008000                __alt_mem_CPU_1b_p3_oc_ram_0 = 0x8000
                0x0000000010010000                __alt_mem_mem_info = 0x10010000

.entry          0x0000000000008000       0x20
 *(.entry)
 .entry         0x0000000000008000       0x20 ../1b_p3_bsp/obj/HAL/src/crt0.o
                0x0000000000008000                __reset

.exceptions     0x0000000000008020      0x164
                0x0000000000008020                PROVIDE (__ram_exceptions_start, ABSOLUTE (.))
                0x0000000000008020                . = ALIGN (0x20)
 *(.irq)
 *(.exceptions.entry.label)
 .exceptions.entry.label
                0x0000000000008020        0x0 ../1b_p3_bsp\libhal_bsp.a(alt_irq_entry.o)
                0x0000000000008020                alt_irq_entry
 .exceptions.entry.label
                0x0000000000008020        0x0 ../1b_p3_bsp\libhal_bsp.a(alt_exception_entry.o)
                0x0000000000008020                alt_exception
 *(.exceptions.entry.user)
 *(.exceptions.entry.ecc_fatal)
 *(.exceptions.entry)
 .exceptions.entry
                0x0000000000008020       0x54 ../1b_p3_bsp\libhal_bsp.a(alt_exception_entry.o)
 *(.exceptions.irqtest.user)
 *(.exceptions.irqtest)
 .exceptions.irqtest
                0x0000000000008074       0x10 ../1b_p3_bsp\libhal_bsp.a(alt_irq_entry.o)
 *(.exceptions.irqhandler.user)
 *(.exceptions.irqhandler)
 .exceptions.irqhandler
                0x0000000000008084        0x4 ../1b_p3_bsp\libhal_bsp.a(alt_irq_entry.o)
 *(.exceptions.irqreturn.user)
 *(.exceptions.irqreturn)
 .exceptions.irqreturn
                0x0000000000008088        0x4 ../1b_p3_bsp\libhal_bsp.a(alt_irq_entry.o)
 *(.exceptions.notirq.label)
 .exceptions.notirq.label
                0x000000000000808c        0x0 ../1b_p3_bsp\libhal_bsp.a(alt_irq_entry.o)
 *(.exceptions.notirq.user)
 *(.exceptions.notirq)
 .exceptions.notirq
                0x000000000000808c        0x8 ../1b_p3_bsp\libhal_bsp.a(alt_exception_entry.o)
 *(.exceptions.soft.user)
 *(.exceptions.soft)
 *(.exceptions.unknown.user)
 *(.exceptions.unknown)
 .exceptions.unknown
                0x0000000000008094       0x14 ../1b_p3_bsp\libhal_bsp.a(alt_exception_entry.o)
 *(.exceptions.exit.label)
 .exceptions.exit.label
                0x00000000000080a8        0x0 ../1b_p3_bsp\libhal_bsp.a(alt_irq_entry.o)
 .exceptions.exit.label
                0x00000000000080a8        0x0 ../1b_p3_bsp\libhal_bsp.a(alt_exception_entry.o)
 *(.exceptions.exit.user)
 *(.exceptions.exit)
 .exceptions.exit
                0x00000000000080a8       0x54 ../1b_p3_bsp\libhal_bsp.a(alt_exception_entry.o)
 *(.exceptions)
 .exceptions    0x00000000000080fc       0x64 ../1b_p3_bsp\libhal_bsp.a(alt_irq_handler.o)
                0x00000000000080fc                alt_irq_handler
 .exceptions    0x0000000000008160       0x24 ../1b_p3_bsp\libhal_bsp.a(alt_instruction_exception_entry.o)
                0x0000000000008160                alt_instruction_exception_entry
                0x0000000000008184                PROVIDE (__ram_exceptions_end, ABSOLUTE (.))
                0x0000000000008020                PROVIDE (__flash_exceptions_start, LOADADDR (.exceptions))

.text           0x0000000000008184      0xbc4
                [!provide]                        PROVIDE (stext, ABSOLUTE (.))
 *(.interp)
 *(.hash)
 *(.dynsym)
 *(.dynstr)
 *(.gnu.version)
 *(.gnu.version_d)
 *(.gnu.version_r)
 *(.rel.init)
 *(.rela.init)
 *(.rel.text .rel.text.* .rel.gnu.linkonce.t.*)
 *(.rela.text .rela.text.* .rela.gnu.linkonce.t.*)
 *(.rel.fini)
 *(.rela.fini)
 *(.rel.rodata .rel.rodata.* .rel.gnu.linkonce.r.*)
 *(.rela.rodata .rela.rodata.* .rela.gnu.linkonce.r.*)
 *(.rel.data .rel.data.* .rel.gnu.linkonce.d.*)
 *(.rela.data .rela.data.* .rela.gnu.linkonce.d.*)
 *(.rel.tdata .rel.tdata.* .rel.gnu.linkonce.td.*)
 *(.rela.tdata .rela.tdata.* .rela.gnu.linkonce.td.*)
 *(.rel.tbss .rel.tbss.* .rel.gnu.linkonce.tb.*)
 *(.rela.tbss .rela.tbss.* .rela.gnu.linkonce.tb.*)
 *(.rel.ctors)
 *(.rela.ctors)
 *(.rel.dtors)
 *(.rela.dtors)
 *(.rel.got)
 *(.rela.got)
 *(.rel.sdata .rel.sdata.* .rel.gnu.linkonce.s.*)
 *(.rela.sdata .rela.sdata.* .rela.gnu.linkonce.s.*)
 *(.rel.sbss .rel.sbss.* .rel.gnu.linkonce.sb.*)
 *(.rela.sbss .rela.sbss.* .rela.gnu.linkonce.sb.*)
 *(.rel.sdata2 .rel.sdata2.* .rel.gnu.linkonce.s2.*)
 *(.rela.sdata2 .rela.sdata2.* .rela.gnu.linkonce.s2.*)
 *(.rel.sbss2 .rel.sbss2.* .rel.gnu.linkonce.sb2.*)
 *(.rela.sbss2 .rela.sbss2.* .rela.gnu.linkonce.sb2.*)
 *(.rel.bss .rel.bss.* .rel.gnu.linkonce.b.*)
 *(.rela.bss .rela.bss.* .rela.gnu.linkonce.b.*)
 *(.rel.plt)
 *(.rela.plt)
 *(.rel.dyn)
 *(.init)
 *(.plt)
 *(.text .stub .text.* .gnu.linkonce.t.*)
 .text          0x0000000000008184       0x3c ../1b_p3_bsp/obj/HAL/src/crt0.o
                0x0000000000008184                _start
 .text          0x00000000000081c0       0xc0 obj/default/1b_p3/main.o
                0x00000000000081c0                levelshift
                0x0000000000008254                main
 .text          0x0000000000008280       0xcc obj/default/1b_p3/queue_wrapper.o
                0x0000000000008280                init_queues
                0x00000000000082a0                close_queues
                0x00000000000082c0                RECV3
                0x0000000000008304                SEND
 .text          0x000000000000834c      0x278 obj/default/lib/mem_info.o
                0x000000000000834c                setProgStatus
                0x000000000000837c                getProgStatus
                0x00000000000083a0                setFileName
                0x00000000000083c8                setMemInfo
                0x0000000000008448                getFileName
                0x0000000000008484                getIterCount
                0x00000000000084c4                getWidth
                0x0000000000008504                getHeight
                0x0000000000008544                getQualityFactor
                0x0000000000008584                getImageFormat
 .text          0x00000000000085c4       0xd8 obj/default/lib/queue.o
                0x00000000000085c4                enqueueINT32
                0x0000000000008634                dequeueINT32
 .text          0x000000000000869c      0x114 ../1b_p3_bsp\libhal_bsp.a(alt_load.o)
                0x000000000000869c                alt_load
 .text          0x00000000000087b0       0x3c ../1b_p3_bsp\libhal_bsp.a(alt_main.o)
                0x00000000000087b0                alt_main
 .text          0x00000000000087ec       0x38 ../1b_p3_bsp\libhal_bsp.a(alt_sys_init.o)
                0x00000000000087ec                alt_irq_init
                0x000000000000880c                alt_sys_init
 .text          0x0000000000008824      0x1ac ../1b_p3_bsp\libhal_bsp.a(altera_avalon_fifo_util.o)
                0x0000000000008824                altera_avalon_fifo_init
                0x000000000000888c                altera_avalon_fifo_read_status
                0x0000000000008898                altera_avalon_fifo_read_ienable
                0x00000000000088a4                altera_avalon_fifo_read_almostfull
                0x00000000000088ac                altera_avalon_fifo_read_almostempty
                0x00000000000088b4                altera_avalon_fifo_read_event
                0x00000000000088c0                altera_avalon_fifo_read_level
                0x00000000000088c8                altera_avalon_fifo_clear_event
                0x00000000000088e4                altera_avalon_fifo_write_ienable
                0x0000000000008904                altera_avalon_fifo_write_almostfull
                0x0000000000008924                altera_avalon_fifo_write_almostempty
                0x0000000000008944                altera_avalon_fifo_write_fifo
                0x0000000000008960                altera_avalon_read_fifo
                0x0000000000008988                altera_avalon_fifo_read_fifo
                0x00000000000089a4                altera_avalon_fifo_write_other_info
                0x00000000000089c0                altera_avalon_fifo_read_other_info
                0x00000000000089c8                altera_avalon_fifo_read_backpressure
 .text          0x00000000000089d0       0x84 ../1b_p3_bsp\libhal_bsp.a(altera_avalon_timer_sc.o)
                0x0000000000008a0c                alt_avalon_timer_sc_init
 .text          0x0000000000008a54       0x40 ../1b_p3_bsp\libhal_bsp.a(alt_close.o)
                0x0000000000008a54                close
 .text          0x0000000000008a94        0x4 ../1b_p3_bsp\libhal_bsp.a(alt_dcache_flush_all.o)
                0x0000000000008a94                alt_dcache_flush_all
 .text          0x0000000000008a98        0x0 ../1b_p3_bsp\libhal_bsp.a(alt_errno.o)
 .text          0x0000000000008a98       0x14 ../1b_p3_bsp\libhal_bsp.a(alt_exit.o)
                0x0000000000008a98                _exit
 .text          0x0000000000008aac        0x4 ../1b_p3_bsp\libhal_bsp.a(alt_icache_flush_all.o)
                0x0000000000008aac                alt_icache_flush_all
 .text          0x0000000000008ab0       0x8c ../1b_p3_bsp\libhal_bsp.a(alt_iic.o)
                0x0000000000008ab0                alt_ic_isr_register
                0x0000000000008ab4                alt_ic_irq_enable
                0x0000000000008aec                alt_ic_irq_disable
                0x0000000000008b24                alt_ic_irq_enabled
 .text          0x0000000000008b3c       0x68 ../1b_p3_bsp\libhal_bsp.a(alt_iic_isr_register.o)
                0x0000000000008b3c                alt_iic_isr_register
 .text          0x0000000000008ba4        0x0 ../1b_p3_bsp\libhal_bsp.a(alt_irq_entry.o)
 .text          0x0000000000008ba4        0x0 ../1b_p3_bsp\libhal_bsp.a(alt_irq_handler.o)
 .text          0x0000000000008ba4        0x0 ../1b_p3_bsp\libhal_bsp.a(alt_irq_vars.o)
 .text          0x0000000000008ba4      0x128 ../1b_p3_bsp\libhal_bsp.a(alt_tick.o)
                0x0000000000008ba4                alt_alarm_stop
                0x0000000000008bd8                alt_tick
 .text          0x0000000000008ccc        0x8 ../1b_p3_bsp\libhal_bsp.a(altera_nios2_gen2_irq.o)
                0x0000000000008ccc                altera_nios2_gen2_irq_init
 .text          0x0000000000008cd4        0x0 ../1b_p3_bsp\libhal_bsp.a(alt_exception_entry.o)
 .text          0x0000000000008cd4       0x74 ../1b_p3_bsp\libhal_bsp.a(alt_instruction_exception_entry.o)
                0x0000000000008cd4                alt_exception_cause_generated_bad_addr
 .text          0x0000000000008d48        0x0 c:/intelfpga_lite/18.1/nios2eds/bin/gnu/h-x86_64-mingw32/bin/../lib/gcc/nios2-elf/5.3.0/../../../../../H-x86_64-mingw32/nios2-elf/lib/mno-hw-mul\libsmallc.a(lib_a-int_errno.o)
 *(.gnu.warning.*)
 *(.fini)
                [!provide]                        PROVIDE (__etext, ABSOLUTE (.))
                [!provide]                        PROVIDE (_etext, ABSOLUTE (.))
                [!provide]                        PROVIDE (etext, ABSOLUTE (.))
 *(.eh_frame_hdr)
                0x0000000000008d48                . = ALIGN (0x4)
                [!provide]                        PROVIDE (__preinit_array_start, ABSOLUTE (.))
 *(.preinit_array)
                [!provide]                        PROVIDE (__preinit_array_end, ABSOLUTE (.))
                [!provide]                        PROVIDE (__init_array_start, ABSOLUTE (.))
 *(.init_array)
                [!provide]                        PROVIDE (__init_array_end, ABSOLUTE (.))
                [!provide]                        PROVIDE (__fini_array_start, ABSOLUTE (.))
 *(.fini_array)
                [!provide]                        PROVIDE (__fini_array_end, ABSOLUTE (.))
 *(.eh_frame)
 *(.gcc_except_table .gcc_except_table.*)
 *(.dynamic)
                [!provide]                        PROVIDE (__CTOR_LIST__, ABSOLUTE (.))
 *(.ctors)
 *(SORT(.ctors.*))
                [!provide]                        PROVIDE (__CTOR_END__, ABSOLUTE (.))
                [!provide]                        PROVIDE (__DTOR_LIST__, ABSOLUTE (.))
 *(.dtors)
 *(SORT(.dtors.*))
                [!provide]                        PROVIDE (__DTOR_END__, ABSOLUTE (.))
 *(.jcr)
                0x0000000000008d48                . = ALIGN (0x4)

.rodata         0x0000000000008d48        0x0
                0x0000000000008d48                PROVIDE (__ram_rodata_start, ABSOLUTE (.))
                0x0000000000008d48                . = ALIGN (0x4)
 *(.rodata .rodata.* .gnu.linkonce.r.*)
 *(.rodata1)
                0x0000000000008d48                . = ALIGN (0x4)
                0x0000000000008d48                PROVIDE (__ram_rodata_end, ABSOLUTE (.))
                0x0000000000008d48                PROVIDE (__flash_rodata_start, LOADADDR (.rodata))

.rwdata         0x0000000000008d48       0xb0 load address 0x0000000000008df8
                0x0000000000008d48                PROVIDE (__ram_rwdata_start, ABSOLUTE (.))
                0x0000000000008d48                . = ALIGN (0x4)
 *(.got.plt)
 *(.got)
 *(.data1)
 *(.data .data.* .gnu.linkonce.d.*)
 .data          0x0000000000008d48        0x0 ../1b_p3_bsp/obj/HAL/src/crt0.o
 .data          0x0000000000008d48        0x0 obj/default/1b_p3/main.o
 .data          0x0000000000008d48       0x9c obj/default/1b_p3/queue_wrapper.o
                0x0000000000008d48                qa_p1
                0x0000000000008d54                qa_p2
                0x0000000000008d60                qa_p3
                0x0000000000008d6c                qb_p1
                0x0000000000008d78                qb_p2
                0x0000000000008d84                qb_p3
                0x0000000000008d90                qc_p1
                0x0000000000008d9c                qc_p2
                0x0000000000008da8                qc_p3
                0x0000000000008db4                qd_p1
                0x0000000000008dc0                qd_p2
                0x0000000000008dcc                qd_p3
                0x0000000000008dd8                qe
 .data          0x0000000000008de4        0x0 obj/default/lib/mem_info.o
 .data          0x0000000000008de4        0x0 obj/default/lib/queue.o
 .data          0x0000000000008de4        0x0 ../1b_p3_bsp\libhal_bsp.a(alt_load.o)
 .data          0x0000000000008de4        0x0 ../1b_p3_bsp\libhal_bsp.a(alt_main.o)
 .data          0x0000000000008de4        0x0 ../1b_p3_bsp\libhal_bsp.a(alt_sys_init.o)
 .data          0x0000000000008de4        0x0 ../1b_p3_bsp\libhal_bsp.a(altera_avalon_fifo_util.o)
 .data          0x0000000000008de4        0x0 ../1b_p3_bsp\libhal_bsp.a(altera_avalon_timer_sc.o)
 .data          0x0000000000008de4        0x0 ../1b_p3_bsp\libhal_bsp.a(alt_close.o)
 .data          0x0000000000008de4        0x0 ../1b_p3_bsp\libhal_bsp.a(alt_dcache_flush_all.o)
 .data          0x0000000000008de4        0x0 ../1b_p3_bsp\libhal_bsp.a(alt_errno.o)
 .data          0x0000000000008de4        0x0 ../1b_p3_bsp\libhal_bsp.a(alt_exit.o)
 .data          0x0000000000008de4        0x0 ../1b_p3_bsp\libhal_bsp.a(alt_icache_flush_all.o)
 .data          0x0000000000008de4        0x0 ../1b_p3_bsp\libhal_bsp.a(alt_iic.o)
 .data          0x0000000000008de4        0x0 ../1b_p3_bsp\libhal_bsp.a(alt_iic_isr_register.o)
 .data          0x0000000000008de4        0x0 ../1b_p3_bsp\libhal_bsp.a(alt_irq_entry.o)
 .data          0x0000000000008de4        0x0 ../1b_p3_bsp\libhal_bsp.a(alt_irq_handler.o)
 .data          0x0000000000008de4        0x0 ../1b_p3_bsp\libhal_bsp.a(alt_irq_vars.o)
 .data          0x0000000000008de4        0x0 ../1b_p3_bsp\libhal_bsp.a(alt_tick.o)
 .data          0x0000000000008de4        0x0 ../1b_p3_bsp\libhal_bsp.a(altera_nios2_gen2_irq.o)
 .data          0x0000000000008de4        0x0 ../1b_p3_bsp\libhal_bsp.a(alt_exception_entry.o)
 .data          0x0000000000008de4        0x0 ../1b_p3_bsp\libhal_bsp.a(alt_instruction_exception_entry.o)
 .data          0x0000000000008de4        0x0 c:/intelfpga_lite/18.1/nios2eds/bin/gnu/h-x86_64-mingw32/bin/../lib/gcc/nios2-elf/5.3.0/../../../../../H-x86_64-mingw32/nios2-elf/lib/mno-hw-mul\libsmallc.a(lib_a-int_errno.o)
                0x0000000000010de4                _gp = ABSOLUTE ((. + 0x8000))
                [!provide]                        PROVIDE (gp, _gp)
 *(.rwdata .rwdata.*)
 *(.sdata .sdata.* .gnu.linkonce.s.*)
 .sdata         0x0000000000008de4        0x4 ../1b_p3_bsp\libhal_bsp.a(alt_sys_init.o)
                0x0000000000008de4                CPU_1b_p3_uart_0
 .sdata         0x0000000000008de8        0x4 ../1b_p3_bsp\libhal_bsp.a(alt_errno.o)
                0x0000000000008de8                alt_errno
 .sdata         0x0000000000008dec        0x4 ../1b_p3_bsp\libhal_bsp.a(alt_irq_vars.o)
                0x0000000000008dec                alt_priority_mask
 .sdata         0x0000000000008df0        0x8 ../1b_p3_bsp\libhal_bsp.a(alt_tick.o)
                0x0000000000008df0                alt_alarm_list
 *(.sdata2 .sdata2.* .gnu.linkonce.s2.*)
                0x0000000000008df8                . = ALIGN (0x4)
                0x0000000000008df8                _edata = ABSOLUTE (.)
                [!provide]                        PROVIDE (edata, ABSOLUTE (.))
                0x0000000000008df8                PROVIDE (__ram_rwdata_end, ABSOLUTE (.))
                0x0000000000008df8                PROVIDE (__flash_rwdata_start, LOADADDR (.rwdata))

.bss            0x0000000000008ea8      0x120
                0x0000000000008ea8                __bss_start = ABSOLUTE (.)
                [!provide]                        PROVIDE (__sbss_start, ABSOLUTE (.))
                [!provide]                        PROVIDE (___sbss_start, ABSOLUTE (.))
 *(.dynsbss)
 *(.sbss .sbss.* .gnu.linkonce.sb.*)
 .sbss          0x0000000000008ea8        0xc ../1b_p3_bsp\libhal_bsp.a(alt_main.o)
                0x0000000000008ea8                alt_envp
                0x0000000000008eac                alt_argv
                0x0000000000008eb0                alt_argc
 .sbss          0x0000000000008eb4        0x4 ../1b_p3_bsp\libhal_bsp.a(alt_irq_vars.o)
                0x0000000000008eb4                alt_irq_active
 .sbss          0x0000000000008eb8        0x8 ../1b_p3_bsp\libhal_bsp.a(alt_tick.o)
                0x0000000000008eb8                _alt_nticks
                0x0000000000008ebc                _alt_tick_rate
 .sbss          0x0000000000008ec0        0x4 ../1b_p3_bsp\libhal_bsp.a(alt_instruction_exception_entry.o)
                0x0000000000008ec0                alt_instruction_exception_handler
 .sbss          0x0000000000008ec4        0x4 c:/intelfpga_lite/18.1/nios2eds/bin/gnu/h-x86_64-mingw32/bin/../lib/gcc/nios2-elf/5.3.0/../../../../../H-x86_64-mingw32/nios2-elf/lib/mno-hw-mul\libsmallc.a(lib_a-int_errno.o)
                0x0000000000008ec4                errno
 *(.sbss2 .sbss2.* .gnu.linkonce.sb2.*)
 *(.scommon)
                [!provide]                        PROVIDE (__sbss_end, ABSOLUTE (.))
                [!provide]                        PROVIDE (___sbss_end, ABSOLUTE (.))
 *(.dynbss)
 *(.bss .bss.* .gnu.linkonce.b.*)
 .bss           0x0000000000008ec8        0x0 ../1b_p3_bsp/obj/HAL/src/crt0.o
 .bss           0x0000000000008ec8        0x0 obj/default/1b_p3/main.o
 .bss           0x0000000000008ec8        0x0 obj/default/1b_p3/queue_wrapper.o
 .bss           0x0000000000008ec8        0x0 obj/default/lib/mem_info.o
 .bss           0x0000000000008ec8        0x0 obj/default/lib/queue.o
 .bss           0x0000000000008ec8        0x0 ../1b_p3_bsp\libhal_bsp.a(alt_load.o)
 .bss           0x0000000000008ec8        0x0 ../1b_p3_bsp\libhal_bsp.a(alt_main.o)
 .bss           0x0000000000008ec8        0x0 ../1b_p3_bsp\libhal_bsp.a(alt_sys_init.o)
 .bss           0x0000000000008ec8        0x0 ../1b_p3_bsp\libhal_bsp.a(altera_avalon_fifo_util.o)
 .bss           0x0000000000008ec8        0x0 ../1b_p3_bsp\libhal_bsp.a(altera_avalon_timer_sc.o)
 .bss           0x0000000000008ec8        0x0 ../1b_p3_bsp\libhal_bsp.a(alt_close.o)
 .bss           0x0000000000008ec8        0x0 ../1b_p3_bsp\libhal_bsp.a(alt_dcache_flush_all.o)
 .bss           0x0000000000008ec8        0x0 ../1b_p3_bsp\libhal_bsp.a(alt_errno.o)
 .bss           0x0000000000008ec8        0x0 ../1b_p3_bsp\libhal_bsp.a(alt_exit.o)
 .bss           0x0000000000008ec8        0x0 ../1b_p3_bsp\libhal_bsp.a(alt_icache_flush_all.o)
 .bss           0x0000000000008ec8        0x0 ../1b_p3_bsp\libhal_bsp.a(alt_iic.o)
 .bss           0x0000000000008ec8        0x0 ../1b_p3_bsp\libhal_bsp.a(alt_iic_isr_register.o)
 .bss           0x0000000000008ec8        0x0 ../1b_p3_bsp\libhal_bsp.a(alt_irq_entry.o)
 .bss           0x0000000000008ec8        0x0 ../1b_p3_bsp\libhal_bsp.a(alt_irq_handler.o)
 .bss           0x0000000000008ec8        0x0 ../1b_p3_bsp\libhal_bsp.a(alt_irq_vars.o)
 .bss           0x0000000000008ec8        0x0 ../1b_p3_bsp\libhal_bsp.a(alt_tick.o)
 .bss           0x0000000000008ec8        0x0 ../1b_p3_bsp\libhal_bsp.a(altera_nios2_gen2_irq.o)
 .bss           0x0000000000008ec8        0x0 ../1b_p3_bsp\libhal_bsp.a(alt_exception_entry.o)
 .bss           0x0000000000008ec8        0x0 ../1b_p3_bsp\libhal_bsp.a(alt_instruction_exception_entry.o)
 .bss           0x0000000000008ec8        0x0 c:/intelfpga_lite/18.1/nios2eds/bin/gnu/h-x86_64-mingw32/bin/../lib/gcc/nios2-elf/5.3.0/../../../../../H-x86_64-mingw32/nios2-elf/lib/mno-hw-mul\libsmallc.a(lib_a-int_errno.o)
 *(COMMON)
 COMMON         0x0000000000008ec8      0x100 ../1b_p3_bsp\libhal_bsp.a(alt_irq_handler.o)
                0x0000000000008ec8                alt_irq
                0x0000000000008fc8                . = ALIGN (0x4)
                0x0000000000008fc8                __bss_end = ABSOLUTE (.)

.CPU_1b_p3_oc_ram_0
                0x0000000000008fc8        0x0
                [!provide]                        PROVIDE (_alt_partition_CPU_1b_p3_oc_ram_0_start, ABSOLUTE (.))
 *(.CPU_1b_p3_oc_ram_0 .CPU_1b_p3_oc_ram_0. CPU_1b_p3_oc_ram_0.*)
                0x0000000000008fc8                . = ALIGN (0x4)
                [!provide]                        PROVIDE (_alt_partition_CPU_1b_p3_oc_ram_0_end, ABSOLUTE (.))
                0x0000000000008fc8                _end = ABSOLUTE (.)
                0x0000000000008fc8                end = ABSOLUTE (.)
                0x0000000000008fc8                __alt_stack_base = ABSOLUTE (.)
                [!provide]                        PROVIDE (_alt_partition_CPU_1b_p3_oc_ram_0_load_addr, LOADADDR (.CPU_1b_p3_oc_ram_0))

.mem_info       0x0000000010010000        0x0 load address 0x0000000000008fc8
                [!provide]                        PROVIDE (_alt_partition_mem_info_start, ABSOLUTE (.))
 *(.mem_info .mem_info. mem_info.*)
                0x0000000010010000                . = ALIGN (0x4)
                [!provide]                        PROVIDE (_alt_partition_mem_info_end, ABSOLUTE (.))
                [!provide]                        PROVIDE (_alt_partition_mem_info_load_addr, LOADADDR (.mem_info))

.stab
 *(.stab)

.stabstr
 *(.stabstr)

.stab.excl
 *(.stab.excl)

.stab.exclstr
 *(.stab.exclstr)

.stab.index
 *(.stab.index)

.stab.indexstr
 *(.stab.indexstr)

.comment        0x0000000000000000       0x23
 *(.comment)
 .comment       0x0000000000000000       0x23 obj/default/1b_p3/main.o
                                         0x24 (size before relaxing)
 .comment       0x0000000000000023       0x24 obj/default/1b_p3/queue_wrapper.o
 .comment       0x0000000000000023       0x24 obj/default/lib/mem_info.o
 .comment       0x0000000000000023       0x24 obj/default/lib/queue.o
 .comment       0x0000000000000023       0x24 ../1b_p3_bsp\libhal_bsp.a(alt_load.o)
 .comment       0x0000000000000023       0x24 ../1b_p3_bsp\libhal_bsp.a(alt_main.o)
 .comment       0x0000000000000023       0x24 ../1b_p3_bsp\libhal_bsp.a(alt_sys_init.o)
 .comment       0x0000000000000023       0x24 ../1b_p3_bsp\libhal_bsp.a(altera_avalon_fifo_util.o)
 .comment       0x0000000000000023       0x24 ../1b_p3_bsp\libhal_bsp.a(altera_avalon_timer_sc.o)
 .comment       0x0000000000000023       0x24 ../1b_p3_bsp\libhal_bsp.a(alt_close.o)
 .comment       0x0000000000000023       0x24 ../1b_p3_bsp\libhal_bsp.a(alt_dcache_flush_all.o)
 .comment       0x0000000000000023       0x24 ../1b_p3_bsp\libhal_bsp.a(alt_errno.o)
 .comment       0x0000000000000023       0x24 ../1b_p3_bsp\libhal_bsp.a(alt_exit.o)
 .comment       0x0000000000000023       0x24 ../1b_p3_bsp\libhal_bsp.a(alt_icache_flush_all.o)
 .comment       0x0000000000000023       0x24 ../1b_p3_bsp\libhal_bsp.a(alt_iic.o)
 .comment       0x0000000000000023       0x24 ../1b_p3_bsp\libhal_bsp.a(alt_iic_isr_register.o)
 .comment       0x0000000000000023       0x24 ../1b_p3_bsp\libhal_bsp.a(alt_irq_handler.o)
 .comment       0x0000000000000023       0x24 ../1b_p3_bsp\libhal_bsp.a(alt_irq_vars.o)
 .comment       0x0000000000000023       0x24 ../1b_p3_bsp\libhal_bsp.a(alt_tick.o)
 .comment       0x0000000000000023       0x24 ../1b_p3_bsp\libhal_bsp.a(altera_nios2_gen2_irq.o)
 .comment       0x0000000000000023       0x24 ../1b_p3_bsp\libhal_bsp.a(alt_instruction_exception_entry.o)
 .comment       0x0000000000000023       0x24 c:/intelfpga_lite/18.1/nios2eds/bin/gnu/h-x86_64-mingw32/bin/../lib/gcc/nios2-elf/5.3.0/../../../../../H-x86_64-mingw32/nios2-elf/lib/mno-hw-mul\libsmallc.a(lib_a-int_errno.o)

.debug
 *(.debug)

.line
 *(.line)

.debug_srcinfo
 *(.debug_srcinfo)

.debug_sfnames
 *(.debug_sfnames)

.debug_aranges  0x0000000000000000      0x340
 *(.debug_aranges)
 .debug_aranges
                0x0000000000000000       0x28 ../1b_p3_bsp/obj/HAL/src/crt0.o
 .debug_aranges
                0x0000000000000028       0x20 obj/default/1b_p3/main.o
 .debug_aranges
                0x0000000000000048       0x20 obj/default/1b_p3/queue_wrapper.o
 .debug_aranges
                0x0000000000000068       0x20 obj/default/lib/mem_info.o
 .debug_aranges
                0x0000000000000088       0x20 obj/default/lib/queue.o
 .debug_aranges
                0x00000000000000a8       0x20 ../1b_p3_bsp\libhal_bsp.a(alt_load.o)
 .debug_aranges
                0x00000000000000c8       0x20 ../1b_p3_bsp\libhal_bsp.a(alt_main.o)
 .debug_aranges
                0x00000000000000e8       0x20 ../1b_p3_bsp\libhal_bsp.a(alt_sys_init.o)
 .debug_aranges
                0x0000000000000108       0x20 ../1b_p3_bsp\libhal_bsp.a(altera_avalon_fifo_util.o)
 .debug_aranges
                0x0000000000000128       0x20 ../1b_p3_bsp\libhal_bsp.a(altera_avalon_timer_sc.o)
 .debug_aranges
                0x0000000000000148       0x20 ../1b_p3_bsp\libhal_bsp.a(alt_close.o)
 .debug_aranges
                0x0000000000000168       0x20 ../1b_p3_bsp\libhal_bsp.a(alt_dcache_flush_all.o)
 .debug_aranges
                0x0000000000000188       0x18 ../1b_p3_bsp\libhal_bsp.a(alt_errno.o)
 .debug_aranges
                0x00000000000001a0       0x20 ../1b_p3_bsp\libhal_bsp.a(alt_exit.o)
 .debug_aranges
                0x00000000000001c0       0x20 ../1b_p3_bsp\libhal_bsp.a(alt_icache_flush_all.o)
 .debug_aranges
                0x00000000000001e0       0x20 ../1b_p3_bsp\libhal_bsp.a(alt_iic.o)
 .debug_aranges
                0x0000000000000200       0x20 ../1b_p3_bsp\libhal_bsp.a(alt_iic_isr_register.o)
 .debug_aranges
                0x0000000000000220       0x30 ../1b_p3_bsp\libhal_bsp.a(alt_irq_entry.o)
 .debug_aranges
                0x0000000000000250       0x20 ../1b_p3_bsp\libhal_bsp.a(alt_irq_handler.o)
 .debug_aranges
                0x0000000000000270       0x18 ../1b_p3_bsp\libhal_bsp.a(alt_irq_vars.o)
 .debug_aranges
                0x0000000000000288       0x20 ../1b_p3_bsp\libhal_bsp.a(alt_tick.o)
 .debug_aranges
                0x00000000000002a8       0x20 ../1b_p3_bsp\libhal_bsp.a(altera_nios2_gen2_irq.o)
 .debug_aranges
                0x00000000000002c8       0x38 ../1b_p3_bsp\libhal_bsp.a(alt_exception_entry.o)
 .debug_aranges
                0x0000000000000300       0x28 ../1b_p3_bsp\libhal_bsp.a(alt_instruction_exception_entry.o)
 .debug_aranges
                0x0000000000000328       0x18 c:/intelfpga_lite/18.1/nios2eds/bin/gnu/h-x86_64-mingw32/bin/../lib/gcc/nios2-elf/5.3.0/../../../../../H-x86_64-mingw32/nios2-elf/lib/mno-hw-mul\libsmallc.a(lib_a-int_errno.o)

.debug_pubnames
 *(.debug_pubnames)

.debug_info     0x0000000000000000     0x2698
 *(.debug_info .gnu.linkonce.wi.*)
 .debug_info    0x0000000000000000       0x6e ../1b_p3_bsp/obj/HAL/src/crt0.o
 .debug_info    0x000000000000006e       0xd9 obj/default/1b_p3/main.o
 .debug_info    0x0000000000000147      0x1eb obj/default/1b_p3/queue_wrapper.o
 .debug_info    0x0000000000000332      0x1d5 obj/default/lib/mem_info.o
 .debug_info    0x0000000000000507      0x109 obj/default/lib/queue.o
 .debug_info    0x0000000000000610      0x1c9 ../1b_p3_bsp\libhal_bsp.a(alt_load.o)
 .debug_info    0x00000000000007d9      0x1b1 ../1b_p3_bsp\libhal_bsp.a(alt_main.o)
 .debug_info    0x000000000000098a      0x1cf ../1b_p3_bsp\libhal_bsp.a(alt_sys_init.o)
 .debug_info    0x0000000000000b59      0x5f2 ../1b_p3_bsp\libhal_bsp.a(altera_avalon_fifo_util.o)
 .debug_info    0x000000000000114b      0x270 ../1b_p3_bsp\libhal_bsp.a(altera_avalon_timer_sc.o)
 .debug_info    0x00000000000013bb      0x12d ../1b_p3_bsp\libhal_bsp.a(alt_close.o)
 .debug_info    0x00000000000014e8       0x92 ../1b_p3_bsp\libhal_bsp.a(alt_dcache_flush_all.o)
 .debug_info    0x000000000000157a       0xa6 ../1b_p3_bsp\libhal_bsp.a(alt_errno.o)
 .debug_info    0x0000000000001620       0xea ../1b_p3_bsp\libhal_bsp.a(alt_exit.o)
 .debug_info    0x000000000000170a       0x92 ../1b_p3_bsp\libhal_bsp.a(alt_icache_flush_all.o)
 .debug_info    0x000000000000179c      0x38a ../1b_p3_bsp\libhal_bsp.a(alt_iic.o)
 .debug_info    0x0000000000001b26      0x232 ../1b_p3_bsp\libhal_bsp.a(alt_iic_isr_register.o)
 .debug_info    0x0000000000001d58       0x77 ../1b_p3_bsp\libhal_bsp.a(alt_irq_entry.o)
 .debug_info    0x0000000000001dcf      0x184 ../1b_p3_bsp\libhal_bsp.a(alt_irq_handler.o)
 .debug_info    0x0000000000001f53       0x88 ../1b_p3_bsp\libhal_bsp.a(alt_irq_vars.o)
 .debug_info    0x0000000000001fdb      0x327 ../1b_p3_bsp\libhal_bsp.a(alt_tick.o)
 .debug_info    0x0000000000002302       0x92 ../1b_p3_bsp\libhal_bsp.a(altera_nios2_gen2_irq.o)
 .debug_info    0x0000000000002394       0x7d ../1b_p3_bsp\libhal_bsp.a(alt_exception_entry.o)
 .debug_info    0x0000000000002411      0x1fd ../1b_p3_bsp\libhal_bsp.a(alt_instruction_exception_entry.o)
 .debug_info    0x000000000000260e       0x8a c:/intelfpga_lite/18.1/nios2eds/bin/gnu/h-x86_64-mingw32/bin/../lib/gcc/nios2-elf/5.3.0/../../../../../H-x86_64-mingw32/nios2-elf/lib/mno-hw-mul\libsmallc.a(lib_a-int_errno.o)

.debug_abbrev   0x0000000000000000     0x1271
 *(.debug_abbrev)
 .debug_abbrev  0x0000000000000000       0x12 ../1b_p3_bsp/obj/HAL/src/crt0.o
 .debug_abbrev  0x0000000000000012       0x92 obj/default/1b_p3/main.o
 .debug_abbrev  0x00000000000000a4       0xdf obj/default/1b_p3/queue_wrapper.o
 .debug_abbrev  0x0000000000000183       0xb5 obj/default/lib/mem_info.o
 .debug_abbrev  0x0000000000000238       0xa9 obj/default/lib/queue.o
 .debug_abbrev  0x00000000000002e1       0xe9 ../1b_p3_bsp\libhal_bsp.a(alt_load.o)
 .debug_abbrev  0x00000000000003ca       0xfd ../1b_p3_bsp\libhal_bsp.a(alt_main.o)
 .debug_abbrev  0x00000000000004c7      0x110 ../1b_p3_bsp\libhal_bsp.a(alt_sys_init.o)
 .debug_abbrev  0x00000000000005d7      0x109 ../1b_p3_bsp\libhal_bsp.a(altera_avalon_fifo_util.o)
 .debug_abbrev  0x00000000000006e0      0x191 ../1b_p3_bsp\libhal_bsp.a(altera_avalon_timer_sc.o)
 .debug_abbrev  0x0000000000000871       0xc3 ../1b_p3_bsp\libhal_bsp.a(alt_close.o)
 .debug_abbrev  0x0000000000000934       0x42 ../1b_p3_bsp\libhal_bsp.a(alt_dcache_flush_all.o)
 .debug_abbrev  0x0000000000000976       0x5a ../1b_p3_bsp\libhal_bsp.a(alt_errno.o)
 .debug_abbrev  0x00000000000009d0       0xa9 ../1b_p3_bsp\libhal_bsp.a(alt_exit.o)
 .debug_abbrev  0x0000000000000a79       0x42 ../1b_p3_bsp\libhal_bsp.a(alt_icache_flush_all.o)
 .debug_abbrev  0x0000000000000abb      0x1a0 ../1b_p3_bsp\libhal_bsp.a(alt_iic.o)
 .debug_abbrev  0x0000000000000c5b      0x19c ../1b_p3_bsp\libhal_bsp.a(alt_iic_isr_register.o)
 .debug_abbrev  0x0000000000000df7       0x12 ../1b_p3_bsp\libhal_bsp.a(alt_irq_entry.o)
 .debug_abbrev  0x0000000000000e09      0x120 ../1b_p3_bsp\libhal_bsp.a(alt_irq_handler.o)
 .debug_abbrev  0x0000000000000f29       0x40 ../1b_p3_bsp\libhal_bsp.a(alt_irq_vars.o)
 .debug_abbrev  0x0000000000000f69      0x196 ../1b_p3_bsp\libhal_bsp.a(alt_tick.o)
 .debug_abbrev  0x00000000000010ff       0x42 ../1b_p3_bsp\libhal_bsp.a(altera_nios2_gen2_irq.o)
 .debug_abbrev  0x0000000000001141       0x12 ../1b_p3_bsp\libhal_bsp.a(alt_exception_entry.o)
 .debug_abbrev  0x0000000000001153       0xe7 ../1b_p3_bsp\libhal_bsp.a(alt_instruction_exception_entry.o)
 .debug_abbrev  0x000000000000123a       0x37 c:/intelfpga_lite/18.1/nios2eds/bin/gnu/h-x86_64-mingw32/bin/../lib/gcc/nios2-elf/5.3.0/../../../../../H-x86_64-mingw32/nios2-elf/lib/mno-hw-mul\libsmallc.a(lib_a-int_errno.o)

.debug_line     0x0000000000000000     0x1051
 *(.debug_line)
 .debug_line    0x0000000000000000       0x66 ../1b_p3_bsp/obj/HAL/src/crt0.o
 .debug_line    0x0000000000000066       0x8a obj/default/1b_p3/main.o
 .debug_line    0x00000000000000f0       0x84 obj/default/1b_p3/queue_wrapper.o
 .debug_line    0x0000000000000174       0xbd obj/default/lib/mem_info.o
 .debug_line    0x0000000000000231       0x6a obj/default/lib/queue.o
 .debug_line    0x000000000000029b       0xad ../1b_p3_bsp\libhal_bsp.a(alt_load.o)
 .debug_line    0x0000000000000348      0x118 ../1b_p3_bsp\libhal_bsp.a(alt_main.o)
 .debug_line    0x0000000000000460      0x11e ../1b_p3_bsp\libhal_bsp.a(alt_sys_init.o)
 .debug_line    0x000000000000057e      0x10e ../1b_p3_bsp\libhal_bsp.a(altera_avalon_fifo_util.o)
 .debug_line    0x000000000000068c       0xfe ../1b_p3_bsp\libhal_bsp.a(altera_avalon_timer_sc.o)
 .debug_line    0x000000000000078a      0x108 ../1b_p3_bsp\libhal_bsp.a(alt_close.o)
 .debug_line    0x0000000000000892       0x4e ../1b_p3_bsp\libhal_bsp.a(alt_dcache_flush_all.o)
 .debug_line    0x00000000000008e0       0x51 ../1b_p3_bsp\libhal_bsp.a(alt_errno.o)
 .debug_line    0x0000000000000931       0x64 ../1b_p3_bsp\libhal_bsp.a(alt_exit.o)
 .debug_line    0x0000000000000995       0x4e ../1b_p3_bsp\libhal_bsp.a(alt_icache_flush_all.o)
 .debug_line    0x00000000000009e3       0xf1 ../1b_p3_bsp\libhal_bsp.a(alt_iic.o)
 .debug_line    0x0000000000000ad4       0xd8 ../1b_p3_bsp\libhal_bsp.a(alt_iic_isr_register.o)
 .debug_line    0x0000000000000bac       0x6b ../1b_p3_bsp\libhal_bsp.a(alt_irq_entry.o)
 .debug_line    0x0000000000000c17       0xab ../1b_p3_bsp\libhal_bsp.a(alt_irq_handler.o)
 .debug_line    0x0000000000000cc2       0x50 ../1b_p3_bsp\libhal_bsp.a(alt_irq_vars.o)
 .debug_line    0x0000000000000d12      0x11e ../1b_p3_bsp\libhal_bsp.a(alt_tick.o)
 .debug_line    0x0000000000000e30       0x50 ../1b_p3_bsp\libhal_bsp.a(altera_nios2_gen2_irq.o)
 .debug_line    0x0000000000000e80       0xb3 ../1b_p3_bsp\libhal_bsp.a(alt_exception_entry.o)
 .debug_line    0x0000000000000f33       0xbf ../1b_p3_bsp\libhal_bsp.a(alt_instruction_exception_entry.o)
 .debug_line    0x0000000000000ff2       0x5f c:/intelfpga_lite/18.1/nios2eds/bin/gnu/h-x86_64-mingw32/bin/../lib/gcc/nios2-elf/5.3.0/../../../../../H-x86_64-mingw32/nios2-elf/lib/mno-hw-mul\libsmallc.a(lib_a-int_errno.o)

.debug_frame    0x0000000000000000      0x6dc
 *(.debug_frame)
 .debug_frame   0x0000000000000000       0x60 obj/default/1b_p3/main.o
 .debug_frame   0x0000000000000060       0xa8 obj/default/1b_p3/queue_wrapper.o
 .debug_frame   0x0000000000000108      0x190 obj/default/lib/mem_info.o
 .debug_frame   0x0000000000000298       0x60 obj/default/lib/queue.o
 .debug_frame   0x00000000000002f8       0x2c ../1b_p3_bsp\libhal_bsp.a(alt_load.o)
 .debug_frame   0x0000000000000324       0x28 ../1b_p3_bsp\libhal_bsp.a(alt_main.o)
 .debug_frame   0x000000000000034c       0x3c ../1b_p3_bsp\libhal_bsp.a(alt_sys_init.o)
 .debug_frame   0x0000000000000388      0x120 ../1b_p3_bsp\libhal_bsp.a(altera_avalon_fifo_util.o)
 .debug_frame   0x00000000000004a8       0x4c ../1b_p3_bsp\libhal_bsp.a(altera_avalon_timer_sc.o)
 .debug_frame   0x00000000000004f4       0x2c ../1b_p3_bsp\libhal_bsp.a(alt_close.o)
 .debug_frame   0x0000000000000520       0x20 ../1b_p3_bsp\libhal_bsp.a(alt_dcache_flush_all.o)
 .debug_frame   0x0000000000000540       0x20 ../1b_p3_bsp\libhal_bsp.a(alt_exit.o)
 .debug_frame   0x0000000000000560       0x20 ../1b_p3_bsp\libhal_bsp.a(alt_icache_flush_all.o)
 .debug_frame   0x0000000000000580       0x50 ../1b_p3_bsp\libhal_bsp.a(alt_iic.o)
 .debug_frame   0x00000000000005d0       0x38 ../1b_p3_bsp\libhal_bsp.a(alt_iic_isr_register.o)
 .debug_frame   0x0000000000000608       0x30 ../1b_p3_bsp\libhal_bsp.a(alt_irq_handler.o)
 .debug_frame   0x0000000000000638       0x54 ../1b_p3_bsp\libhal_bsp.a(alt_tick.o)
 .debug_frame   0x000000000000068c       0x20 ../1b_p3_bsp\libhal_bsp.a(altera_nios2_gen2_irq.o)
 .debug_frame   0x00000000000006ac       0x30 ../1b_p3_bsp\libhal_bsp.a(alt_instruction_exception_entry.o)

.debug_str      0x0000000000000000     0x1193
 *(.debug_str)
 .debug_str     0x0000000000000000       0xf2 obj/default/1b_p3/main.o
                                        0x130 (size before relaxing)
 .debug_str     0x00000000000000f2       0xb0 obj/default/1b_p3/queue_wrapper.o
                                        0x1a6 (size before relaxing)
 .debug_str     0x00000000000001a2       0xde obj/default/lib/mem_info.o
                                        0x1e0 (size before relaxing)
 .debug_str     0x0000000000000280       0x2c obj/default/lib/queue.o
                                        0x150 (size before relaxing)
 .debug_str     0x00000000000002ac      0x1b3 ../1b_p3_bsp\libhal_bsp.a(alt_load.o)
                                        0x23c (size before relaxing)
 .debug_str     0x000000000000045f       0x9b ../1b_p3_bsp\libhal_bsp.a(alt_main.o)
                                        0x1c8 (size before relaxing)
 .debug_str     0x00000000000004fa      0x103 ../1b_p3_bsp\libhal_bsp.a(alt_sys_init.o)
                                        0x27c (size before relaxing)
 .debug_str     0x00000000000005fd      0x298 ../1b_p3_bsp\libhal_bsp.a(altera_avalon_fifo_util.o)
                                        0x3e8 (size before relaxing)
 .debug_str     0x0000000000000895       0xba ../1b_p3_bsp\libhal_bsp.a(altera_avalon_timer_sc.o)
                                        0x268 (size before relaxing)
 .debug_str     0x000000000000094f       0x29 ../1b_p3_bsp\libhal_bsp.a(alt_close.o)
                                        0x191 (size before relaxing)
 .debug_str     0x0000000000000978       0x1f ../1b_p3_bsp\libhal_bsp.a(alt_dcache_flush_all.o)
                                        0x155 (size before relaxing)
 .debug_str     0x0000000000000997       0x14 ../1b_p3_bsp\libhal_bsp.a(alt_errno.o)
                                        0x145 (size before relaxing)
 .debug_str     0x00000000000009ab       0x2a ../1b_p3_bsp\libhal_bsp.a(alt_exit.o)
                                        0x151 (size before relaxing)
 .debug_str     0x00000000000009d5       0x1f ../1b_p3_bsp\libhal_bsp.a(alt_icache_flush_all.o)
                                        0x155 (size before relaxing)
 .debug_str     0x00000000000009f4       0xc4 ../1b_p3_bsp\libhal_bsp.a(alt_iic.o)
                                        0x253 (size before relaxing)
 .debug_str     0x0000000000000ab8       0x37 ../1b_p3_bsp\libhal_bsp.a(alt_iic_isr_register.o)
                                        0x20d (size before relaxing)
 .debug_str     0x0000000000000aef       0x3a ../1b_p3_bsp\libhal_bsp.a(alt_irq_handler.o)
                                        0x197 (size before relaxing)
 .debug_str     0x0000000000000b29       0x17 ../1b_p3_bsp\libhal_bsp.a(alt_irq_vars.o)
                                        0x13a (size before relaxing)
 .debug_str     0x0000000000000b40       0x74 ../1b_p3_bsp\libhal_bsp.a(alt_tick.o)
                                        0x252 (size before relaxing)
 .debug_str     0x0000000000000bb4       0x20 ../1b_p3_bsp\libhal_bsp.a(altera_nios2_gen2_irq.o)
                                        0x15c (size before relaxing)
 .debug_str     0x0000000000000bd4      0x48b ../1b_p3_bsp\libhal_bsp.a(alt_instruction_exception_entry.o)
                                        0x5a0 (size before relaxing)
 .debug_str     0x000000000000105f      0x134 c:/intelfpga_lite/18.1/nios2eds/bin/gnu/h-x86_64-mingw32/bin/../lib/gcc/nios2-elf/5.3.0/../../../../../H-x86_64-mingw32/nios2-elf/lib/mno-hw-mul\libsmallc.a(lib_a-int_errno.o)
                                        0x1d8 (size before relaxing)

.debug_loc      0x0000000000000000      0x836
 *(.debug_loc)
 .debug_loc     0x0000000000000000       0x1e ../1b_p3_bsp\libhal_bsp.a(alt_main.o)
 .debug_loc     0x000000000000001e       0x21 ../1b_p3_bsp\libhal_bsp.a(alt_sys_init.o)
 .debug_loc     0x000000000000003f      0x249 ../1b_p3_bsp\libhal_bsp.a(altera_avalon_fifo_util.o)
 .debug_loc     0x0000000000000288       0xec ../1b_p3_bsp\libhal_bsp.a(altera_avalon_timer_sc.o)
 .debug_loc     0x0000000000000374       0x2c ../1b_p3_bsp\libhal_bsp.a(alt_close.o)
 .debug_loc     0x00000000000003a0      0x170 ../1b_p3_bsp\libhal_bsp.a(alt_iic.o)
 .debug_loc     0x0000000000000510      0x193 ../1b_p3_bsp\libhal_bsp.a(alt_iic_isr_register.o)
 .debug_loc     0x00000000000006a3       0x51 ../1b_p3_bsp\libhal_bsp.a(alt_irq_handler.o)
 .debug_loc     0x00000000000006f4       0xdd ../1b_p3_bsp\libhal_bsp.a(alt_tick.o)
 .debug_loc     0x00000000000007d1       0x65 ../1b_p3_bsp\libhal_bsp.a(alt_instruction_exception_entry.o)

.debug_macinfo
 *(.debug_macinfo)

.debug_weaknames
 *(.debug_weaknames)

.debug_funcnames
 *(.debug_funcnames)

.debug_typenames
 *(.debug_typenames)

.debug_varnames
 *(.debug_varnames)

.debug_alt_sim_info
                0x0000000000000000       0x10
 *(.debug_alt_sim_info)
 .debug_alt_sim_info
                0x0000000000000000       0x10 ../1b_p3_bsp/obj/HAL/src/crt0.o
                0x000000000000bc00                __alt_data_end = 0xbc00
                0x000000000000bc00                PROVIDE (__alt_stack_pointer, __alt_data_end)
                [!provide]                        PROVIDE (__alt_stack_limit, __alt_stack_base)
                [!provide]                        PROVIDE (__alt_heap_start, end)
                [!provide]                        PROVIDE (__alt_heap_limit, 0xbc00)
OUTPUT(CPU_1b_p3_sub_cpu_0.elf elf32-littlenios2)

.debug_ranges   0x0000000000000000      0x120
 .debug_ranges  0x0000000000000000       0x20 ../1b_p3_bsp/obj/HAL/src/crt0.o
 .debug_ranges  0x0000000000000020       0x18 ../1b_p3_bsp\libhal_bsp.a(alt_load.o)
 .debug_ranges  0x0000000000000038       0x18 ../1b_p3_bsp\libhal_bsp.a(altera_avalon_timer_sc.o)
 .debug_ranges  0x0000000000000050       0x20 ../1b_p3_bsp\libhal_bsp.a(alt_close.o)
 .debug_ranges  0x0000000000000070       0x28 ../1b_p3_bsp\libhal_bsp.a(alt_irq_entry.o)
 .debug_ranges  0x0000000000000098       0x10 ../1b_p3_bsp\libhal_bsp.a(alt_irq_handler.o)
 .debug_ranges  0x00000000000000a8       0x30 ../1b_p3_bsp\libhal_bsp.a(alt_tick.o)
 .debug_ranges  0x00000000000000d8       0x30 ../1b_p3_bsp\libhal_bsp.a(alt_exception_entry.o)
 .debug_ranges  0x0000000000000108       0x18 ../1b_p3_bsp\libhal_bsp.a(alt_instruction_exception_entry.o)
