Archive member included to satisfy reference by file (symbol)

c:/intelfpga_lite/18.1/nios2eds/bin/gnu/h-x86_64-mingw32/bin/../lib/gcc/nios2-elf/5.3.0/mno-hw-mul\libgcc.a(lib2-mul.o)
                              obj/default/1c_p2/main.o (__mulsi3)
c:/intelfpga_lite/18.1/nios2eds/bin/gnu/h-x86_64-mingw32/bin/../lib/gcc/nios2-elf/5.3.0/../../../../../H-x86_64-mingw32/nios2-elf/lib/mno-hw-mul\libsmallc.a(lib_a-malloc.o)
                              obj/default/1c_p2/main.o (malloc)
c:/intelfpga_lite/18.1/nios2eds/bin/gnu/h-x86_64-mingw32/bin/../lib/gcc/nios2-elf/5.3.0/../../../../../H-x86_64-mingw32/nios2-elf/lib/mno-hw-mul\libsmallc.a(lib_a-nano-freer.o)
                              c:/intelfpga_lite/18.1/nios2eds/bin/gnu/h-x86_64-mingw32/bin/../lib/gcc/nios2-elf/5.3.0/../../../../../H-x86_64-mingw32/nios2-elf/lib/mno-hw-mul\libsmallc.a(lib_a-malloc.o) (_free_r)
c:/intelfpga_lite/18.1/nios2eds/bin/gnu/h-x86_64-mingw32/bin/../lib/gcc/nios2-elf/5.3.0/../../../../../H-x86_64-mingw32/nios2-elf/lib/mno-hw-mul\libsmallc.a(lib_a-nano-mallocr.o)
                              c:/intelfpga_lite/18.1/nios2eds/bin/gnu/h-x86_64-mingw32/bin/../lib/gcc/nios2-elf/5.3.0/../../../../../H-x86_64-mingw32/nios2-elf/lib/mno-hw-mul\libsmallc.a(lib_a-malloc.o) (_malloc_r)
c:/intelfpga_lite/18.1/nios2eds/bin/gnu/h-x86_64-mingw32/bin/../lib/gcc/nios2-elf/5.3.0/../../../../../H-x86_64-mingw32/nios2-elf/lib/mno-hw-mul\libsmallc.a(lib_a-sbrkr.o)
                              c:/intelfpga_lite/18.1/nios2eds/bin/gnu/h-x86_64-mingw32/bin/../lib/gcc/nios2-elf/5.3.0/../../../../../H-x86_64-mingw32/nios2-elf/lib/mno-hw-mul\libsmallc.a(lib_a-nano-mallocr.o) (_sbrk_r)
c:/intelfpga_lite/18.1/nios2eds/bin/gnu/h-x86_64-mingw32/bin/../lib/gcc/nios2-elf/5.3.0/../../../../../H-x86_64-mingw32/nios2-elf/lib/mno-hw-mul\libsmallc.a(lib_a-impure.o)
                              c:/intelfpga_lite/18.1/nios2eds/bin/gnu/h-x86_64-mingw32/bin/../lib/gcc/nios2-elf/5.3.0/../../../../../H-x86_64-mingw32/nios2-elf/lib/mno-hw-mul\libsmallc.a(lib_a-malloc.o) (_impure_ptr)
c:/intelfpga_lite/18.1/nios2eds/bin/gnu/h-x86_64-mingw32/bin/../lib/gcc/nios2-elf/5.3.0/../../../../../H-x86_64-mingw32/nios2-elf/lib/mno-hw-mul\libsmallc.a(lib_a-int_errno.o)
                              c:/intelfpga_lite/18.1/nios2eds/bin/gnu/h-x86_64-mingw32/bin/../lib/gcc/nios2-elf/5.3.0/../../../../../H-x86_64-mingw32/nios2-elf/lib/mno-hw-mul\libsmallc.a(lib_a-sbrkr.o) (errno)
../1c_p2_bsp\libhal_bsp.a(alt_load.o)
                              ../1c_p2_bsp/obj/HAL/src/crt0.o (alt_load)
../1c_p2_bsp\libhal_bsp.a(alt_main.o)
                              ../1c_p2_bsp/obj/HAL/src/crt0.o (alt_main)
../1c_p2_bsp\libhal_bsp.a(alt_sbrk.o)
                              c:/intelfpga_lite/18.1/nios2eds/bin/gnu/h-x86_64-mingw32/bin/../lib/gcc/nios2-elf/5.3.0/../../../../../H-x86_64-mingw32/nios2-elf/lib/mno-hw-mul\libsmallc.a(lib_a-sbrkr.o) (sbrk)
../1c_p2_bsp\libhal_bsp.a(alt_sys_init.o)
                              ../1c_p2_bsp\libhal_bsp.a(alt_main.o) (alt_irq_init)
../1c_p2_bsp\libhal_bsp.a(altera_avalon_fifo_util.o)
                              obj/default/lib/queue.o (altera_avalon_fifo_read_status)
../1c_p2_bsp\libhal_bsp.a(altera_avalon_jtag_uart_fd.o)
                              ../1c_p2_bsp\libhal_bsp.a(alt_sys_init.o) (altera_avalon_jtag_uart_read_fd)
../1c_p2_bsp\libhal_bsp.a(altera_avalon_jtag_uart_read.o)
                              ../1c_p2_bsp\libhal_bsp.a(altera_avalon_jtag_uart_fd.o) (altera_avalon_jtag_uart_read)
../1c_p2_bsp\libhal_bsp.a(altera_avalon_jtag_uart_write.o)
                              ../1c_p2_bsp\libhal_bsp.a(altera_avalon_jtag_uart_fd.o) (altera_avalon_jtag_uart_write)
../1c_p2_bsp\libhal_bsp.a(altera_avalon_timer_sc.o)
                              ../1c_p2_bsp\libhal_bsp.a(alt_sys_init.o) (alt_avalon_timer_sc_init)
../1c_p2_bsp\libhal_bsp.a(alt_close.o)
                              ../1c_p2_bsp\libhal_bsp.a(alt_main.o) (close)
../1c_p2_bsp\libhal_bsp.a(alt_dcache_flush_all.o)
                              ../1c_p2_bsp\libhal_bsp.a(alt_load.o) (alt_dcache_flush_all)
../1c_p2_bsp\libhal_bsp.a(alt_dev.o)
                              ../1c_p2_bsp\libhal_bsp.a(alt_sys_init.o) (alt_dev_list)
../1c_p2_bsp\libhal_bsp.a(alt_dev_llist_insert.o)
                              ../1c_p2_bsp\libhal_bsp.a(alt_sys_init.o) (alt_dev_llist_insert)
../1c_p2_bsp\libhal_bsp.a(alt_do_ctors.o)
                              ../1c_p2_bsp\libhal_bsp.a(alt_main.o) (_do_ctors)
../1c_p2_bsp\libhal_bsp.a(alt_do_dtors.o)
                              ../1c_p2_bsp\libhal_bsp.a(alt_main.o) (_do_dtors)
../1c_p2_bsp\libhal_bsp.a(alt_errno.o)
                              ../1c_p2_bsp\libhal_bsp.a(alt_close.o) (alt_errno)
../1c_p2_bsp\libhal_bsp.a(alt_icache_flush_all.o)
                              ../1c_p2_bsp\libhal_bsp.a(alt_load.o) (alt_icache_flush_all)
../1c_p2_bsp\libhal_bsp.a(alt_iic.o)
[...]
Memory Configuration

Name             Origin             Length             Attributes
reset            0x0000000000008000 0x0000000000000020
CPU_1c_p2_oc_ram_0 0x0000000000008020 0x0000000000004fe0
*default*        0x0000000000000000 0xffffffffffffffff

Linker script and memory map

LOAD ../1c_p2_bsp/obj/HAL/src/crt0.o
LOAD obj/default/1c_p2/main.o
LOAD obj/default/1c_p2/queue_wrapper.o
LOAD obj/default/lib/mem_info.o
LOAD obj/default/lib/queue.o
LOAD c:/intelfpga_lite/18.1/nios2eds/bin/gnu/h-x86_64-mingw32/bin/../lib/gcc/nios2-elf/5.3.0/../../../../../H-x86_64-mingw32/nios2-elf/lib/mno-hw-mul\libstdc++.a
LOAD c:/intelfpga_lite/18.1/nios2eds/bin/gnu/h-x86_64-mingw32/bin/../lib/gcc/nios2-elf/5.3.0/../../../../../H-x86_64-mingw32/nios2-elf/lib/mno-hw-mul\libm.a
LOAD c:/intelfpga_lite/18.1/nios2eds/bin/gnu/h-x86_64-mingw32/bin/../lib/gcc/nios2-elf/5.3.0/mno-hw-mul\libgcc.a
START GROUP
LOAD c:/intelfpga_lite/18.1/nios2eds/bin/gnu/h-x86_64-mingw32/bin/../lib/gcc/nios2-elf/5.3.0/../../../../../H-x86_64-mingw32/nios2-elf/lib/mno-hw-mul\libsmallc.a
LOAD c:/intelfpga_lite/18.1/nios2eds/bin/gnu/h-x86_64-mingw32/bin/../lib/gcc/nios2-elf/5.3.0/mno-hw-mul\libgcc.a
LOAD ../1c_p2_bsp\libhal_bsp.a
LOAD c:/intelfpga_lite/18.1/nios2eds/bin/gnu/h-x86_64-mingw32/bin/../lib/gcc/nios2-elf/5.3.0/../../../../../H-x86_64-mingw32/nios2-elf/lib/mno-hw-mul\libm.a
END GROUP
LOAD c:/intelfpga_lite/18.1/nios2eds/bin/gnu/h-x86_64-mingw32/bin/../lib/gcc/nios2-elf/5.3.0/mno-hw-mul\libgcc.a
                0x0000000000008000                __alt_mem_CPU_1c_p2_oc_ram_0 = 0x8000

.entry          0x0000000000008000       0x20
 *(.entry)
 .entry         0x0000000000008000       0x20 ../1c_p2_bsp/obj/HAL/src/crt0.o
                0x0000000000008000                __reset

.exceptions     0x0000000000008020      0x210
                0x0000000000008020                PROVIDE (__ram_exceptions_start, ABSOLUTE (.))
                0x0000000000008020                . = ALIGN (0x20)
 *(.irq)
 *(.exceptions.entry.label)
 .exceptions.entry.label
                0x0000000000008020        0x0 ../1c_p2_bsp\libhal_bsp.a(alt_irq_entry.o)
                0x0000000000008020                alt_irq_entry
 .exceptions.entry.label
                0x0000000000008020        0x0 ../1c_p2_bsp\libhal_bsp.a(alt_exception_entry.o)
                0x0000000000008020                alt_exception
 *(.exceptions.entry.user)
 *(.exceptions.entry.ecc_fatal)
 *(.exceptions.entry)
 .exceptions.entry
                0x0000000000008020       0x54 ../1c_p2_bsp\libhal_bsp.a(alt_exception_entry.o)
 *(.exceptions.irqtest.user)
 *(.exceptions.irqtest)
 .exceptions.irqtest
                0x0000000000008074       0x10 ../1c_p2_bsp\libhal_bsp.a(alt_irq_entry.o)
 *(.exceptions.irqhandler.user)
 *(.exceptions.irqhandler)
 .exceptions.irqhandler
                0x0000000000008084        0x4 ../1c_p2_bsp\libhal_bsp.a(alt_irq_entry.o)
 *(.exceptions.irqreturn.user)
 *(.exceptions.irqreturn)
 .exceptions.irqreturn
                0x0000000000008088        0x4 ../1c_p2_bsp\libhal_bsp.a(alt_irq_entry.o)
 *(.exceptions.notirq.label)
 .exceptions.notirq.label
                0x000000000000808c        0x0 ../1c_p2_bsp\libhal_bsp.a(alt_irq_entry.o)
 *(.exceptions.notirq.user)
 *(.exceptions.notirq)
 .exceptions.notirq
                0x000000000000808c        0x8 ../1c_p2_bsp\libhal_bsp.a(alt_exception_entry.o)
 *(.exceptions.soft.user)
 *(.exceptions.soft)
 *(.exceptions.unknown.user)
 *(.exceptions.unknown)
 .exceptions.unknown
                0x0000000000008094       0x14 ../1c_p2_bsp\libhal_bsp.a(alt_exception_entry.o)
 *(.exceptions.exit.label)
 .exceptions.exit.label
                0x00000000000080a8        0x0 ../1c_p2_bsp\libhal_bsp.a(alt_irq_entry.o)
 .exceptions.exit.label
                0x00000000000080a8        0x0 ../1c_p2_bsp\libhal_bsp.a(alt_exception_entry.o)
 *(.exceptions.exit.user)
 *(.exceptions.exit)
 .exceptions.exit
                0x00000000000080a8       0x54 ../1c_p2_bsp\libhal_bsp.a(alt_exception_entry.o)
 *(.exceptions)
 .exceptions    0x00000000000080fc       0xd4 ../1c_p2_bsp\libhal_bsp.a(alt_irq_handler.o)
                0x00000000000080fc                alt_irq_handler
 .exceptions    0x00000000000081d0       0x60 ../1c_p2_bsp\libhal_bsp.a(alt_instruction_exception_entry.o)
                0x00000000000081d0                alt_instruction_exception_entry
                0x0000000000008230                PROVIDE (__ram_exceptions_end, ABSOLUTE (.))
                0x0000000000008020                PROVIDE (__flash_exceptions_start, LOADADDR (.exceptions))

.text           0x0000000000008230     0x2ff8
                [!provide]                        PROVIDE (stext, ABSOLUTE (.))
 *(.interp)
 *(.hash)
 *(.dynsym)
 *(.dynstr)
 *(.gnu.version)
 *(.gnu.version_d)
 *(.gnu.version_r)
 *(.rel.init)
 *(.rela.init)
 *(.rel.text .rel.text.* .rel.gnu.linkonce.t.*)
 *(.rela.text .rela.text.* .rela.gnu.linkonce.t.*)
 *(.rel.fini)
 *(.rela.fini)
 *(.rel.rodata .rel.rodata.* .rel.gnu.linkonce.r.*)
 *(.rela.rodata .rela.rodata.* .rela.gnu.linkonce.r.*)
 *(.rel.data .rel.data.* .rel.gnu.linkonce.d.*)
 *(.rela.data .rela.data.* .rela.gnu.linkonce.d.*)
 *(.rel.tdata .rel.tdata.* .rel.gnu.linkonce.td.*)
 *(.rela.tdata .rela.tdata.* .rela.gnu.linkonce.td.*)
 *(.rel.tbss .rel.tbss.* .rel.gnu.linkonce.tb.*)
 *(.rela.tbss .rela.tbss.* .rela.gnu.linkonce.tb.*)
 *(.rel.ctors)
 *(.rela.ctors)
 *(.rel.dtors)
 *(.rela.dtors)
 *(.rel.got)
 *(.rela.got)
 *(.rel.sdata .rel.sdata.* .rel.gnu.linkonce.s.*)
 *(.rela.sdata .rela.sdata.* .rela.gnu.linkonce.s.*)
 *(.rel.sbss .rel.sbss.* .rel.gnu.linkonce.sb.*)
 *(.rela.sbss .rela.sbss.* .rela.gnu.linkonce.sb.*)
 *(.rel.sdata2 .rel.sdata2.* .rel.gnu.linkonce.s2.*)
 *(.rela.sdata2 .rela.sdata2.* .rela.gnu.linkonce.s2.*)
 *(.rel.sbss2 .rel.sbss2.* .rel.gnu.linkonce.sb2.*)
 *(.rela.sbss2 .rela.sbss2.* .rela.gnu.linkonce.sb2.*)
 *(.rel.bss .rel.bss.* .rel.gnu.linkonce.b.*)
 *(.rela.bss .rela.bss.* .rela.gnu.linkonce.b.*)
 *(.rel.plt)
 *(.rela.plt)
 *(.rel.dyn)
 *(.init)
 *(.plt)
 *(.text .stub .text.* .gnu.linkonce.t.*)
 .text          0x0000000000008230       0x3c ../1c_p2_bsp/obj/HAL/src/crt0.o
                0x0000000000008230                _start
 .text          0x000000000000826c      0xad4 obj/default/1c_p2/main.o
                0x000000000000826c                DCT
                0x0000000000008cdc                main
 .text          0x0000000000008d40       0xc4 obj/default/1c_p2/queue_wrapper.o
                0x0000000000008d40                init_queues
                0x0000000000008d60                close_queues
                0x0000000000008d80                RECV
                0x0000000000008dbc                SEND
 .text          0x0000000000008e04      0x2dc obj/default/lib/mem_info.o
                0x0000000000008e04                setProgStatus
                0x0000000000008e34                getProgStatus
                0x0000000000008e58                setFileName
                0x0000000000008ee4                setMemInfo
                0x0000000000008f64                getFileName
                0x0000000000008fa0                getIterCount
                0x0000000000008fe0                getWidth
                0x0000000000009020                getHeight
                0x0000000000009060                getQualityFactor
                0x00000000000090a0                getImageFormat
 .text          0x00000000000090e0       0xd8 obj/default/lib/queue.o
                0x00000000000090e0                enqueueINT32
                0x0000000000009150                dequeueINT32
 .text          0x00000000000091b8       0x28 c:/intelfpga_lite/18.1/nios2eds/bin/gnu/h-x86_64-mingw32/bin/../lib/gcc/nios2-elf/5.3.0/mno-hw-mul\libgcc.a(lib2-mul.o)
                0x00000000000091b8                __mulsi3
 .text          0x00000000000091e0        0x0 c:/intelfpga_lite/18.1/nios2eds/bin/gnu/h-x86_64-mingw32/bin/../lib/gcc/nios2-elf/5.3.0/../../../../../H-x86_64-mingw32/nios2-elf/lib/mno-hw-mul\libsmallc.a(lib_a-malloc.o)
 .text.malloc   0x00000000000091e0       0x14 c:/intelfpga_lite/18.1/nios2eds/bin/gnu/h-x86_64-mingw32/bin/../lib/gcc/nios2-elf/5.3.0/../../../../../H-x86_64-mingw32/nios2-elf/lib/mno-hw-mul\libsmallc.a(lib_a-malloc.o)
                0x00000000000091e0                malloc
 .text.free     0x00000000000091f4       0x14 c:/intelfpga_lite/18.1/nios2eds/bin/gnu/h-x86_64-mingw32/bin/../lib/gcc/nios2-elf/5.3.0/../../../../../H-x86_64-mingw32/nios2-elf/lib/mno-hw-mul\libsmallc.a(lib_a-malloc.o)
                0x00000000000091f4                free
 .text          0x0000000000009208        0x0 c:/intelfpga_lite/18.1/nios2eds/bin/gnu/h-x86_64-mingw32/bin/../lib/gcc/nios2-elf/5.3.0/../../../../../H-x86_64-mingw32/nios2-elf/lib/mno-hw-mul\libsmallc.a(lib_a-nano-freer.o)
 .text._free_r  0x0000000000009208       0xe4 c:/intelfpga_lite/18.1/nios2eds/bin/gnu/h-x86_64-mingw32/bin/../lib/gcc/nios2-elf/5.3.0/../../../../../H-x86_64-mingw32/nios2-elf/lib/mno-hw-mul\libsmallc.a(lib_a-nano-freer.o)
                0x0000000000009208                _free_r
 .text          0x00000000000092ec        0x0 c:/intelfpga_lite/18.1/nios2eds/bin/gnu/h-x86_64-mingw32/bin/../lib/gcc/nios2-elf/5.3.0/../../../../../H-x86_64-mingw32/nios2-elf/lib/mno-hw-mul\libsmallc.a(lib_a-nano-mallocr.o)
 .text._malloc_r
                0x00000000000092ec      0x158 c:/intelfpga_lite/18.1/nios2eds/bin/gnu/h-x86_64-mingw32/bin/../lib/gcc/nios2-elf/5.3.0/../../../../../H-x86_64-mingw32/nios2-elf/lib/mno-hw-mul\libsmallc.a(lib_a-nano-mallocr.o)
                0x00000000000092ec                _malloc_r
 .text          0x0000000000009444        0x0 c:/intelfpga_lite/18.1/nios2eds/bin/gnu/h-x86_64-mingw32/bin/../lib/gcc/nios2-elf/5.3.0/../../../../../H-x86_64-mingw32/nios2-elf/lib/mno-hw-mul\libsmallc.a(lib_a-sbrkr.o)
 .text._sbrk_r  0x0000000000009444       0x50 c:/intelfpga_lite/18.1/nios2eds/bin/gnu/h-x86_64-mingw32/bin/../lib/gcc/nios2-elf/5.3.0/../../../../../H-x86_64-mingw32/nios2-elf/lib/mno-hw-mul\libsmallc.a(lib_a-sbrkr.o)
                0x0000000000009444                _sbrk_r
 .text          0x0000000000009494        0x0 c:/intelfpga_lite/18.1/nios2eds/bin/gnu/h-x86_64-mingw32/bin/../lib/gcc/nios2-elf/5.3.0/../../../../../H-x86_64-mingw32/nios2-elf/lib/mno-hw-mul\libsmallc.a(lib_a-impure.o)
 .text          0x0000000000009494        0x0 c:/intelfpga_lite/18.1/nios2eds/bin/gnu/h-x86_64-mingw32/bin/../lib/gcc/nios2-elf/5.3.0/../../../../../H-x86_64-mingw32/nios2-elf/lib/mno-hw-mul\libsmallc.a(lib_a-int_errno.o)
 .text          0x0000000000009494       0xec ../1c_p2_bsp\libhal_bsp.a(alt_load.o)
                0x00000000000094fc                alt_load
 .text          0x0000000000009580       0x7c ../1c_p2_bsp\libhal_bsp.a(alt_main.o)
                0x0000000000009580                alt_main
 .text          0x00000000000095fc       0xb0 ../1c_p2_bsp\libhal_bsp.a(alt_sbrk.o)
                0x00000000000095fc                sbrk
 .text          0x00000000000096ac       0xc0 ../1c_p2_bsp\libhal_bsp.a(alt_sys_init.o)
                0x00000000000096e0                alt_irq_init
                0x0000000000009718                alt_sys_init
 .text          0x000000000000976c      0x504 ../1c_p2_bsp\libhal_bsp.a(altera_avalon_fifo_util.o)
                0x000000000000976c                altera_avalon_fifo_init
                0x0000000000009804                altera_avalon_fifo_read_status
                0x0000000000009840                altera_avalon_fifo_read_ienable
                0x000000000000987c                altera_avalon_fifo_read_almostfull
                0x00000000000098a8                altera_avalon_fifo_read_almostempty
                0x00000000000098d4                altera_avalon_fifo_read_event
                0x0000000000009910                altera_avalon_fifo_read_level
                0x0000000000009938                altera_avalon_fifo_clear_event
                0x0000000000009998                altera_avalon_fifo_write_ienable
                0x00000000000099f4                altera_avalon_fifo_write_almostfull
                0x0000000000009a50                altera_avalon_fifo_write_almostempty
                0x0000000000009aac                altera_avalon_fifo_write_fifo
                0x0000000000009b04                altera_avalon_read_fifo
                0x0000000000009b70                altera_avalon_fifo_read_fifo
                0x0000000000009bbc                altera_avalon_fifo_write_other_info
                0x0000000000009c1c                altera_avalon_fifo_read_other_info
                0x0000000000009c48                altera_avalon_fifo_read_backpressure
 .text          0x0000000000009c70       0xc0 ../1c_p2_bsp\libhal_bsp.a(altera_avalon_jtag_uart_fd.o)
                0x0000000000009c70                altera_avalon_jtag_uart_read_fd
                0x0000000000009cd0                altera_avalon_jtag_uart_write_fd
 .text          0x0000000000009d30       0xec ../1c_p2_bsp\libhal_bsp.a(altera_avalon_jtag_uart_read.o)
                0x0000000000009d30                altera_avalon_jtag_uart_read
 .text          0x0000000000009e1c       0x94 ../1c_p2_bsp\libhal_bsp.a(altera_avalon_jtag_uart_write.o)
                0x0000000000009e1c                altera_avalon_jtag_uart_write
 .text          0x0000000000009eb0       0xf4 ../1c_p2_bsp\libhal_bsp.a(altera_avalon_timer_sc.o)
                0x0000000000009f28                alt_avalon_timer_sc_init
 .text          0x0000000000009fa4      0x114 ../1c_p2_bsp\libhal_bsp.a(alt_close.o)
                0x0000000000009fe0                close
 .text          0x000000000000a0b8       0x20 ../1c_p2_bsp\libhal_bsp.a(alt_dcache_flush_all.o)
                0x000000000000a0b8                alt_dcache_flush_all
 .text          0x000000000000a0d8       0x2c ../1c_p2_bsp\libhal_bsp.a(alt_dev.o)
 .text          0x000000000000a104       0xe0 ../1c_p2_bsp\libhal_bsp.a(alt_dev_llist_insert.o)
                0x000000000000a140                alt_dev_llist_insert
 .text          0x000000000000a1e4       0x60 ../1c_p2_bsp\libhal_bsp.a(alt_do_ctors.o)
                0x000000000000a1e4                _do_ctors
 .text          0x000000000000a244       0x60 ../1c_p2_bsp\libhal_bsp.a(alt_do_dtors.o)
                0x000000000000a244                _do_dtors
 .text          0x000000000000a2a4        0x0 ../1c_p2_bsp\libhal_bsp.a(alt_errno.o)
 .text          0x000000000000a2a4       0x20 ../1c_p2_bsp\libhal_bsp.a(alt_icache_flush_all.o)
                0x000000000000a2a4                alt_icache_flush_all
 .text          0x000000000000a2c4      0x1b0 ../1c_p2_bsp\libhal_bsp.a(alt_iic.o)
                0x000000000000a2c4                alt_ic_isr_register
                0x000000000000a314                alt_ic_irq_enable
                0x000000000000a39c                alt_ic_irq_disable
                0x000000000000a428                alt_ic_irq_enabled
 .text          0x000000000000a474       0xf0 ../1c_p2_bsp\libhal_bsp.a(alt_iic_isr_register.o)
                0x000000000000a474                alt_iic_isr_register
 .text          0x000000000000a564      0x160 ../1c_p2_bsp\libhal_bsp.a(alt_io_redirect.o)
                0x000000000000a648                alt_io_redirect
 .text          0x000000000000a6c4        0x0 ../1c_p2_bsp\libhal_bsp.a(alt_irq_entry.o)
 .text          0x000000000000a6c4        0x0 ../1c_p2_bsp\libhal_bsp.a(alt_irq_handler.o)
 .text          0x000000000000a6c4        0x0 ../1c_p2_bsp\libhal_bsp.a(alt_irq_vars.o)
 .text          0x000000000000a6c4      0x284 ../1c_p2_bsp\libhal_bsp.a(alt_open.o)
                0x000000000000a7ec                open
 .text          0x000000000000a948       0x84 ../1c_p2_bsp\libhal_bsp.a(alt_release_fd.o)
                0x000000000000a948                alt_release_fd
 .text          0x000000000000a9cc      0x1a4 ../1c_p2_bsp\libhal_bsp.a(alt_tick.o)
                0x000000000000a9cc                alt_alarm_stop
                0x000000000000aa68                alt_tick
 .text          0x000000000000ab70       0x24 ../1c_p2_bsp\libhal_bsp.a(altera_nios2_gen2_irq.o)
                0x000000000000ab70                altera_nios2_gen2_irq_init
 .text          0x000000000000ab94        0x0 ../1c_p2_bsp\libhal_bsp.a(alt_exception_entry.o)
 .text          0x000000000000ab94       0x90 ../1c_p2_bsp\libhal_bsp.a(alt_find_dev.o)
                0x000000000000ab94                alt_find_dev
 .text          0x000000000000ac24      0x108 ../1c_p2_bsp\libhal_bsp.a(alt_find_file.o)
                0x000000000000ac24                alt_find_file
 .text          0x000000000000ad2c       0xc4 ../1c_p2_bsp\libhal_bsp.a(alt_get_fd.o)
                0x000000000000ad2c                alt_get_fd
 .text          0x000000000000adf0       0x9c ../1c_p2_bsp\libhal_bsp.a(alt_instruction_exception_entry.o)
                0x000000000000adf0                alt_exception_cause_generated_bad_addr
 .text          0x000000000000ae8c        0x0 c:/intelfpga_lite/18.1/nios2eds/bin/gnu/h-x86_64-mingw32/bin/../lib/gcc/nios2-elf/5.3.0/../../../../../H-x86_64-mingw32/nios2-elf/lib/mno-hw-mul\libsmallc.a(lib_a-atexit.o)
 .text.atexit   0x000000000000ae8c       0x14 c:/intelfpga_lite/18.1/nios2eds/bin/gnu/h-x86_64-mingw32/bin/../lib/gcc/nios2-elf/5.3.0/../../../../../H-x86_64-mingw32/nios2-elf/lib/mno-hw-mul\libsmallc.a(lib_a-atexit.o)
                0x000000000000ae8c                atexit
 .text          0x000000000000aea0        0x0 c:/intelfpga_lite/18.1/nios2eds/bin/gnu/h-x86_64-mingw32/bin/../lib/gcc/nios2-elf/5.3.0/../../../../../H-x86_64-mingw32/nios2-elf/lib/mno-hw-mul\libsmallc.a(lib_a-exit.o)
 .text.exit     0x000000000000aea0       0x20 c:/intelfpga_lite/18.1/nios2eds/bin/gnu/h-x86_64-mingw32/bin/../lib/gcc/nios2-elf/5.3.0/../../../../../H-x86_64-mingw32/nios2-elf/lib/mno-hw-mul\libsmallc.a(lib_a-exit.o)
                0x000000000000aea0                exit
 .text          0x000000000000aec0        0x0 c:/intelfpga_lite/18.1/nios2eds/bin/gnu/h-x86_64-mingw32/bin/../lib/gcc/nios2-elf/5.3.0/../../../../../H-x86_64-mingw32/nios2-elf/lib/mno-hw-mul\libsmallc.a(lib_a-memcmp.o)
 .text.memcmp   0x000000000000aec0       0x30 c:/intelfpga_lite/18.1/nios2eds/bin/gnu/h-x86_64-mingw32/bin/../lib/gcc/nios2-elf/5.3.0/../../../../../H-x86_64-mingw32/nios2-elf/lib/mno-hw-mul\libsmallc.a(lib_a-memcmp.o)
                0x000000000000aec0                memcmp
 .text          0x000000000000aef0        0x0 c:/intelfpga_lite/18.1/nios2eds/bin/gnu/h-x86_64-mingw32/bin/../lib/gcc/nios2-elf/5.3.0/../../../../../H-x86_64-mingw32/nios2-elf/lib/mno-hw-mul\libsmallc.a(lib_a-strlen.o)
 .text.strlen   0x000000000000aef0       0x1c c:/intelfpga_lite/18.1/nios2eds/bin/gnu/h-x86_64-mingw32/bin/../lib/gcc/nios2-elf/5.3.0/../../../../../H-x86_64-mingw32/nios2-elf/lib/mno-hw-mul\libsmallc.a(lib_a-strlen.o)
                0x000000000000aef0                strlen
 .text          0x000000000000af0c        0x0 c:/intelfpga_lite/18.1/nios2eds/bin/gnu/h-x86_64-mingw32/bin/../lib/gcc/nios2-elf/5.3.0/../../../../../H-x86_64-mingw32/nios2-elf/lib/mno-hw-mul\libsmallc.a(lib_a-__atexit.o)
 .text.__register_exitproc
                0x000000000000af0c      0x158 c:/intelfpga_lite/18.1/nios2eds/bin/gnu/h-x86_64-mingw32/bin/../lib/gcc/nios2-elf/5.3.0/../../../../../H-x86_64-mingw32/nios2-elf/lib/mno-hw-mul\libsmallc.a(lib_a-__atexit.o)
                0x000000000000af0c                __register_exitproc
 .text          0x000000000000b064        0x0 c:/intelfpga_lite/18.1/nios2eds/bin/gnu/h-x86_64-mingw32/bin/../lib/gcc/nios2-elf/5.3.0/../../../../../H-x86_64-mingw32/nios2-elf/lib/mno-hw-mul\libsmallc.a(lib_a-__call_atexit.o)
 .text.__call_exitprocs
                0x000000000000b064      0x190 c:/intelfpga_lite/18.1/nios2eds/bin/gnu/h-x86_64-mingw32/bin/../lib/gcc/nios2-elf/5.3.0/../../../../../H-x86_64-mingw32/nios2-elf/lib/mno-hw-mul\libsmallc.a(lib_a-__call_atexit.o)
                0x000000000000b064                __call_exitprocs
 .text          0x000000000000b1f4       0x34 ../1c_p2_bsp\libhal_bsp.a(alt_exit.o)
                0x000000000000b1f4                _exit
 *(.gnu.warning.*)
 *(.fini)
                [!provide]                        PROVIDE (__etext, ABSOLUTE (.))
                [!provide]                        PROVIDE (_etext, ABSOLUTE (.))
                [!provide]                        PROVIDE (etext, ABSOLUTE (.))
 *(.eh_frame_hdr)
                0x000000000000b228                . = ALIGN (0x4)
                [!provide]                        PROVIDE (__preinit_array_start, ABSOLUTE (.))
 *(.preinit_array)
                [!provide]                        PROVIDE (__preinit_array_end, ABSOLUTE (.))
                [!provide]                        PROVIDE (__init_array_start, ABSOLUTE (.))
 *(.init_array)
                [!provide]                        PROVIDE (__init_array_end, ABSOLUTE (.))
                [!provide]                        PROVIDE (__fini_array_start, ABSOLUTE (.))
 *(.fini_array)
                [!provide]                        PROVIDE (__fini_array_end, ABSOLUTE (.))
 *(.eh_frame)
 *(.gcc_except_table .gcc_except_table.*)
 *(.dynamic)
                0x000000000000b228                PROVIDE (__CTOR_LIST__, ABSOLUTE (.))
 *(.ctors)
 *(SORT(.ctors.*))
                0x000000000000b228                PROVIDE (__CTOR_END__, ABSOLUTE (.))
                0x000000000000b228                PROVIDE (__DTOR_LIST__, ABSOLUTE (.))
 *(.dtors)
 *(SORT(.dtors.*))
                0x000000000000b228                PROVIDE (__DTOR_END__, ABSOLUTE (.))
 *(.jcr)
                0x000000000000b228                . = ALIGN (0x4)

.rodata         0x000000000000b228       0x3c
                0x000000000000b228                PROVIDE (__ram_rodata_start, ABSOLUTE (.))
                0x000000000000b228                . = ALIGN (0x4)
 *(.rodata .rodata.* .gnu.linkonce.r.*)
 .rodata        0x000000000000b228       0x16 ../1c_p2_bsp\libhal_bsp.a(alt_main.o)
 *fill*         0x000000000000b23e        0x2 
 .rodata        0x000000000000b240       0x16 ../1c_p2_bsp\libhal_bsp.a(alt_sys_init.o)
 *fill*         0x000000000000b256        0x2 
 .rodata        0x000000000000b258        0xa ../1c_p2_bsp\libhal_bsp.a(alt_dev.o)
 *(.rodata1)
                0x000000000000b264                . = ALIGN (0x4)
 *fill*         0x000000000000b262        0x2 
                0x000000000000b264                PROVIDE (__ram_rodata_end, ABSOLUTE (.))
                0x000000000000b228                PROVIDE (__flash_rodata_start, LOADADDR (.rodata))

.rwdata         0x000000000000b264      0x394 load address 0x000000000000b5f8
                0x000000000000b264                PROVIDE (__ram_rwdata_start, ABSOLUTE (.))
                0x000000000000b264                . = ALIGN (0x4)
 *(.got.plt)
 *(.got)
 *(.data1)
 *(.data .data.* .gnu.linkonce.d.*)
 .data          0x000000000000b264        0x0 ../1c_p2_bsp/obj/HAL/src/crt0.o
 .data          0x000000000000b264        0x0 obj/default/1c_p2/main.o
 .data          0x000000000000b264       0x9c obj/default/1c_p2/queue_wrapper.o
                0x000000000000b264                qa_p1
                0x000000000000b270                qa_p2
                0x000000000000b27c                qa_p3
                0x000000000000b288                qb_p1
                0x000000000000b294                qb_p2
                0x000000000000b2a0                qb_p3
                0x000000000000b2ac                qc_p1
                0x000000000000b2b8                qc_p2
                0x000000000000b2c4                qc_p3
                0x000000000000b2d0                qd_p1
                0x000000000000b2dc                qd_p2
                0x000000000000b2e8                qd_p3
                0x000000000000b2f4                qe
 .data          0x000000000000b300        0x0 obj/default/lib/mem_info.o
 .data          0x000000000000b300        0x0 obj/default/lib/queue.o
 .data          0x000000000000b300        0x0 c:/intelfpga_lite/18.1/nios2eds/bin/gnu/h-x86_64-mingw32/bin/../lib/gcc/nios2-elf/5.3.0/mno-hw-mul\libgcc.a(lib2-mul.o)
 .data          0x000000000000b300        0x0 c:/intelfpga_lite/18.1/nios2eds/bin/gnu/h-x86_64-mingw32/bin/../lib/gcc/nios2-elf/5.3.0/../../../../../H-x86_64-mingw32/nios2-elf/lib/mno-hw-mul\libsmallc.a(lib_a-malloc.o)
 .data          0x000000000000b300        0x0 c:/intelfpga_lite/18.1/nios2eds/bin/gnu/h-x86_64-mingw32/bin/../lib/gcc/nios2-elf/5.3.0/../../../../../H-x86_64-mingw32/nios2-elf/lib/mno-hw-mul\libsmallc.a(lib_a-nano-freer.o)
 .data          0x000000000000b300        0x0 c:/intelfpga_lite/18.1/nios2eds/bin/gnu/h-x86_64-mingw32/bin/../lib/gcc/nios2-elf/5.3.0/../../../../../H-x86_64-mingw32/nios2-elf/lib/mno-hw-mul\libsmallc.a(lib_a-nano-mallocr.o)
 .data          0x000000000000b300        0x0 c:/intelfpga_lite/18.1/nios2eds/bin/gnu/h-x86_64-mingw32/bin/../lib/gcc/nios2-elf/5.3.0/../../../../../H-x86_64-mingw32/nios2-elf/lib/mno-hw-mul\libsmallc.a(lib_a-sbrkr.o)
 .data          0x000000000000b300        0x0 c:/intelfpga_lite/18.1/nios2eds/bin/gnu/h-x86_64-mingw32/bin/../lib/gcc/nios2-elf/5.3.0/../../../../../H-x86_64-mingw32/nios2-elf/lib/mno-hw-mul\libsmallc.a(lib_a-impure.o)
 .data.impure_data
                0x000000000000b300       0xe0 c:/intelfpga_lite/18.1/nios2eds/bin/gnu/h-x86_64-mingw32/bin/../lib/gcc/nios2-elf/5.3.0/../../../../../H-x86_64-mingw32/nios2-elf/lib/mno-hw-mul\libsmallc.a(lib_a-impure.o)
 .data          0x000000000000b3e0        0x0 c:/intelfpga_lite/18.1/nios2eds/bin/gnu/h-x86_64-mingw32/bin/../lib/gcc/nios2-elf/5.3.0/../../../../../H-x86_64-mingw32/nios2-elf/lib/mno-hw-mul\libsmallc.a(lib_a-int_errno.o)
 .data          0x000000000000b3e0        0x0 ../1c_p2_bsp\libhal_bsp.a(alt_load.o)
 .data          0x000000000000b3e0        0x0 ../1c_p2_bsp\libhal_bsp.a(alt_main.o)
 .data          0x000000000000b3e0        0x0 ../1c_p2_bsp\libhal_bsp.a(alt_sbrk.o)
 .data          0x000000000000b3e0       0x2c ../1c_p2_bsp\libhal_bsp.a(alt_sys_init.o)
 .data          0x000000000000b40c        0x0 ../1c_p2_bsp\libhal_bsp.a(altera_avalon_fifo_util.o)
 .data          0x000000000000b40c        0x0 ../1c_p2_bsp\libhal_bsp.a(altera_avalon_jtag_uart_fd.o)
 .data          0x000000000000b40c        0x0 ../1c_p2_bsp\libhal_bsp.a(altera_avalon_jtag_uart_read.o)
 .data          0x000000000000b40c        0x0 ../1c_p2_bsp\libhal_bsp.a(altera_avalon_jtag_uart_write.o)
 .data          0x000000000000b40c        0x0 ../1c_p2_bsp\libhal_bsp.a(altera_avalon_timer_sc.o)
 .data          0x000000000000b40c        0x0 ../1c_p2_bsp\libhal_bsp.a(alt_close.o)
 .data          0x000000000000b40c        0x0 ../1c_p2_bsp\libhal_bsp.a(alt_dcache_flush_all.o)
 .data          0x000000000000b40c      0x1a8 ../1c_p2_bsp\libhal_bsp.a(alt_dev.o)
                0x000000000000b40c                alt_dev_null
                0x000000000000b434                alt_fd_list
 .data          0x000000000000b5b4        0x0 ../1c_p2_bsp\libhal_bsp.a(alt_dev_llist_insert.o)
 .data          0x000000000000b5b4        0x0 ../1c_p2_bsp\libhal_bsp.a(alt_do_ctors.o)
 .data          0x000000000000b5b4        0x0 ../1c_p2_bsp\libhal_bsp.a(alt_do_dtors.o)
 .data          0x000000000000b5b4        0x0 ../1c_p2_bsp\libhal_bsp.a(alt_errno.o)
 .data          0x000000000000b5b4        0x0 ../1c_p2_bsp\libhal_bsp.a(alt_icache_flush_all.o)
 .data          0x000000000000b5b4        0x0 ../1c_p2_bsp\libhal_bsp.a(alt_iic.o)
 .data          0x000000000000b5b4        0x0 ../1c_p2_bsp\libhal_bsp.a(alt_iic_isr_register.o)
 .data          0x000000000000b5b4        0x0 ../1c_p2_bsp\libhal_bsp.a(alt_io_redirect.o)
 .data          0x000000000000b5b4        0x0 ../1c_p2_bsp\libhal_bsp.a(alt_irq_entry.o)
 .data          0x000000000000b5b4        0x0 ../1c_p2_bsp\libhal_bsp.a(alt_irq_handler.o)
 .data          0x000000000000b5b4        0x0 ../1c_p2_bsp\libhal_bsp.a(alt_irq_vars.o)
 .data          0x000000000000b5b4        0x0 ../1c_p2_bsp\libhal_bsp.a(alt_open.o)
 .data          0x000000000000b5b4        0x0 ../1c_p2_bsp\libhal_bsp.a(alt_release_fd.o)
 .data          0x000000000000b5b4        0x0 ../1c_p2_bsp\libhal_bsp.a(alt_tick.o)
 .data          0x000000000000b5b4        0x0 ../1c_p2_bsp\libhal_bsp.a(altera_nios2_gen2_irq.o)
 .data          0x000000000000b5b4        0x0 ../1c_p2_bsp\libhal_bsp.a(alt_exception_entry.o)
 .data          0x000000000000b5b4        0x0 ../1c_p2_bsp\libhal_bsp.a(alt_find_dev.o)
 .data          0x000000000000b5b4        0x0 ../1c_p2_bsp\libhal_bsp.a(alt_find_file.o)
 .data          0x000000000000b5b4        0x0 ../1c_p2_bsp\libhal_bsp.a(alt_get_fd.o)
 .data          0x000000000000b5b4        0x0 ../1c_p2_bsp\libhal_bsp.a(alt_instruction_exception_entry.o)
 .data          0x000000000000b5b4        0x0 c:/intelfpga_lite/18.1/nios2eds/bin/gnu/h-x86_64-mingw32/bin/../lib/gcc/nios2-elf/5.3.0/../../../../../H-x86_64-mingw32/nios2-elf/lib/mno-hw-mul\libsmallc.a(lib_a-atexit.o)
 .data          0x000000000000b5b4        0x0 c:/intelfpga_lite/18.1/nios2eds/bin/gnu/h-x86_64-mingw32/bin/../lib/gcc/nios2-elf/5.3.0/../../../../../H-x86_64-mingw32/nios2-elf/lib/mno-hw-mul\libsmallc.a(lib_a-exit.o)
 .data          0x000000000000b5b4        0x0 c:/intelfpga_lite/18.1/nios2eds/bin/gnu/h-x86_64-mingw32/bin/../lib/gcc/nios2-elf/5.3.0/../../../../../H-x86_64-mingw32/nios2-elf/lib/mno-hw-mul\libsmallc.a(lib_a-memcmp.o)
 .data          0x000000000000b5b4        0x0 c:/intelfpga_lite/18.1/nios2eds/bin/gnu/h-x86_64-mingw32/bin/../lib/gcc/nios2-elf/5.3.0/../../../../../H-x86_64-mingw32/nios2-elf/lib/mno-hw-mul\libsmallc.a(lib_a-strlen.o)
 .data          0x000000000000b5b4        0x0 c:/intelfpga_lite/18.1/nios2eds/bin/gnu/h-x86_64-mingw32/bin/../lib/gcc/nios2-elf/5.3.0/../../../../../H-x86_64-mingw32/nios2-elf/lib/mno-hw-mul\libsmallc.a(lib_a-__atexit.o)
 .data          0x000000000000b5b4        0x0 c:/intelfpga_lite/18.1/nios2eds/bin/gnu/h-x86_64-mingw32/bin/../lib/gcc/nios2-elf/5.3.0/../../../../../H-x86_64-mingw32/nios2-elf/lib/mno-hw-mul\libsmallc.a(lib_a-__call_atexit.o)
 .data          0x000000000000b5b4        0x0 ../1c_p2_bsp\libhal_bsp.a(alt_exit.o)
                0x00000000000135b4                _gp = ABSOLUTE ((. + 0x8000))
                [!provide]                        PROVIDE (gp, _gp)
 *(.rwdata .rwdata.*)
 *(.sdata .sdata.* .gnu.linkonce.s.*)
 .sdata         0x000000000000b5b4       0x12 obj/default/1c_p2/main.o
 *fill*         0x000000000000b5c6        0x2 
 .sdata._global_impure_ptr
                0x000000000000b5c8        0x4 c:/intelfpga_lite/18.1/nios2eds/bin/gnu/h-x86_64-mingw32/bin/../lib/gcc/nios2-elf/5.3.0/../../../../../H-x86_64-mingw32/nios2-elf/lib/mno-hw-mul\libsmallc.a(lib_a-impure.o)
                0x000000000000b5c8                _global_impure_ptr
 .sdata._impure_ptr
                0x000000000000b5cc        0x4 c:/intelfpga_lite/18.1/nios2eds/bin/gnu/h-x86_64-mingw32/bin/../lib/gcc/nios2-elf/5.3.0/../../../../../H-x86_64-mingw32/nios2-elf/lib/mno-hw-mul\libsmallc.a(lib_a-impure.o)
                0x000000000000b5cc                _impure_ptr
 .sdata         0x000000000000b5d0        0x4 ../1c_p2_bsp\libhal_bsp.a(alt_sbrk.o)
 .sdata         0x000000000000b5d4       0x14 ../1c_p2_bsp\libhal_bsp.a(alt_dev.o)
                0x000000000000b5d4                alt_fs_list
                0x000000000000b5dc                alt_dev_list
                0x000000000000b5e4                alt_max_fd
 .sdata         0x000000000000b5e8        0x4 ../1c_p2_bsp\libhal_bsp.a(alt_errno.o)
                0x000000000000b5e8                alt_errno
 .sdata         0x000000000000b5ec        0x4 ../1c_p2_bsp\libhal_bsp.a(alt_irq_vars.o)
                0x000000000000b5ec                alt_priority_mask
 .sdata         0x000000000000b5f0        0x8 ../1c_p2_bsp\libhal_bsp.a(alt_tick.o)
                0x000000000000b5f0                alt_alarm_list
 *(.sdata2 .sdata2.* .gnu.linkonce.s2.*)
                0x000000000000b5f8                . = ALIGN (0x4)
                0x000000000000b5f8                _edata = ABSOLUTE (.)
                [!provide]                        PROVIDE (edata, ABSOLUTE (.))
                0x000000000000b5f8                PROVIDE (__ram_rwdata_end, ABSOLUTE (.))
                0x000000000000b5f8                PROVIDE (__flash_rwdata_start, LOADADDR (.rwdata))

.bss            0x000000000000b98c      0x12c
                0x000000000000b98c                __bss_start = ABSOLUTE (.)
                [!provide]                        PROVIDE (__sbss_start, ABSOLUTE (.))
                [!provide]                        PROVIDE (___sbss_start, ABSOLUTE (.))
 *(.dynsbss)
 *(.sbss .sbss.* .gnu.linkonce.sb.*)
 .sbss          0x000000000000b98c        0x4 obj/default/1c_p2/main.o
                0x000000000000b98c                data
 .sbss.__malloc_sbrk_start
                0x000000000000b990        0x4 c:/intelfpga_lite/18.1/nios2eds/bin/gnu/h-x86_64-mingw32/bin/../lib/gcc/nios2-elf/5.3.0/../../../../../H-x86_64-mingw32/nios2-elf/lib/mno-hw-mul\libsmallc.a(lib_a-nano-mallocr.o)
                0x000000000000b990                __malloc_sbrk_start
 .sbss.__malloc_free_list
                0x000000000000b994        0x4 c:/intelfpga_lite/18.1/nios2eds/bin/gnu/h-x86_64-mingw32/bin/../lib/gcc/nios2-elf/5.3.0/../../../../../H-x86_64-mingw32/nios2-elf/lib/mno-hw-mul\libsmallc.a(lib_a-nano-mallocr.o)
                0x000000000000b994                __malloc_free_list
 .sbss          0x000000000000b998        0x4 c:/intelfpga_lite/18.1/nios2eds/bin/gnu/h-x86_64-mingw32/bin/../lib/gcc/nios2-elf/5.3.0/../../../../../H-x86_64-mingw32/nios2-elf/lib/mno-hw-mul\libsmallc.a(lib_a-int_errno.o)
                0x000000000000b998                errno
 .sbss          0x000000000000b99c        0xc ../1c_p2_bsp\libhal_bsp.a(alt_main.o)
                0x000000000000b99c                alt_argc
                0x000000000000b9a0                alt_argv
                0x000000000000b9a4                alt_envp
 .sbss          0x000000000000b9a8        0x4 ../1c_p2_bsp\libhal_bsp.a(alt_irq_vars.o)
                0x000000000000b9a8                alt_irq_active
 .sbss          0x000000000000b9ac        0x8 ../1c_p2_bsp\libhal_bsp.a(alt_tick.o)
                0x000000000000b9ac                _alt_tick_rate
                0x000000000000b9b0                _alt_nticks
 .sbss          0x000000000000b9b4        0x4 ../1c_p2_bsp\libhal_bsp.a(alt_instruction_exception_entry.o)
                0x000000000000b9b4                alt_instruction_exception_handler
 *(.sbss2 .sbss2.* .gnu.linkonce.sb2.*)
 *(.scommon)
                [!provide]                        PROVIDE (__sbss_end, ABSOLUTE (.))
                [!provide]                        PROVIDE (___sbss_end, ABSOLUTE (.))
 *(.dynbss)
 *(.bss .bss.* .gnu.linkonce.b.*)
 .bss           0x000000000000b9b8        0x0 ../1c_p2_bsp/obj/HAL/src/crt0.o
 .bss           0x000000000000b9b8        0x0 obj/default/1c_p2/main.o
 .bss           0x000000000000b9b8        0x0 obj/default/1c_p2/queue_wrapper.o
 .bss           0x000000000000b9b8        0x0 obj/default/lib/mem_info.o
 .bss           0x000000000000b9b8        0x0 obj/default/lib/queue.o
 .bss           0x000000000000b9b8        0x0 c:/intelfpga_lite/18.1/nios2eds/bin/gnu/h-x86_64-mingw32/bin/../lib/gcc/nios2-elf/5.3.0/mno-hw-mul\libgcc.a(lib2-mul.o)
 .bss           0x000000000000b9b8        0x0 c:/intelfpga_lite/18.1/nios2eds/bin/gnu/h-x86_64-mingw32/bin/../lib/gcc/nios2-elf/5.3.0/../../../../../H-x86_64-mingw32/nios2-elf/lib/mno-hw-mul\libsmallc.a(lib_a-malloc.o)
 .bss           0x000000000000b9b8        0x0 c:/intelfpga_lite/18.1/nios2eds/bin/gnu/h-x86_64-mingw32/bin/../lib/gcc/nios2-elf/5.3.0/../../../../../H-x86_64-mingw32/nios2-elf/lib/mno-hw-mul\libsmallc.a(lib_a-nano-freer.o)
 .bss           0x000000000000b9b8        0x0 c:/intelfpga_lite/18.1/nios2eds/bin/gnu/h-x86_64-mingw32/bin/../lib/gcc/nios2-elf/5.3.0/../../../../../H-x86_64-mingw32/nios2-elf/lib/mno-hw-mul\libsmallc.a(lib_a-nano-mallocr.o)
 .bss           0x000000000000b9b8        0x0 c:/intelfpga_lite/18.1/nios2eds/bin/gnu/h-x86_64-mingw32/bin/../lib/gcc/nios2-elf/5.3.0/../../../../../H-x86_64-mingw32/nios2-elf/lib/mno-hw-mul\libsmallc.a(lib_a-sbrkr.o)
 .bss           0x000000000000b9b8        0x0 c:/intelfpga_lite/18.1/nios2eds/bin/gnu/h-x86_64-mingw32/bin/../lib/gcc/nios2-elf/5.3.0/../../../../../H-x86_64-mingw32/nios2-elf/lib/mno-hw-mul\libsmallc.a(lib_a-impure.o)
 .bss           0x000000000000b9b8        0x0 c:/intelfpga_lite/18.1/nios2eds/bin/gnu/h-x86_64-mingw32/bin/../lib/gcc/nios2-elf/5.3.0/../../../../../H-x86_64-mingw32/nios2-elf/lib/mno-hw-mul\libsmallc.a(lib_a-int_errno.o)
 .bss           0x000000000000b9b8        0x0 ../1c_p2_bsp\libhal_bsp.a(alt_load.o)
 .bss           0x000000000000b9b8        0x0 ../1c_p2_bsp\libhal_bsp.a(alt_main.o)
 .bss           0x000000000000b9b8        0x0 ../1c_p2_bsp\libhal_bsp.a(alt_sbrk.o)
 .bss           0x000000000000b9b8        0x0 ../1c_p2_bsp\libhal_bsp.a(alt_sys_init.o)
 .bss           0x000000000000b9b8        0x0 ../1c_p2_bsp\libhal_bsp.a(altera_avalon_fifo_util.o)
 .bss           0x000000000000b9b8        0x0 ../1c_p2_bsp\libhal_bsp.a(altera_avalon_jtag_uart_fd.o)
 .bss           0x000000000000b9b8        0x0 ../1c_p2_bsp\libhal_bsp.a(altera_avalon_jtag_uart_read.o)
 .bss           0x000000000000b9b8        0x0 ../1c_p2_bsp\libhal_bsp.a(altera_avalon_jtag_uart_write.o)
 .bss           0x000000000000b9b8        0x0 ../1c_p2_bsp\libhal_bsp.a(altera_avalon_timer_sc.o)
 .bss           0x000000000000b9b8        0x0 ../1c_p2_bsp\libhal_bsp.a(alt_close.o)
 .bss           0x000000000000b9b8        0x0 ../1c_p2_bsp\libhal_bsp.a(alt_dcache_flush_all.o)
 .bss           0x000000000000b9b8        0x0 ../1c_p2_bsp\libhal_bsp.a(alt_dev.o)
 .bss           0x000000000000b9b8        0x0 ../1c_p2_bsp\libhal_bsp.a(alt_dev_llist_insert.o)
 .bss           0x000000000000b9b8        0x0 ../1c_p2_bsp\libhal_bsp.a(alt_do_ctors.o)
 .bss           0x000000000000b9b8        0x0 ../1c_p2_bsp\libhal_bsp.a(alt_do_dtors.o)
 .bss           0x000000000000b9b8        0x0 ../1c_p2_bsp\libhal_bsp.a(alt_errno.o)
 .bss           0x000000000000b9b8        0x0 ../1c_p2_bsp\libhal_bsp.a(alt_icache_flush_all.o)
 .bss           0x000000000000b9b8        0x0 ../1c_p2_bsp\libhal_bsp.a(alt_iic.o)
 .bss           0x000000000000b9b8        0x0 ../1c_p2_bsp\libhal_bsp.a(alt_iic_isr_register.o)
 .bss           0x000000000000b9b8        0x0 ../1c_p2_bsp\libhal_bsp.a(alt_io_redirect.o)
 .bss           0x000000000000b9b8        0x0 ../1c_p2_bsp\libhal_bsp.a(alt_irq_entry.o)
 .bss           0x000000000000b9b8        0x0 ../1c_p2_bsp\libhal_bsp.a(alt_irq_handler.o)
 .bss           0x000000000000b9b8        0x0 ../1c_p2_bsp\libhal_bsp.a(alt_irq_vars.o)
 .bss           0x000000000000b9b8        0x0 ../1c_p2_bsp\libhal_bsp.a(alt_open.o)
 .bss           0x000000000000b9b8        0x0 ../1c_p2_bsp\libhal_bsp.a(alt_release_fd.o)
 .bss           0x000000000000b9b8        0x0 ../1c_p2_bsp\libhal_bsp.a(alt_tick.o)
 .bss           0x000000000000b9b8        0x0 ../1c_p2_bsp\libhal_bsp.a(altera_nios2_gen2_irq.o)
 .bss           0x000000000000b9b8        0x0 ../1c_p2_bsp\libhal_bsp.a(alt_exception_entry.o)
 .bss           0x000000000000b9b8        0x0 ../1c_p2_bsp\libhal_bsp.a(alt_find_dev.o)
 .bss           0x000000000000b9b8        0x0 ../1c_p2_bsp\libhal_bsp.a(alt_find_file.o)
 .bss           0x000000000000b9b8        0x0 ../1c_p2_bsp\libhal_bsp.a(alt_get_fd.o)
 .bss           0x000000000000b9b8        0x0 ../1c_p2_bsp\libhal_bsp.a(alt_instruction_exception_entry.o)
 .bss           0x000000000000b9b8        0x0 c:/intelfpga_lite/18.1/nios2eds/bin/gnu/h-x86_64-mingw32/bin/../lib/gcc/nios2-elf/5.3.0/../../../../../H-x86_64-mingw32/nios2-elf/lib/mno-hw-mul\libsmallc.a(lib_a-atexit.o)
 .bss           0x000000000000b9b8        0x0 c:/intelfpga_lite/18.1/nios2eds/bin/gnu/h-x86_64-mingw32/bin/../lib/gcc/nios2-elf/5.3.0/../../../../../H-x86_64-mingw32/nios2-elf/lib/mno-hw-mul\libsmallc.a(lib_a-exit.o)
 .bss           0x000000000000b9b8        0x0 c:/intelfpga_lite/18.1/nios2eds/bin/gnu/h-x86_64-mingw32/bin/../lib/gcc/nios2-elf/5.3.0/../../../../../H-x86_64-mingw32/nios2-elf/lib/mno-hw-mul\libsmallc.a(lib_a-memcmp.o)
 .bss           0x000000000000b9b8        0x0 c:/intelfpga_lite/18.1/nios2eds/bin/gnu/h-x86_64-mingw32/bin/../lib/gcc/nios2-elf/5.3.0/../../../../../H-x86_64-mingw32/nios2-elf/lib/mno-hw-mul\libsmallc.a(lib_a-strlen.o)
 .bss           0x000000000000b9b8        0x0 c:/intelfpga_lite/18.1/nios2eds/bin/gnu/h-x86_64-mingw32/bin/../lib/gcc/nios2-elf/5.3.0/../../../../../H-x86_64-mingw32/nios2-elf/lib/mno-hw-mul\libsmallc.a(lib_a-__atexit.o)
 .bss           0x000000000000b9b8        0x0 c:/intelfpga_lite/18.1/nios2eds/bin/gnu/h-x86_64-mingw32/bin/../lib/gcc/nios2-elf/5.3.0/../../../../../H-x86_64-mingw32/nios2-elf/lib/mno-hw-mul\libsmallc.a(lib_a-__call_atexit.o)
 .bss           0x000000000000b9b8        0x0 ../1c_p2_bsp\libhal_bsp.a(alt_exit.o)
 *(COMMON)
 COMMON         0x000000000000b9b8      0x100 ../1c_p2_bsp\libhal_bsp.a(alt_irq_handler.o)
                0x000000000000b9b8                alt_irq
                0x000000000000bab8                . = ALIGN (0x4)
                0x000000000000bab8                __bss_end = ABSOLUTE (.)

.CPU_1c_p2_oc_ram_0
                0x000000000000bab8        0x0
                [!provide]                        PROVIDE (_alt_partition_CPU_1c_p2_oc_ram_0_start, ABSOLUTE (.))
 *(.CPU_1c_p2_oc_ram_0 .CPU_1c_p2_oc_ram_0. CPU_1c_p2_oc_ram_0.*)
                0x000000000000bab8                . = ALIGN (0x4)
                [!provide]                        PROVIDE (_alt_partition_CPU_1c_p2_oc_ram_0_end, ABSOLUTE (.))
                0x000000000000bab8                _end = ABSOLUTE (.)
                0x000000000000bab8                end = ABSOLUTE (.)
                0x000000000000bab8                __alt_stack_base = ABSOLUTE (.)
                [!provide]                        PROVIDE (_alt_partition_CPU_1c_p2_oc_ram_0_load_addr, LOADADDR (.CPU_1c_p2_oc_ram_0))

.stab
 *(.stab)

.stabstr
 *(.stabstr)

.stab.excl
 *(.stab.excl)

.stab.exclstr
 *(.stab.exclstr)

.stab.index
 *(.stab.index)

.stab.indexstr
 *(.stab.indexstr)

.comment        0x0000000000000000       0x23
 *(.comment)
 .comment       0x0000000000000000       0x23 obj/default/1c_p2/main.o
                                         0x24 (size before relaxing)
 .comment       0x0000000000000023       0x24 obj/default/1c_p2/queue_wrapper.o
 .comment       0x0000000000000023       0x24 obj/default/lib/mem_info.o
 .comment       0x0000000000000023       0x24 obj/default/lib/queue.o
 .comment       0x0000000000000023       0x24 c:/intelfpga_lite/18.1/nios2eds/bin/gnu/h-x86_64-mingw32/bin/../lib/gcc/nios2-elf/5.3.0/mno-hw-mul\libgcc.a(lib2-mul.o)
 .comment       0x0000000000000023       0x24 c:/intelfpga_lite/18.1/nios2eds/bin/gnu/h-x86_64-mingw32/bin/../lib/gcc/nios2-elf/5.3.0/../../../../../H-x86_64-mingw32/nios2-elf/lib/mno-hw-mul\libsmallc.a(lib_a-malloc.o)
 .comment       0x0000000000000023       0x24 c:/intelfpga_lite/18.1/nios2eds/bin/gnu/h-x86_64-mingw32/bin/../lib/gcc/nios2-elf/5.3.0/../../../../../H-x86_64-mingw32/nios2-elf/lib/mno-hw-mul\libsmallc.a(lib_a-nano-freer.o)
 .comment       0x0000000000000023       0x24 c:/intelfpga_lite/18.1/nios2eds/bin/gnu/h-x86_64-mingw32/bin/../lib/gcc/nios2-elf/5.3.0/../../../../../H-x86_64-mingw32/nios2-elf/lib/mno-hw-mul\libsmallc.a(lib_a-nano-mallocr.o)
 .comment       0x0000000000000023       0x24 c:/intelfpga_lite/18.1/nios2eds/bin/gnu/h-x86_64-mingw32/bin/../lib/gcc/nios2-elf/5.3.0/../../../../../H-x86_64-mingw32/nios2-elf/lib/mno-hw-mul\libsmallc.a(lib_a-sbrkr.o)
 .comment       0x0000000000000023       0x24 c:/intelfpga_lite/18.1/nios2eds/bin/gnu/h-x86_64-mingw32/bin/../lib/gcc/nios2-elf/5.3.0/../../../../../H-x86_64-mingw32/nios2-elf/lib/mno-hw-mul\libsmallc.a(lib_a-impure.o)
 .comment       0x0000000000000023       0x24 c:/intelfpga_lite/18.1/nios2eds/bin/gnu/h-x86_64-mingw32/bin/../lib/gcc/nios2-elf/5.3.0/../../../../../H-x86_64-mingw32/nios2-elf/lib/mno-hw-mul\libsmallc.a(lib_a-int_errno.o)
 .comment       0x0000000000000023       0x24 ../1c_p2_bsp\libhal_bsp.a(alt_load.o)
 .comment       0x0000000000000023       0x24 ../1c_p2_bsp\libhal_bsp.a(alt_main.o)
 .comment       0x0000000000000023       0x24 ../1c_p2_bsp\libhal_bsp.a(alt_sbrk.o)
 .comment       0x0000000000000023       0x24 ../1c_p2_bsp\libhal_bsp.a(alt_sys_init.o)
 .comment       0x0000000000000023       0x24 ../1c_p2_bsp\libhal_bsp.a(altera_avalon_fifo_util.o)
 .comment       0x0000000000000023       0x24 ../1c_p2_bsp\libhal_bsp.a(altera_avalon_jtag_uart_fd.o)
 .comment       0x0000000000000023       0x24 ../1c_p2_bsp\libhal_bsp.a(altera_avalon_jtag_uart_read.o)
 .comment       0x0000000000000023       0x24 ../1c_p2_bsp\libhal_bsp.a(altera_avalon_jtag_uart_write.o)
 .comment       0x0000000000000023       0x24 ../1c_p2_bsp\libhal_bsp.a(altera_avalon_timer_sc.o)
 .comment       0x0000000000000023       0x24 ../1c_p2_bsp\libhal_bsp.a(alt_close.o)
 .comment       0x0000000000000023       0x24 ../1c_p2_bsp\libhal_bsp.a(alt_dcache_flush_all.o)
 .comment       0x0000000000000023       0x24 ../1c_p2_bsp\libhal_bsp.a(alt_dev.o)
 .comment       0x0000000000000023       0x24 ../1c_p2_bsp\libhal_bsp.a(alt_dev_llist_insert.o)
 .comment       0x0000000000000023       0x24 ../1c_p2_bsp\libhal_bsp.a(alt_do_ctors.o)
 .comment       0x0000000000000023       0x24 ../1c_p2_bsp\libhal_bsp.a(alt_do_dtors.o)
 .comment       0x0000000000000023       0x24 ../1c_p2_bsp\libhal_bsp.a(alt_errno.o)
 .comment       0x0000000000000023       0x24 ../1c_p2_bsp\libhal_bsp.a(alt_icache_flush_all.o)
 .comment       0x0000000000000023       0x24 ../1c_p2_bsp\libhal_bsp.a(alt_iic.o)
 .comment       0x0000000000000023       0x24 ../1c_p2_bsp\libhal_bsp.a(alt_iic_isr_register.o)
 .comment       0x0000000000000023       0x24 ../1c_p2_bsp\libhal_bsp.a(alt_io_redirect.o)
 .comment       0x0000000000000023       0x24 ../1c_p2_bsp\libhal_bsp.a(alt_irq_handler.o)
 .comment       0x0000000000000023       0x24 ../1c_p2_bsp\libhal_bsp.a(alt_irq_vars.o)
 .comment       0x0000000000000023       0x24 ../1c_p2_bsp\libhal_bsp.a(alt_open.o)
 .comment       0x0000000000000023       0x24 ../1c_p2_bsp\libhal_bsp.a(alt_release_fd.o)
 .comment       0x0000000000000023       0x24 ../1c_p2_bsp\libhal_bsp.a(alt_tick.o)
 .comment       0x0000000000000023       0x24 ../1c_p2_bsp\libhal_bsp.a(altera_nios2_gen2_irq.o)
 .comment       0x0000000000000023       0x24 ../1c_p2_bsp\libhal_bsp.a(alt_find_dev.o)
 .comment       0x0000000000000023       0x24 ../1c_p2_bsp\libhal_bsp.a(alt_find_file.o)
 .comment       0x0000000000000023       0x24 ../1c_p2_bsp\libhal_bsp.a(alt_get_fd.o)
 .comment       0x0000000000000023       0x24 ../1c_p2_bsp\libhal_bsp.a(alt_instruction_exception_entry.o)
 .comment       0x0000000000000023       0x24 c:/intelfpga_lite/18.1/nios2eds/bin/gnu/h-x86_64-mingw32/bin/../lib/gcc/nios2-elf/5.3.0/../../../../../H-x86_64-mingw32/nios2-elf/lib/mno-hw-mul\libsmallc.a(lib_a-atexit.o)
 .comment       0x0000000000000023       0x24 c:/intelfpga_lite/18.1/nios2eds/bin/gnu/h-x86_64-mingw32/bin/../lib/gcc/nios2-elf/5.3.0/../../../../../H-x86_64-mingw32/nios2-elf/lib/mno-hw-mul\libsmallc.a(lib_a-exit.o)
 .comment       0x0000000000000023       0x24 c:/intelfpga_lite/18.1/nios2eds/bin/gnu/h-x86_64-mingw32/bin/../lib/gcc/nios2-elf/5.3.0/../../../../../H-x86_64-mingw32/nios2-elf/lib/mno-hw-mul\libsmallc.a(lib_a-memcmp.o)
 .comment       0x0000000000000023       0x24 c:/intelfpga_lite/18.1/nios2eds/bin/gnu/h-x86_64-mingw32/bin/../lib/gcc/nios2-elf/5.3.0/../../../../../H-x86_64-mingw32/nios2-elf/lib/mno-hw-mul\libsmallc.a(lib_a-strlen.o)
 .comment       0x0000000000000023       0x24 c:/intelfpga_lite/18.1/nios2eds/bin/gnu/h-x86_64-mingw32/bin/../lib/gcc/nios2-elf/5.3.0/../../../../../H-x86_64-mingw32/nios2-elf/lib/mno-hw-mul\libsmallc.a(lib_a-__atexit.o)
 .comment       0x0000000000000023       0x24 c:/intelfpga_lite/18.1/nios2eds/bin/gnu/h-x86_64-mingw32/bin/../lib/gcc/nios2-elf/5.3.0/../../../../../H-x86_64-mingw32/nios2-elf/lib/mno-hw-mul\libsmallc.a(lib_a-__call_atexit.o)
 .comment       0x0000000000000023       0x24 ../1c_p2_bsp\libhal_bsp.a(alt_exit.o)

.debug
 *(.debug)

.line
 *(.line)

.debug_srcinfo
 *(.debug_srcinfo)

.debug_sfnames
 *(.debug_sfnames)

.debug_aranges  0x0000000000000000      0x680
 *(.debug_aranges)
 .debug_aranges
                0x0000000000000000       0x28 ../1c_p2_bsp/obj/HAL/src/crt0.o
 .debug_aranges
                0x0000000000000028       0x20 obj/default/1c_p2/main.o
 .debug_aranges
                0x0000000000000048       0x20 obj/default/1c_p2/queue_wrapper.o
 .debug_aranges
                0x0000000000000068       0x20 obj/default/lib/mem_info.o
 .debug_aranges
                0x0000000000000088       0x20 obj/default/lib/queue.o
 .debug_aranges
                0x00000000000000a8       0x20 c:/intelfpga_lite/18.1/nios2eds/bin/gnu/h-x86_64-mingw32/bin/../lib/gcc/nios2-elf/5.3.0/mno-hw-mul\libgcc.a(lib2-mul.o)
 .debug_aranges
                0x00000000000000c8       0x28 c:/intelfpga_lite/18.1/nios2eds/bin/gnu/h-x86_64-mingw32/bin/../lib/gcc/nios2-elf/5.3.0/../../../../../H-x86_64-mingw32/nios2-elf/lib/mno-hw-mul\libsmallc.a(lib_a-malloc.o)
 .debug_aranges
                0x00000000000000f0       0x20 c:/intelfpga_lite/18.1/nios2eds/bin/gnu/h-x86_64-mingw32/bin/../lib/gcc/nios2-elf/5.3.0/../../../../../H-x86_64-mingw32/nios2-elf/lib/mno-hw-mul\libsmallc.a(lib_a-nano-freer.o)
 .debug_aranges
                0x0000000000000110       0x20 c:/intelfpga_lite/18.1/nios2eds/bin/gnu/h-x86_64-mingw32/bin/../lib/gcc/nios2-elf/5.3.0/../../../../../H-x86_64-mingw32/nios2-elf/lib/mno-hw-mul\libsmallc.a(lib_a-nano-mallocr.o)
 .debug_aranges
                0x0000000000000130       0x20 c:/intelfpga_lite/18.1/nios2eds/bin/gnu/h-x86_64-mingw32/bin/../lib/gcc/nios2-elf/5.3.0/../../../../../H-x86_64-mingw32/nios2-elf/lib/mno-hw-mul\libsmallc.a(lib_a-sbrkr.o)
 .debug_aranges
                0x0000000000000150       0x18 c:/intelfpga_lite/18.1/nios2eds/bin/gnu/h-x86_64-mingw32/bin/../lib/gcc/nios2-elf/5.3.0/../../../../../H-x86_64-mingw32/nios2-elf/lib/mno-hw-mul\libsmallc.a(lib_a-impure.o)
 .debug_aranges
                0x0000000000000168       0x18 c:/intelfpga_lite/18.1/nios2eds/bin/gnu/h-x86_64-mingw32/bin/../lib/gcc/nios2-elf/5.3.0/../../../../../H-x86_64-mingw32/nios2-elf/lib/mno-hw-mul\libsmallc.a(lib_a-int_errno.o)
 .debug_aranges
                0x0000000000000180       0x20 ../1c_p2_bsp\libhal_bsp.a(alt_load.o)
 .debug_aranges
                0x00000000000001a0       0x20 ../1c_p2_bsp\libhal_bsp.a(alt_main.o)
 .debug_aranges
                0x00000000000001c0       0x20 ../1c_p2_bsp\libhal_bsp.a(alt_sbrk.o)
 .debug_aranges
                0x00000000000001e0       0x20 ../1c_p2_bsp\libhal_bsp.a(alt_sys_init.o)
 .debug_aranges
                0x0000000000000200       0x20 ../1c_p2_bsp\libhal_bsp.a(altera_avalon_fifo_util.o)
 .debug_aranges
                0x0000000000000220       0x20 ../1c_p2_bsp\libhal_bsp.a(altera_avalon_jtag_uart_fd.o)
 .debug_aranges
                0x0000000000000240       0x20 ../1c_p2_bsp\libhal_bsp.a(altera_avalon_jtag_uart_read.o)
 .debug_aranges
                0x0000000000000260       0x20 ../1c_p2_bsp\libhal_bsp.a(altera_avalon_jtag_uart_write.o)
 .debug_aranges
                0x0000000000000280       0x20 ../1c_p2_bsp\libhal_bsp.a(altera_avalon_timer_sc.o)
 .debug_aranges
                0x00000000000002a0       0x20 ../1c_p2_bsp\libhal_bsp.a(alt_close.o)
 .debug_aranges
                0x00000000000002c0       0x20 ../1c_p2_bsp\libhal_bsp.a(alt_dcache_flush_all.o)
 .debug_aranges
                0x00000000000002e0       0x20 ../1c_p2_bsp\libhal_bsp.a(alt_dev.o)
 .debug_aranges
                0x0000000000000300       0x20 ../1c_p2_bsp\libhal_bsp.a(alt_dev_llist_insert.o)
 .debug_aranges
                0x0000000000000320       0x20 ../1c_p2_bsp\libhal_bsp.a(alt_do_ctors.o)
 .debug_aranges
                0x0000000000000340       0x20 ../1c_p2_bsp\libhal_bsp.a(alt_do_dtors.o)
 .debug_aranges
                0x0000000000000360       0x18 ../1c_p2_bsp\libhal_bsp.a(alt_errno.o)
 .debug_aranges
                0x0000000000000378       0x20 ../1c_p2_bsp\libhal_bsp.a(alt_icache_flush_all.o)
 .debug_aranges
                0x0000000000000398       0x20 ../1c_p2_bsp\libhal_bsp.a(alt_iic.o)
 .debug_aranges
                0x00000000000003b8       0x20 ../1c_p2_bsp\libhal_bsp.a(alt_iic_isr_register.o)
 .debug_aranges
                0x00000000000003d8       0x20 ../1c_p2_bsp\libhal_bsp.a(alt_io_redirect.o)
 .debug_aranges
                0x00000000000003f8       0x30 ../1c_p2_bsp\libhal_bsp.a(alt_irq_entry.o)
 .debug_aranges
                0x0000000000000428       0x20 ../1c_p2_bsp\libhal_bsp.a(alt_irq_handler.o)
 .debug_aranges
                0x0000000000000448       0x18 ../1c_p2_bsp\libhal_bsp.a(alt_irq_vars.o)
 .debug_aranges
                0x0000000000000460       0x20 ../1c_p2_bsp\libhal_bsp.a(alt_open.o)
 .debug_aranges
                0x0000000000000480       0x20 ../1c_p2_bsp\libhal_bsp.a(alt_release_fd.o)
 .debug_aranges
                0x00000000000004a0       0x20 ../1c_p2_bsp\libhal_bsp.a(alt_tick.o)
 .debug_aranges
                0x00000000000004c0       0x20 ../1c_p2_bsp\libhal_bsp.a(altera_nios2_gen2_irq.o)
 .debug_aranges
                0x00000000000004e0       0x38 ../1c_p2_bsp\libhal_bsp.a(alt_exception_entry.o)
 .debug_aranges
                0x0000000000000518       0x20 ../1c_p2_bsp\libhal_bsp.a(alt_find_dev.o)
 .debug_aranges
                0x0000000000000538       0x20 ../1c_p2_bsp\libhal_bsp.a(alt_find_file.o)
 .debug_aranges
                0x0000000000000558       0x20 ../1c_p2_bsp\libhal_bsp.a(alt_get_fd.o)
 .debug_aranges
                0x0000000000000578       0x28 ../1c_p2_bsp\libhal_bsp.a(alt_instruction_exception_entry.o)
 .debug_aranges
                0x00000000000005a0       0x20 c:/intelfpga_lite/18.1/nios2eds/bin/gnu/h-x86_64-mingw32/bin/../lib/gcc/nios2-elf/5.3.0/../../../../../H-x86_64-mingw32/nios2-elf/lib/mno-hw-mul\libsmallc.a(lib_a-atexit.o)
 .debug_aranges
                0x00000000000005c0       0x20 c:/intelfpga_lite/18.1/nios2eds/bin/gnu/h-x86_64-mingw32/bin/../lib/gcc/nios2-elf/5.3.0/../../../../../H-x86_64-mingw32/nios2-elf/lib/mno-hw-mul\libsmallc.a(lib_a-exit.o)
 .debug_aranges
                0x00000000000005e0       0x20 c:/intelfpga_lite/18.1/nios2eds/bin/gnu/h-x86_64-mingw32/bin/../lib/gcc/nios2-elf/5.3.0/../../../../../H-x86_64-mingw32/nios2-elf/lib/mno-hw-mul\libsmallc.a(lib_a-memcmp.o)
 .debug_aranges
                0x0000000000000600       0x20 c:/intelfpga_lite/18.1/nios2eds/bin/gnu/h-x86_64-mingw32/bin/../lib/gcc/nios2-elf/5.3.0/../../../../../H-x86_64-mingw32/nios2-elf/lib/mno-hw-mul\libsmallc.a(lib_a-strlen.o)
 .debug_aranges
                0x0000000000000620       0x20 c:/intelfpga_lite/18.1/nios2eds/bin/gnu/h-x86_64-mingw32/bin/../lib/gcc/nios2-elf/5.3.0/../../../../../H-x86_64-mingw32/nios2-elf/lib/mno-hw-mul\libsmallc.a(lib_a-__atexit.o)
 .debug_aranges
                0x0000000000000640       0x20 c:/intelfpga_lite/18.1/nios2eds/bin/gnu/h-x86_64-mingw32/bin/../lib/gcc/nios2-elf/5.3.0/../../../../../H-x86_64-mingw32/nios2-elf/lib/mno-hw-mul\libsmallc.a(lib_a-__call_atexit.o)
 .debug_aranges
                0x0000000000000660       0x20 ../1c_p2_bsp\libhal_bsp.a(alt_exit.o)

.debug_pubnames
 *(.debug_pubnames)

.debug_info     0x0000000000000000     0x7c78
 *(.debug_info .gnu.linkonce.wi.*)
 .debug_info    0x0000000000000000       0x6e ../1c_p2_bsp/obj/HAL/src/crt0.o
 .debug_info    0x000000000000006e      0x217 obj/default/1c_p2/main.o
 .debug_info    0x0000000000000285      0x1d8 obj/default/1c_p2/queue_wrapper.o
 .debug_info    0x000000000000045d      0x1eb obj/default/lib/mem_info.o
 .debug_info    0x0000000000000648      0x109 obj/default/lib/queue.o
 .debug_info    0x0000000000000751       0xb4 c:/intelfpga_lite/18.1/nios2eds/bin/gnu/h-x86_64-mingw32/bin/../lib/gcc/nios2-elf/5.3.0/mno-hw-mul\libgcc.a(lib2-mul.o)
 .debug_info    0x0000000000000805      0x619 c:/intelfpga_lite/18.1/nios2eds/bin/gnu/h-x86_64-mingw32/bin/../lib/gcc/nios2-elf/5.3.0/../../../../../H-x86_64-mingw32/nios2-elf/lib/mno-hw-mul\libsmallc.a(lib_a-malloc.o)
 .debug_info    0x0000000000000e1e      0x68c c:/intelfpga_lite/18.1/nios2eds/bin/gnu/h-x86_64-mingw32/bin/../lib/gcc/nios2-elf/5.3.0/../../../../../H-x86_64-mingw32/nios2-elf/lib/mno-hw-mul\libsmallc.a(lib_a-nano-freer.o)
 .debug_info    0x00000000000014aa      0x752 c:/intelfpga_lite/18.1/nios2eds/bin/gnu/h-x86_64-mingw32/bin/../lib/gcc/nios2-elf/5.3.0/../../../../../H-x86_64-mingw32/nios2-elf/lib/mno-hw-mul\libsmallc.a(lib_a-nano-mallocr.o)
 .debug_info    0x0000000000001bfc      0x608 c:/intelfpga_lite/18.1/nios2eds/bin/gnu/h-x86_64-mingw32/bin/../lib/gcc/nios2-elf/5.3.0/../../../../../H-x86_64-mingw32/nios2-elf/lib/mno-hw-mul\libsmallc.a(lib_a-sbrkr.o)
 .debug_info    0x0000000000002204      0x5a9 c:/intelfpga_lite/18.1/nios2eds/bin/gnu/h-x86_64-mingw32/bin/../lib/gcc/nios2-elf/5.3.0/../../../../../H-x86_64-mingw32/nios2-elf/lib/mno-hw-mul\libsmallc.a(lib_a-impure.o)
 .debug_info    0x00000000000027ad       0x8a c:/intelfpga_lite/18.1/nios2eds/bin/gnu/h-x86_64-mingw32/bin/../lib/gcc/nios2-elf/5.3.0/../../../../../H-x86_64-mingw32/nios2-elf/lib/mno-hw-mul\libsmallc.a(lib_a-int_errno.o)
 .debug_info    0x0000000000002837      0x145 ../1c_p2_bsp\libhal_bsp.a(alt_load.o)
 .debug_info    0x000000000000297c      0x131 ../1c_p2_bsp\libhal_bsp.a(alt_main.o)
 .debug_info    0x0000000000002aad      0x1ac ../1c_p2_bsp\libhal_bsp.a(alt_sbrk.o)
 .debug_info    0x0000000000002c59      0x3df ../1c_p2_bsp\libhal_bsp.a(alt_sys_init.o)
 .debug_info    0x0000000000003038      0x462 ../1c_p2_bsp\libhal_bsp.a(altera_avalon_fifo_util.o)
 .debug_info    0x000000000000349a      0x3a7 ../1c_p2_bsp\libhal_bsp.a(altera_avalon_jtag_uart_fd.o)
 .debug_info    0x0000000000003841      0x1b2 ../1c_p2_bsp\libhal_bsp.a(altera_avalon_jtag_uart_read.o)
 .debug_info    0x00000000000039f3      0x195 ../1c_p2_bsp\libhal_bsp.a(altera_avalon_jtag_uart_write.o)
 .debug_info    0x0000000000003b88      0x226 ../1c_p2_bsp\libhal_bsp.a(altera_avalon_timer_sc.o)
 .debug_info    0x0000000000003dae      0x321 ../1c_p2_bsp\libhal_bsp.a(alt_close.o)
 .debug_info    0x00000000000040cf       0x92 ../1c_p2_bsp\libhal_bsp.a(alt_dcache_flush_all.o)
 .debug_info    0x0000000000004161      0x49c ../1c_p2_bsp\libhal_bsp.a(alt_dev.o)
 .debug_info    0x00000000000045fd      0x1a9 ../1c_p2_bsp\libhal_bsp.a(alt_dev_llist_insert.o)
 .debug_info    0x00000000000047a6       0x83 ../1c_p2_bsp\libhal_bsp.a(alt_do_ctors.o)
 .debug_info    0x0000000000004829       0x83 ../1c_p2_bsp\libhal_bsp.a(alt_do_dtors.o)
 .debug_info    0x00000000000048ac       0xa6 ../1c_p2_bsp\libhal_bsp.a(alt_errno.o)
 .debug_info    0x0000000000004952       0x92 ../1c_p2_bsp\libhal_bsp.a(alt_icache_flush_all.o)
 .debug_info    0x00000000000049e4      0x350 ../1c_p2_bsp\libhal_bsp.a(alt_iic.o)
 .debug_info    0x0000000000004d34      0x1ef ../1c_p2_bsp\libhal_bsp.a(alt_iic_isr_register.o)
 .debug_info    0x0000000000004f23      0x4a5 ../1c_p2_bsp\libhal_bsp.a(alt_io_redirect.o)
 .debug_info    0x00000000000053c8       0x77 ../1c_p2_bsp\libhal_bsp.a(alt_irq_entry.o)
 .debug_info    0x000000000000543f      0x187 ../1c_p2_bsp\libhal_bsp.a(alt_irq_handler.o)
 .debug_info    0x00000000000055c6       0x88 ../1c_p2_bsp\libhal_bsp.a(alt_irq_vars.o)
 .debug_info    0x000000000000564e      0x3bb ../1c_p2_bsp\libhal_bsp.a(alt_open.o)
 .debug_info    0x0000000000005a09      0x2b0 ../1c_p2_bsp\libhal_bsp.a(alt_release_fd.o)
 .debug_info    0x0000000000005cb9      0x299 ../1c_p2_bsp\libhal_bsp.a(alt_tick.o)
 .debug_info    0x0000000000005f52       0x92 ../1c_p2_bsp\libhal_bsp.a(altera_nios2_gen2_irq.o)
 .debug_info    0x0000000000005fe4       0x7d ../1c_p2_bsp\libhal_bsp.a(alt_exception_entry.o)
 .debug_info    0x0000000000006061      0x2e9 ../1c_p2_bsp\libhal_bsp.a(alt_find_dev.o)
 .debug_info    0x000000000000634a      0x2e6 ../1c_p2_bsp\libhal_bsp.a(alt_find_file.o)
 .debug_info    0x0000000000006630      0x310 ../1c_p2_bsp\libhal_bsp.a(alt_get_fd.o)
 .debug_info    0x0000000000006940      0x1e7 ../1c_p2_bsp\libhal_bsp.a(alt_instruction_exception_entry.o)
 .debug_info    0x0000000000006b27       0xfe c:/intelfpga_lite/18.1/nios2eds/bin/gnu/h-x86_64-mingw32/bin/../lib/gcc/nios2-elf/5.3.0/../../../../../H-x86_64-mingw32/nios2-elf/lib/mno-hw-mul\libsmallc.a(lib_a-atexit.o)
 .debug_info    0x0000000000006c25       0xe5 c:/intelfpga_lite/18.1/nios2eds/bin/gnu/h-x86_64-mingw32/bin/../lib/gcc/nios2-elf/5.3.0/../../../../../H-x86_64-mingw32/nios2-elf/lib/mno-hw-mul\libsmallc.a(lib_a-exit.o)
 .debug_info    0x0000000000006d0a       0xf4 c:/intelfpga_lite/18.1/nios2eds/bin/gnu/h-x86_64-mingw32/bin/../lib/gcc/nios2-elf/5.3.0/../../../../../H-x86_64-mingw32/nios2-elf/lib/mno-hw-mul\libsmallc.a(lib_a-memcmp.o)
 .debug_info    0x0000000000006dfe       0xc9 c:/intelfpga_lite/18.1/nios2eds/bin/gnu/h-x86_64-mingw32/bin/../lib/gcc/nios2-elf/5.3.0/../../../../../H-x86_64-mingw32/nios2-elf/lib/mno-hw-mul\libsmallc.a(lib_a-strlen.o)
 .debug_info    0x0000000000006ec7      0x64a c:/intelfpga_lite/18.1/nios2eds/bin/gnu/h-x86_64-mingw32/bin/../lib/gcc/nios2-elf/5.3.0/../../../../../H-x86_64-mingw32/nios2-elf/lib/mno-hw-mul\libsmallc.a(lib_a-__atexit.o)
 .debug_info    0x0000000000007511      0x67b c:/intelfpga_lite/18.1/nios2eds/bin/gnu/h-x86_64-mingw32/bin/../lib/gcc/nios2-elf/5.3.0/../../../../../H-x86_64-mingw32/nios2-elf/lib/mno-hw-mul\libsmallc.a(lib_a-__call_atexit.o)
 .debug_info    0x0000000000007b8c       0xec ../1c_p2_bsp\libhal_bsp.a(alt_exit.o)

.debug_abbrev   0x0000000000000000     0x2da2
 *(.debug_abbrev)
 .debug_abbrev  0x0000000000000000       0x12 ../1c_p2_bsp/obj/HAL/src/crt0.o
 .debug_abbrev  0x0000000000000012       0xb5 obj/default/1c_p2/main.o
 .debug_abbrev  0x00000000000000c7       0xce obj/default/1c_p2/queue_wrapper.o
 .debug_abbrev  0x0000000000000195       0xcd obj/default/lib/mem_info.o
 .debug_abbrev  0x0000000000000262       0xa9 obj/default/lib/queue.o
 .debug_abbrev  0x000000000000030b       0x6f c:/intelfpga_lite/18.1/nios2eds/bin/gnu/h-x86_64-mingw32/bin/../lib/gcc/nios2-elf/5.3.0/mno-hw-mul\libgcc.a(lib2-mul.o)
 .debug_abbrev  0x000000000000037a      0x1af c:/intelfpga_lite/18.1/nios2eds/bin/gnu/h-x86_64-mingw32/bin/../lib/gcc/nios2-elf/5.3.0/../../../../../H-x86_64-mingw32/nios2-elf/lib/mno-hw-mul\libsmallc.a(lib_a-malloc.o)
 .debug_abbrev  0x0000000000000529      0x1dd c:/intelfpga_lite/18.1/nios2eds/bin/gnu/h-x86_64-mingw32/bin/../lib/gcc/nios2-elf/5.3.0/../../../../../H-x86_64-mingw32/nios2-elf/lib/mno-hw-mul\libsmallc.a(lib_a-nano-freer.o)
 .debug_abbrev  0x0000000000000706      0x269 c:/intelfpga_lite/18.1/nios2eds/bin/gnu/h-x86_64-mingw32/bin/../lib/gcc/nios2-elf/5.3.0/../../../../../H-x86_64-mingw32/nios2-elf/lib/mno-hw-mul\libsmallc.a(lib_a-nano-mallocr.o)
 .debug_abbrev  0x000000000000096f      0x1c5 c:/intelfpga_lite/18.1/nios2eds/bin/gnu/h-x86_64-mingw32/bin/../lib/gcc/nios2-elf/5.3.0/../../../../../H-x86_64-mingw32/nios2-elf/lib/mno-hw-mul\libsmallc.a(lib_a-sbrkr.o)
 .debug_abbrev  0x0000000000000b34      0x14a c:/intelfpga_lite/18.1/nios2eds/bin/gnu/h-x86_64-mingw32/bin/../lib/gcc/nios2-elf/5.3.0/../../../../../H-x86_64-mingw32/nios2-elf/lib/mno-hw-mul\libsmallc.a(lib_a-impure.o)
 .debug_abbrev  0x0000000000000c7e       0x37 c:/intelfpga_lite/18.1/nios2eds/bin/gnu/h-x86_64-mingw32/bin/../lib/gcc/nios2-elf/5.3.0/../../../../../H-x86_64-mingw32/nios2-elf/lib/mno-hw-mul\libsmallc.a(lib_a-int_errno.o)
 .debug_abbrev  0x0000000000000cb5       0x9f ../1c_p2_bsp\libhal_bsp.a(alt_load.o)
 .debug_abbrev  0x0000000000000d54       0xba ../1c_p2_bsp\libhal_bsp.a(alt_main.o)
 .debug_abbrev  0x0000000000000e0e      0x112 ../1c_p2_bsp\libhal_bsp.a(alt_sbrk.o)
 .debug_abbrev  0x0000000000000f20      0x157 ../1c_p2_bsp\libhal_bsp.a(alt_sys_init.o)
 .debug_abbrev  0x0000000000001077       0xb0 ../1c_p2_bsp\libhal_bsp.a(altera_avalon_fifo_util.o)
 .debug_abbrev  0x0000000000001127       0xf7 ../1c_p2_bsp\libhal_bsp.a(altera_avalon_jtag_uart_fd.o)
 .debug_abbrev  0x000000000000121e       0xd5 ../1c_p2_bsp\libhal_bsp.a(altera_avalon_jtag_uart_read.o)
 .debug_abbrev  0x00000000000012f3       0xd5 ../1c_p2_bsp\libhal_bsp.a(altera_avalon_jtag_uart_write.o)
 .debug_abbrev  0x00000000000013c8      0x155 ../1c_p2_bsp\libhal_bsp.a(altera_avalon_timer_sc.o)
 .debug_abbrev  0x000000000000151d      0x11f ../1c_p2_bsp\libhal_bsp.a(alt_close.o)
 .debug_abbrev  0x000000000000163c       0x42 ../1c_p2_bsp\libhal_bsp.a(alt_dcache_flush_all.o)
 .debug_abbrev  0x000000000000167e       0xd9 ../1c_p2_bsp\libhal_bsp.a(alt_dev.o)
 .debug_abbrev  0x0000000000001757      0x114 ../1c_p2_bsp\libhal_bsp.a(alt_dev_llist_insert.o)
 .debug_abbrev  0x000000000000186b       0x79 ../1c_p2_bsp\libhal_bsp.a(alt_do_ctors.o)
 .debug_abbrev  0x00000000000018e4       0x79 ../1c_p2_bsp\libhal_bsp.a(alt_do_dtors.o)
 .debug_abbrev  0x000000000000195d       0x5a ../1c_p2_bsp\libhal_bsp.a(alt_errno.o)
 .debug_abbrev  0x00000000000019b7       0x42 ../1c_p2_bsp\libhal_bsp.a(alt_icache_flush_all.o)
 .debug_abbrev  0x00000000000019f9      0x163 ../1c_p2_bsp\libhal_bsp.a(alt_iic.o)
 .debug_abbrev  0x0000000000001b5c      0x169 ../1c_p2_bsp\libhal_bsp.a(alt_iic_isr_register.o)
 .debug_abbrev  0x0000000000001cc5      0x114 ../1c_p2_bsp\libhal_bsp.a(alt_io_redirect.o)
 .debug_abbrev  0x0000000000001dd9       0x12 ../1c_p2_bsp\libhal_bsp.a(alt_irq_entry.o)
 .debug_abbrev  0x0000000000001deb      0x122 ../1c_p2_bsp\libhal_bsp.a(alt_irq_handler.o)
 .debug_abbrev  0x0000000000001f0d       0x40 ../1c_p2_bsp\libhal_bsp.a(alt_irq_vars.o)
 .debug_abbrev  0x0000000000001f4d      0x148 ../1c_p2_bsp\libhal_bsp.a(alt_open.o)
 .debug_abbrev  0x0000000000002095       0xde ../1c_p2_bsp\libhal_bsp.a(alt_release_fd.o)
 .debug_abbrev  0x0000000000002173      0x15a ../1c_p2_bsp\libhal_bsp.a(alt_tick.o)
 .debug_abbrev  0x00000000000022cd       0x42 ../1c_p2_bsp\libhal_bsp.a(altera_nios2_gen2_irq.o)
 .debug_abbrev  0x000000000000230f       0x12 ../1c_p2_bsp\libhal_bsp.a(alt_exception_entry.o)
 .debug_abbrev  0x0000000000002321       0xf0 ../1c_p2_bsp\libhal_bsp.a(alt_find_dev.o)
 .debug_abbrev  0x0000000000002411       0xf0 ../1c_p2_bsp\libhal_bsp.a(alt_find_file.o)
 .debug_abbrev  0x0000000000002501      0x10d ../1c_p2_bsp\libhal_bsp.a(alt_get_fd.o)
 .debug_abbrev  0x000000000000260e       0xdc ../1c_p2_bsp\libhal_bsp.a(alt_instruction_exception_entry.o)
 .debug_abbrev  0x00000000000026ea       0xaa c:/intelfpga_lite/18.1/nios2eds/bin/gnu/h-x86_64-mingw32/bin/../lib/gcc/nios2-elf/5.3.0/../../../../../H-x86_64-mingw32/nios2-elf/lib/mno-hw-mul\libsmallc.a(lib_a-atexit.o)
 .debug_abbrev  0x0000000000002794       0x8b c:/intelfpga_lite/18.1/nios2eds/bin/gnu/h-x86_64-mingw32/bin/../lib/gcc/nios2-elf/5.3.0/../../../../../H-x86_64-mingw32/nios2-elf/lib/mno-hw-mul\libsmallc.a(lib_a-exit.o)
 .debug_abbrev  0x000000000000281f       0x7f c:/intelfpga_lite/18.1/nios2eds/bin/gnu/h-x86_64-mingw32/bin/../lib/gcc/nios2-elf/5.3.0/../../../../../H-x86_64-mingw32/nios2-elf/lib/mno-hw-mul\libsmallc.a(lib_a-memcmp.o)
 .debug_abbrev  0x000000000000289e       0x7f c:/intelfpga_lite/18.1/nios2eds/bin/gnu/h-x86_64-mingw32/bin/../lib/gcc/nios2-elf/5.3.0/../../../../../H-x86_64-mingw32/nios2-elf/lib/mno-hw-mul\libsmallc.a(lib_a-strlen.o)
 .debug_abbrev  0x000000000000291d      0x1e6 c:/intelfpga_lite/18.1/nios2eds/bin/gnu/h-x86_64-mingw32/bin/../lib/gcc/nios2-elf/5.3.0/../../../../../H-x86_64-mingw32/nios2-elf/lib/mno-hw-mul\libsmallc.a(lib_a-__atexit.o)
 .debug_abbrev  0x0000000000002b03      0x1f6 c:/intelfpga_lite/18.1/nios2eds/bin/gnu/h-x86_64-mingw32/bin/../lib/gcc/nios2-elf/5.3.0/../../../../../H-x86_64-mingw32/nios2-elf/lib/mno-hw-mul\libsmallc.a(lib_a-__call_atexit.o)
 .debug_abbrev  0x0000000000002cf9       0xa9 ../1c_p2_bsp\libhal_bsp.a(alt_exit.o)

.debug_line     0x0000000000000000     0x2feb
 *(.debug_line)
 .debug_line    0x0000000000000000       0x66 ../1c_p2_bsp/obj/HAL/src/crt0.o
 .debug_line    0x0000000000000066      0x1cd obj/default/1c_p2/main.o
 .debug_line    0x0000000000000233       0x83 obj/default/1c_p2/queue_wrapper.o
 .debug_line    0x00000000000002b6       0xd4 obj/default/lib/mem_info.o
 .debug_line    0x000000000000038a       0x6a obj/default/lib/queue.o
 .debug_line    0x00000000000003f4       0x80 c:/intelfpga_lite/18.1/nios2eds/bin/gnu/h-x86_64-mingw32/bin/../lib/gcc/nios2-elf/5.3.0/mno-hw-mul\libgcc.a(lib2-mul.o)
 .debug_line    0x0000000000000474      0x1e9 c:/intelfpga_lite/18.1/nios2eds/bin/gnu/h-x86_64-mingw32/bin/../lib/gcc/nios2-elf/5.3.0/../../../../../H-x86_64-mingw32/nios2-elf/lib/mno-hw-mul\libsmallc.a(lib_a-malloc.o)
 .debug_line    0x000000000000065d      0x1a2 c:/intelfpga_lite/18.1/nios2eds/bin/gnu/h-x86_64-mingw32/bin/../lib/gcc/nios2-elf/5.3.0/../../../../../H-x86_64-mingw32/nios2-elf/lib/mno-hw-mul\libsmallc.a(lib_a-nano-freer.o)
 .debug_line    0x00000000000007ff      0x225 c:/intelfpga_lite/18.1/nios2eds/bin/gnu/h-x86_64-mingw32/bin/../lib/gcc/nios2-elf/5.3.0/../../../../../H-x86_64-mingw32/nios2-elf/lib/mno-hw-mul\libsmallc.a(lib_a-nano-mallocr.o)
 .debug_line    0x0000000000000a24      0x1e0 c:/intelfpga_lite/18.1/nios2eds/bin/gnu/h-x86_64-mingw32/bin/../lib/gcc/nios2-elf/5.3.0/../../../../../H-x86_64-mingw32/nios2-elf/lib/mno-hw-mul\libsmallc.a(lib_a-sbrkr.o)
 .debug_line    0x0000000000000c04      0x156 c:/intelfpga_lite/18.1/nios2eds/bin/gnu/h-x86_64-mingw32/bin/../lib/gcc/nios2-elf/5.3.0/../../../../../H-x86_64-mingw32/nios2-elf/lib/mno-hw-mul\libsmallc.a(lib_a-impure.o)
 .debug_line    0x0000000000000d5a       0x5f c:/intelfpga_lite/18.1/nios2eds/bin/gnu/h-x86_64-mingw32/bin/../lib/gcc/nios2-elf/5.3.0/../../../../../H-x86_64-mingw32/nios2-elf/lib/mno-hw-mul\libsmallc.a(lib_a-int_errno.o)
 .debug_line    0x0000000000000db9       0x8e ../1c_p2_bsp\libhal_bsp.a(alt_load.o)
 .debug_line    0x0000000000000e47       0xa4 ../1c_p2_bsp\libhal_bsp.a(alt_main.o)
 .debug_line    0x0000000000000eeb       0xf3 ../1c_p2_bsp\libhal_bsp.a(alt_sbrk.o)
 .debug_line    0x0000000000000fde      0x143 ../1c_p2_bsp\libhal_bsp.a(alt_sys_init.o)
 .debug_line    0x0000000000001121       0xfb ../1c_p2_bsp\libhal_bsp.a(altera_avalon_fifo_util.o)
 .debug_line    0x000000000000121c      0x112 ../1c_p2_bsp\libhal_bsp.a(altera_avalon_jtag_uart_fd.o)
 .debug_line    0x000000000000132e       0xfd ../1c_p2_bsp\libhal_bsp.a(altera_avalon_jtag_uart_read.o)
 .debug_line    0x000000000000142b       0xf4 ../1c_p2_bsp\libhal_bsp.a(altera_avalon_jtag_uart_write.o)
 .debug_line    0x000000000000151f       0xfd ../1c_p2_bsp\libhal_bsp.a(altera_avalon_timer_sc.o)
 .debug_line    0x000000000000161c      0x165 ../1c_p2_bsp\libhal_bsp.a(alt_close.o)
 .debug_line    0x0000000000001781       0x51 ../1c_p2_bsp\libhal_bsp.a(alt_dcache_flush_all.o)
 .debug_line    0x00000000000017d2       0xf8 ../1c_p2_bsp\libhal_bsp.a(alt_dev.o)
 .debug_line    0x00000000000018ca       0xcf ../1c_p2_bsp\libhal_bsp.a(alt_dev_llist_insert.o)
 .debug_line    0x0000000000001999       0x59 ../1c_p2_bsp\libhal_bsp.a(alt_do_ctors.o)
 .debug_line    0x00000000000019f2       0x59 ../1c_p2_bsp\libhal_bsp.a(alt_do_dtors.o)
 .debug_line    0x0000000000001a4b       0x51 ../1c_p2_bsp\libhal_bsp.a(alt_errno.o)
 .debug_line    0x0000000000001a9c       0x4f ../1c_p2_bsp\libhal_bsp.a(alt_icache_flush_all.o)
 .debug_line    0x0000000000001aeb       0xeb ../1c_p2_bsp\libhal_bsp.a(alt_iic.o)
 .debug_line    0x0000000000001bd6       0xdb ../1c_p2_bsp\libhal_bsp.a(alt_iic_isr_register.o)
 .debug_line    0x0000000000001cb1      0x135 ../1c_p2_bsp\libhal_bsp.a(alt_io_redirect.o)
 .debug_line    0x0000000000001de6       0x6b ../1c_p2_bsp\libhal_bsp.a(alt_irq_entry.o)
 .debug_line    0x0000000000001e51       0xaa ../1c_p2_bsp\libhal_bsp.a(alt_irq_handler.o)
 .debug_line    0x0000000000001efb       0x50 ../1c_p2_bsp\libhal_bsp.a(alt_irq_vars.o)
 .debug_line    0x0000000000001f4b      0x12b ../1c_p2_bsp\libhal_bsp.a(alt_open.o)
 .debug_line    0x0000000000002076       0xb0 ../1c_p2_bsp\libhal_bsp.a(alt_release_fd.o)
 .debug_line    0x0000000000002126       0xff ../1c_p2_bsp\libhal_bsp.a(alt_tick.o)
 .debug_line    0x0000000000002225       0x51 ../1c_p2_bsp\libhal_bsp.a(altera_nios2_gen2_irq.o)
 .debug_line    0x0000000000002276       0xb3 ../1c_p2_bsp\libhal_bsp.a(alt_exception_entry.o)
 .debug_line    0x0000000000002329       0xb5 ../1c_p2_bsp\libhal_bsp.a(alt_find_dev.o)
 .debug_line    0x00000000000023de       0xd1 ../1c_p2_bsp\libhal_bsp.a(alt_find_file.o)
 .debug_line    0x00000000000024af       0xd7 ../1c_p2_bsp\libhal_bsp.a(alt_get_fd.o)
 .debug_line    0x0000000000002586       0xb9 ../1c_p2_bsp\libhal_bsp.a(alt_instruction_exception_entry.o)
 .debug_line    0x000000000000263f       0xe7 c:/intelfpga_lite/18.1/nios2eds/bin/gnu/h-x86_64-mingw32/bin/../lib/gcc/nios2-elf/5.3.0/../../../../../H-x86_64-mingw32/nios2-elf/lib/mno-hw-mul\libsmallc.a(lib_a-atexit.o)
 .debug_line    0x0000000000002726      0x159 c:/intelfpga_lite/18.1/nios2eds/bin/gnu/h-x86_64-mingw32/bin/../lib/gcc/nios2-elf/5.3.0/../../../../../H-x86_64-mingw32/nios2-elf/lib/mno-hw-mul\libsmallc.a(lib_a-exit.o)
 .debug_line    0x000000000000287f      0x160 c:/intelfpga_lite/18.1/nios2eds/bin/gnu/h-x86_64-mingw32/bin/../lib/gcc/nios2-elf/5.3.0/../../../../../H-x86_64-mingw32/nios2-elf/lib/mno-hw-mul\libsmallc.a(lib_a-memcmp.o)
 .debug_line    0x00000000000029df      0x15c c:/intelfpga_lite/18.1/nios2eds/bin/gnu/h-x86_64-mingw32/bin/../lib/gcc/nios2-elf/5.3.0/../../../../../H-x86_64-mingw32/nios2-elf/lib/mno-hw-mul\libsmallc.a(lib_a-strlen.o)
 .debug_line    0x0000000000002b3b      0x20d c:/intelfpga_lite/18.1/nios2eds/bin/gnu/h-x86_64-mingw32/bin/../lib/gcc/nios2-elf/5.3.0/../../../../../H-x86_64-mingw32/nios2-elf/lib/mno-hw-mul\libsmallc.a(lib_a-__atexit.o)
 .debug_line    0x0000000000002d48      0x232 c:/intelfpga_lite/18.1/nios2eds/bin/gnu/h-x86_64-mingw32/bin/../lib/gcc/nios2-elf/5.3.0/../../../../../H-x86_64-mingw32/nios2-elf/lib/mno-hw-mul\libsmallc.a(lib_a-__call_atexit.o)
 .debug_line    0x0000000000002f7a       0x71 ../1c_p2_bsp\libhal_bsp.a(alt_exit.o)

.debug_frame    0x0000000000000000      0xfd4
 *(.debug_frame)
 .debug_frame   0x0000000000000000       0x6c obj/default/1c_p2/main.o
 .debug_frame   0x000000000000006c       0xa8 obj/default/1c_p2/queue_wrapper.o
 .debug_frame   0x0000000000000114      0x190 obj/default/lib/mem_info.o
 .debug_frame   0x00000000000002a4       0x60 obj/default/lib/queue.o
 .debug_frame   0x0000000000000304       0x20 c:/intelfpga_lite/18.1/nios2eds/bin/gnu/h-x86_64-mingw32/bin/../lib/gcc/nios2-elf/5.3.0/mno-hw-mul\libgcc.a(lib2-mul.o)
 .debug_frame   0x0000000000000324       0x30 c:/intelfpga_lite/18.1/nios2eds/bin/gnu/h-x86_64-mingw32/bin/../lib/gcc/nios2-elf/5.3.0/../../../../../H-x86_64-mingw32/nios2-elf/lib/mno-hw-mul\libsmallc.a(lib_a-malloc.o)
 .debug_frame   0x0000000000000354       0x20 c:/intelfpga_lite/18.1/nios2eds/bin/gnu/h-x86_64-mingw32/bin/../lib/gcc/nios2-elf/5.3.0/../../../../../H-x86_64-mingw32/nios2-elf/lib/mno-hw-mul\libsmallc.a(lib_a-nano-freer.o)
 .debug_frame   0x0000000000000374       0x40 c:/intelfpga_lite/18.1/nios2eds/bin/gnu/h-x86_64-mingw32/bin/../lib/gcc/nios2-elf/5.3.0/../../../../../H-x86_64-mingw32/nios2-elf/lib/mno-hw-mul\libsmallc.a(lib_a-nano-mallocr.o)
 .debug_frame   0x00000000000003b4       0x38 c:/intelfpga_lite/18.1/nios2eds/bin/gnu/h-x86_64-mingw32/bin/../lib/gcc/nios2-elf/5.3.0/../../../../../H-x86_64-mingw32/nios2-elf/lib/mno-hw-mul\libsmallc.a(lib_a-sbrkr.o)
 .debug_frame   0x00000000000003ec       0x5c ../1c_p2_bsp\libhal_bsp.a(alt_load.o)
 .debug_frame   0x0000000000000448       0x2c ../1c_p2_bsp\libhal_bsp.a(alt_main.o)
 .debug_frame   0x0000000000000474       0x34 ../1c_p2_bsp\libhal_bsp.a(alt_sbrk.o)
 .debug_frame   0x00000000000004a8       0x88 ../1c_p2_bsp\libhal_bsp.a(alt_sys_init.o)
 .debug_frame   0x0000000000000530      0x288 ../1c_p2_bsp\libhal_bsp.a(altera_avalon_fifo_util.o)
 .debug_frame   0x00000000000007b8       0x60 ../1c_p2_bsp\libhal_bsp.a(altera_avalon_jtag_uart_fd.o)
 .debug_frame   0x0000000000000818       0x34 ../1c_p2_bsp\libhal_bsp.a(altera_avalon_jtag_uart_read.o)
 .debug_frame   0x000000000000084c       0x34 ../1c_p2_bsp\libhal_bsp.a(altera_avalon_jtag_uart_write.o)
 .debug_frame   0x0000000000000880       0x60 ../1c_p2_bsp\libhal_bsp.a(altera_avalon_timer_sc.o)
 .debug_frame   0x00000000000008e0       0x60 ../1c_p2_bsp\libhal_bsp.a(alt_close.o)
 .debug_frame   0x0000000000000940       0x34 ../1c_p2_bsp\libhal_bsp.a(alt_dcache_flush_all.o)
 .debug_frame   0x0000000000000974       0x34 ../1c_p2_bsp\libhal_bsp.a(alt_dev.o)
 .debug_frame   0x00000000000009a8       0x60 ../1c_p2_bsp\libhal_bsp.a(alt_dev_llist_insert.o)
 .debug_frame   0x0000000000000a08       0x38 ../1c_p2_bsp\libhal_bsp.a(alt_do_ctors.o)
 .debug_frame   0x0000000000000a40       0x38 ../1c_p2_bsp\libhal_bsp.a(alt_do_dtors.o)
 .debug_frame   0x0000000000000a78       0x34 ../1c_p2_bsp\libhal_bsp.a(alt_icache_flush_all.o)
 .debug_frame   0x0000000000000aac       0xa4 ../1c_p2_bsp\libhal_bsp.a(alt_iic.o)
 .debug_frame   0x0000000000000b50       0x38 ../1c_p2_bsp\libhal_bsp.a(alt_iic_isr_register.o)
 .debug_frame   0x0000000000000b88       0x64 ../1c_p2_bsp\libhal_bsp.a(alt_io_redirect.o)
 .debug_frame   0x0000000000000bec       0x38 ../1c_p2_bsp\libhal_bsp.a(alt_irq_handler.o)
 .debug_frame   0x0000000000000c24       0x8c ../1c_p2_bsp\libhal_bsp.a(alt_open.o)
 .debug_frame   0x0000000000000cb0       0x3c ../1c_p2_bsp\libhal_bsp.a(alt_release_fd.o)
 .debug_frame   0x0000000000000cec       0x5c ../1c_p2_bsp\libhal_bsp.a(alt_tick.o)
 .debug_frame   0x0000000000000d48       0x34 ../1c_p2_bsp\libhal_bsp.a(altera_nios2_gen2_irq.o)
 .debug_frame   0x0000000000000d7c       0x38 ../1c_p2_bsp\libhal_bsp.a(alt_find_dev.o)
 .debug_frame   0x0000000000000db4       0x38 ../1c_p2_bsp\libhal_bsp.a(alt_find_file.o)
 .debug_frame   0x0000000000000dec       0x3c ../1c_p2_bsp\libhal_bsp.a(alt_get_fd.o)
 .debug_frame   0x0000000000000e28       0x5c ../1c_p2_bsp\libhal_bsp.a(alt_instruction_exception_entry.o)
 .debug_frame   0x0000000000000e84       0x20 c:/intelfpga_lite/18.1/nios2eds/bin/gnu/h-x86_64-mingw32/bin/../lib/gcc/nios2-elf/5.3.0/../../../../../H-x86_64-mingw32/nios2-elf/lib/mno-hw-mul\libsmallc.a(lib_a-atexit.o)
 .debug_frame   0x0000000000000ea4       0x28 c:/intelfpga_lite/18.1/nios2eds/bin/gnu/h-x86_64-mingw32/bin/../lib/gcc/nios2-elf/5.3.0/../../../../../H-x86_64-mingw32/nios2-elf/lib/mno-hw-mul\libsmallc.a(lib_a-exit.o)
 .debug_frame   0x0000000000000ecc       0x20 c:/intelfpga_lite/18.1/nios2eds/bin/gnu/h-x86_64-mingw32/bin/../lib/gcc/nios2-elf/5.3.0/../../../../../H-x86_64-mingw32/nios2-elf/lib/mno-hw-mul\libsmallc.a(lib_a-memcmp.o)
 .debug_frame   0x0000000000000eec       0x20 c:/intelfpga_lite/18.1/nios2eds/bin/gnu/h-x86_64-mingw32/bin/../lib/gcc/nios2-elf/5.3.0/../../../../../H-x86_64-mingw32/nios2-elf/lib/mno-hw-mul\libsmallc.a(lib_a-strlen.o)
 .debug_frame   0x0000000000000f0c       0x48 c:/intelfpga_lite/18.1/nios2eds/bin/gnu/h-x86_64-mingw32/bin/../lib/gcc/nios2-elf/5.3.0/../../../../../H-x86_64-mingw32/nios2-elf/lib/mno-hw-mul\libsmallc.a(lib_a-__atexit.o)
 .debug_frame   0x0000000000000f54       0x54 c:/intelfpga_lite/18.1/nios2eds/bin/gnu/h-x86_64-mingw32/bin/../lib/gcc/nios2-elf/5.3.0/../../../../../H-x86_64-mingw32/nios2-elf/lib/mno-hw-mul\libsmallc.a(lib_a-__call_atexit.o)
 .debug_frame   0x0000000000000fa8       0x2c ../1c_p2_bsp\libhal_bsp.a(alt_exit.o)

.debug_str      0x0000000000000000     0x1f50
 *(.debug_str)
 .debug_str     0x0000000000000000       0xfd obj/default/1c_p2/main.o
                                        0x14c (size before relaxing)
 .debug_str     0x00000000000000fd       0xaa obj/default/1c_p2/queue_wrapper.o
                                        0x1a5 (size before relaxing)
 .debug_str     0x00000000000001a7       0xde obj/default/lib/mem_info.o
                                        0x1e0 (size before relaxing)
 .debug_str     0x0000000000000285       0x2c obj/default/lib/queue.o
                                        0x150 (size before relaxing)
 .debug_str     0x00000000000002b1      0x148 c:/intelfpga_lite/18.1/nios2eds/bin/gnu/h-x86_64-mingw32/bin/../lib/gcc/nios2-elf/5.3.0/mno-hw-mul\libgcc.a(lib2-mul.o)
                                        0x193 (size before relaxing)
 .debug_str     0x00000000000003f9      0x3eb c:/intelfpga_lite/18.1/nios2eds/bin/gnu/h-x86_64-mingw32/bin/../lib/gcc/nios2-elf/5.3.0/../../../../../H-x86_64-mingw32/nios2-elf/lib/mno-hw-mul\libsmallc.a(lib_a-malloc.o)
                                        0x4d2 (size before relaxing)
 .debug_str     0x00000000000007e4       0x9f c:/intelfpga_lite/18.1/nios2eds/bin/gnu/h-x86_64-mingw32/bin/../lib/gcc/nios2-elf/5.3.0/../../../../../H-x86_64-mingw32/nios2-elf/lib/mno-hw-mul\libsmallc.a(lib_a-nano-freer.o)
                                        0x516 (size before relaxing)
 .debug_str     0x0000000000000883       0x4d c:/intelfpga_lite/18.1/nios2eds/bin/gnu/h-x86_64-mingw32/bin/../lib/gcc/nios2-elf/5.3.0/../../../../../H-x86_64-mingw32/nios2-elf/lib/mno-hw-mul\libsmallc.a(lib_a-nano-mallocr.o)
                                        0x541 (size before relaxing)
 .debug_str     0x00000000000008d0       0xe3 c:/intelfpga_lite/18.1/nios2eds/bin/gnu/h-x86_64-mingw32/bin/../lib/gcc/nios2-elf/5.3.0/../../../../../H-x86_64-mingw32/nios2-elf/lib/mno-hw-mul\libsmallc.a(lib_a-sbrkr.o)
                                        0x4b4 (size before relaxing)
 .debug_str     0x00000000000009b3       0x5b c:/intelfpga_lite/18.1/nios2eds/bin/gnu/h-x86_64-mingw32/bin/../lib/gcc/nios2-elf/5.3.0/../../../../../H-x86_64-mingw32/nios2-elf/lib/mno-hw-mul\libsmallc.a(lib_a-impure.o)
                                        0x4be (size before relaxing)
 .debug_str     0x0000000000000a0e       0x3f c:/intelfpga_lite/18.1/nios2eds/bin/gnu/h-x86_64-mingw32/bin/../lib/gcc/nios2-elf/5.3.0/../../../../../H-x86_64-mingw32/nios2-elf/lib/mno-hw-mul\libsmallc.a(lib_a-int_errno.o)
                                        0x1d8 (size before relaxing)
 .debug_str     0x0000000000000a4d      0x12b ../1c_p2_bsp\libhal_bsp.a(alt_load.o)
                                        0x212 (size before relaxing)
 .debug_str     0x0000000000000b78       0x70 ../1c_p2_bsp\libhal_bsp.a(alt_main.o)
                                        0x19d (size before relaxing)
 .debug_str     0x0000000000000be8       0x98 ../1c_p2_bsp\libhal_bsp.a(alt_sbrk.o)
                                        0x1d4 (size before relaxing)
 .debug_str     0x0000000000000c80      0x18f ../1c_p2_bsp\libhal_bsp.a(alt_sys_init.o)
                                        0x311 (size before relaxing)
 .debug_str     0x0000000000000e0f      0x298 ../1c_p2_bsp\libhal_bsp.a(altera_avalon_fifo_util.o)
                                        0x3e8 (size before relaxing)
 .debug_str     0x00000000000010a7       0x77 ../1c_p2_bsp\libhal_bsp.a(altera_avalon_jtag_uart_fd.o)
                                        0x2d5 (size before relaxing)
 .debug_str     0x000000000000111e       0x48 ../1c_p2_bsp\libhal_bsp.a(altera_avalon_jtag_uart_read.o)
                                        0x21f (size before relaxing)
 .debug_str     0x0000000000001166       0x4a ../1c_p2_bsp\libhal_bsp.a(altera_avalon_jtag_uart_write.o)
                                        0x215 (size before relaxing)
 .debug_str     0x00000000000011b0       0x7f ../1c_p2_bsp\libhal_bsp.a(altera_avalon_timer_sc.o)
                                        0x24b (size before relaxing)
 .debug_str     0x000000000000122f       0x3a ../1c_p2_bsp\libhal_bsp.a(alt_close.o)
                                        0x20b (size before relaxing)
 .debug_str     0x0000000000001269       0x34 ../1c_p2_bsp\libhal_bsp.a(alt_dcache_flush_all.o)
                                        0x155 (size before relaxing)
 .debug_str     0x000000000000129d      0x120 ../1c_p2_bsp\libhal_bsp.a(alt_dev.o)
                                        0x305 (size before relaxing)
 .debug_str     0x00000000000013bd       0x45 ../1c_p2_bsp\libhal_bsp.a(alt_dev_llist_insert.o)
                                        0x1cc (size before relaxing)
 .debug_str     0x0000000000001402       0x48 ../1c_p2_bsp\libhal_bsp.a(alt_do_ctors.o)
                                         0xd0 (size before relaxing)
 .debug_str     0x000000000000144a       0x4c ../1c_p2_bsp\libhal_bsp.a(alt_do_dtors.o)
                                         0xcf (size before relaxing)
 .debug_str     0x0000000000001496       0x14 ../1c_p2_bsp\libhal_bsp.a(alt_errno.o)
                                        0x145 (size before relaxing)
 .debug_str     0x00000000000014aa       0x34 ../1c_p2_bsp\libhal_bsp.a(alt_icache_flush_all.o)
                                        0x155 (size before relaxing)
 .debug_str     0x00000000000014de       0xbd ../1c_p2_bsp\libhal_bsp.a(alt_iic.o)
                                        0x23e (size before relaxing)
 .debug_str     0x000000000000159b       0x4c ../1c_p2_bsp\libhal_bsp.a(alt_iic_isr_register.o)
                                        0x1e8 (size before relaxing)
 .debug_str     0x00000000000015e7       0x56 ../1c_p2_bsp\libhal_bsp.a(alt_io_redirect.o)
                                        0x316 (size before relaxing)
 .debug_str     0x000000000000163d       0x3a ../1c_p2_bsp\libhal_bsp.a(alt_irq_handler.o)
                                        0x197 (size before relaxing)
 .debug_str     0x0000000000001677       0x17 ../1c_p2_bsp\libhal_bsp.a(alt_irq_vars.o)
                                        0x13a (size before relaxing)
 .debug_str     0x000000000000168e       0x2f ../1c_p2_bsp\libhal_bsp.a(alt_open.o)
                                        0x24b (size before relaxing)
 .debug_str     0x00000000000016bd       0x28 ../1c_p2_bsp\libhal_bsp.a(alt_release_fd.o)
                                        0x1d3 (size before relaxing)
 .debug_str     0x00000000000016e5       0x78 ../1c_p2_bsp\libhal_bsp.a(alt_tick.o)
                                        0x252 (size before relaxing)
 .debug_str     0x000000000000175d       0x3b ../1c_p2_bsp\libhal_bsp.a(altera_nios2_gen2_irq.o)
                                        0x15c (size before relaxing)
 .debug_str     0x0000000000001798       0x24 ../1c_p2_bsp\libhal_bsp.a(alt_find_dev.o)
                                        0x1ec (size before relaxing)
 .debug_str     0x00000000000017bc       0x26 ../1c_p2_bsp\libhal_bsp.a(alt_find_file.o)
                                        0x1fa (size before relaxing)
 .debug_str     0x00000000000017e2       0x30 ../1c_p2_bsp\libhal_bsp.a(alt_get_fd.o)
                                        0x21c (size before relaxing)
 .debug_str     0x0000000000001812      0x48b ../1c_p2_bsp\libhal_bsp.a(alt_instruction_exception_entry.o)
                                        0x5a0 (size before relaxing)
 .debug_str     0x0000000000001c9d       0x81 c:/intelfpga_lite/18.1/nios2eds/bin/gnu/h-x86_64-mingw32/bin/../lib/gcc/nios2-elf/5.3.0/../../../../../H-x86_64-mingw32/nios2-elf/lib/mno-hw-mul\libsmallc.a(lib_a-atexit.o)
                                        0x21c (size before relaxing)
 .debug_str     0x0000000000001d1e       0x4c c:/intelfpga_lite/18.1/nios2eds/bin/gnu/h-x86_64-mingw32/bin/../lib/gcc/nios2-elf/5.3.0/../../../../../H-x86_64-mingw32/nios2-elf/lib/mno-hw-mul\libsmallc.a(lib_a-exit.o)
                                        0x1f0 (size before relaxing)
 .debug_str     0x0000000000001d6a       0xd9 c:/intelfpga_lite/18.1/nios2eds/bin/gnu/h-x86_64-mingw32/bin/../lib/gcc/nios2-elf/5.3.0/../../../../../H-x86_64-mingw32/nios2-elf/lib/mno-hw-mul\libsmallc.a(lib_a-memcmp.o)
                                        0x1df (size before relaxing)
 .debug_str     0x0000000000001e43       0x44 c:/intelfpga_lite/18.1/nios2eds/bin/gnu/h-x86_64-mingw32/bin/../lib/gcc/nios2-elf/5.3.0/../../../../../H-x86_64-mingw32/nios2-elf/lib/mno-hw-mul\libsmallc.a(lib_a-strlen.o)
                                        0x1e5 (size before relaxing)
 .debug_str     0x0000000000001e87       0x3f c:/intelfpga_lite/18.1/nios2eds/bin/gnu/h-x86_64-mingw32/bin/../lib/gcc/nios2-elf/5.3.0/../../../../../H-x86_64-mingw32/nios2-elf/lib/mno-hw-mul\libsmallc.a(lib_a-__atexit.o)
                                        0x4ff (size before relaxing)
 .debug_str     0x0000000000001ec6       0x60 c:/intelfpga_lite/18.1/nios2eds/bin/gnu/h-x86_64-mingw32/bin/../lib/gcc/nios2-elf/5.3.0/../../../../../H-x86_64-mingw32/nios2-elf/lib/mno-hw-mul\libsmallc.a(lib_a-__call_atexit.o)
                                        0x4eb (size before relaxing)
 .debug_str     0x0000000000001f26       0x2a ../1c_p2_bsp\libhal_bsp.a(alt_exit.o)
                                        0x151 (size before relaxing)

.debug_loc      0x0000000000000000      0x835
 *(.debug_loc)
 .debug_loc     0x0000000000000000       0x93 c:/intelfpga_lite/18.1/nios2eds/bin/gnu/h-x86_64-mingw32/bin/../lib/gcc/nios2-elf/5.3.0/mno-hw-mul\libgcc.a(lib2-mul.o)
 .debug_loc     0x0000000000000093       0x58 c:/intelfpga_lite/18.1/nios2eds/bin/gnu/h-x86_64-mingw32/bin/../lib/gcc/nios2-elf/5.3.0/../../../../../H-x86_64-mingw32/nios2-elf/lib/mno-hw-mul\libsmallc.a(lib_a-malloc.o)
 .debug_loc     0x00000000000000eb       0xd6 c:/intelfpga_lite/18.1/nios2eds/bin/gnu/h-x86_64-mingw32/bin/../lib/gcc/nios2-elf/5.3.0/../../../../../H-x86_64-mingw32/nios2-elf/lib/mno-hw-mul\libsmallc.a(lib_a-nano-freer.o)
 .debug_loc     0x00000000000001c1      0x214 c:/intelfpga_lite/18.1/nios2eds/bin/gnu/h-x86_64-mingw32/bin/../lib/gcc/nios2-elf/5.3.0/../../../../../H-x86_64-mingw32/nios2-elf/lib/mno-hw-mul\libsmallc.a(lib_a-nano-mallocr.o)
 .debug_loc     0x00000000000003d5       0x4d c:/intelfpga_lite/18.1/nios2eds/bin/gnu/h-x86_64-mingw32/bin/../lib/gcc/nios2-elf/5.3.0/../../../../../H-x86_64-mingw32/nios2-elf/lib/mno-hw-mul\libsmallc.a(lib_a-sbrkr.o)
 .debug_loc     0x0000000000000422       0x2c c:/intelfpga_lite/18.1/nios2eds/bin/gnu/h-x86_64-mingw32/bin/../lib/gcc/nios2-elf/5.3.0/../../../../../H-x86_64-mingw32/nios2-elf/lib/mno-hw-mul\libsmallc.a(lib_a-atexit.o)
 .debug_loc     0x000000000000044e       0x1e c:/intelfpga_lite/18.1/nios2eds/bin/gnu/h-x86_64-mingw32/bin/../lib/gcc/nios2-elf/5.3.0/../../../../../H-x86_64-mingw32/nios2-elf/lib/mno-hw-mul\libsmallc.a(lib_a-exit.o)
 .debug_loc     0x000000000000046c       0x94 c:/intelfpga_lite/18.1/nios2eds/bin/gnu/h-x86_64-mingw32/bin/../lib/gcc/nios2-elf/5.3.0/../../../../../H-x86_64-mingw32/nios2-elf/lib/mno-hw-mul\libsmallc.a(lib_a-memcmp.o)
 .debug_loc     0x0000000000000500       0x1e c:/intelfpga_lite/18.1/nios2eds/bin/gnu/h-x86_64-mingw32/bin/../lib/gcc/nios2-elf/5.3.0/../../../../../H-x86_64-mingw32/nios2-elf/lib/mno-hw-mul\libsmallc.a(lib_a-strlen.o)
 .debug_loc     0x000000000000051e      0x1c0 c:/intelfpga_lite/18.1/nios2eds/bin/gnu/h-x86_64-mingw32/bin/../lib/gcc/nios2-elf/5.3.0/../../../../../H-x86_64-mingw32/nios2-elf/lib/mno-hw-mul\libsmallc.a(lib_a-__atexit.o)
 .debug_loc     0x00000000000006de      0x157 c:/intelfpga_lite/18.1/nios2eds/bin/gnu/h-x86_64-mingw32/bin/../lib/gcc/nios2-elf/5.3.0/../../../../../H-x86_64-mingw32/nios2-elf/lib/mno-hw-mul\libsmallc.a(lib_a-__call_atexit.o)

.debug_macinfo
 *(.debug_macinfo)

.debug_weaknames
 *(.debug_weaknames)

.debug_funcnames
 *(.debug_funcnames)

.debug_typenames
 *(.debug_typenames)

.debug_varnames
 *(.debug_varnames)

.debug_alt_sim_info
                0x0000000000000000       0x10
 *(.debug_alt_sim_info)
 .debug_alt_sim_info
                0x0000000000000000       0x10 ../1c_p2_bsp/obj/HAL/src/crt0.o
                0x000000000000d000                __alt_data_end = 0xd000
                0x000000000000d000                PROVIDE (__alt_stack_pointer, __alt_data_end)
                [!provide]                        PROVIDE (__alt_stack_limit, __alt_stack_base)
                0x000000000000bab8                PROVIDE (__alt_heap_start, end)
                0x000000000000d000                PROVIDE (__alt_heap_limit, 0xd000)
OUTPUT(CPU_1c_p2_sub_cpu_0.elf elf32-littlenios2)

.debug_ranges   0x0000000000000000      0x1b0
 .debug_ranges  0x0000000000000000       0x20 ../1c_p2_bsp/obj/HAL/src/crt0.o
 .debug_ranges  0x0000000000000020       0x18 c:/intelfpga_lite/18.1/nios2eds/bin/gnu/h-x86_64-mingw32/bin/../lib/gcc/nios2-elf/5.3.0/../../../../../H-x86_64-mingw32/nios2-elf/lib/mno-hw-mul\libsmallc.a(lib_a-malloc.o)
 .debug_ranges  0x0000000000000038       0x10 c:/intelfpga_lite/18.1/nios2eds/bin/gnu/h-x86_64-mingw32/bin/../lib/gcc/nios2-elf/5.3.0/../../../../../H-x86_64-mingw32/nios2-elf/lib/mno-hw-mul\libsmallc.a(lib_a-nano-freer.o)
 .debug_ranges  0x0000000000000048       0x48 c:/intelfpga_lite/18.1/nios2eds/bin/gnu/h-x86_64-mingw32/bin/../lib/gcc/nios2-elf/5.3.0/../../../../../H-x86_64-mingw32/nios2-elf/lib/mno-hw-mul\libsmallc.a(lib_a-nano-mallocr.o)
 .debug_ranges  0x0000000000000090       0x10 c:/intelfpga_lite/18.1/nios2eds/bin/gnu/h-x86_64-mingw32/bin/../lib/gcc/nios2-elf/5.3.0/../../../../../H-x86_64-mingw32/nios2-elf/lib/mno-hw-mul\libsmallc.a(lib_a-sbrkr.o)
 .debug_ranges  0x00000000000000a0       0x18 ../1c_p2_bsp\libhal_bsp.a(altera_avalon_jtag_uart_read.o)
 .debug_ranges  0x00000000000000b8       0x28 ../1c_p2_bsp\libhal_bsp.a(alt_irq_entry.o)
 .debug_ranges  0x00000000000000e0       0x10 ../1c_p2_bsp\libhal_bsp.a(alt_irq_handler.o)
 .debug_ranges  0x00000000000000f0       0x30 ../1c_p2_bsp\libhal_bsp.a(alt_exception_entry.o)
 .debug_ranges  0x0000000000000120       0x18 ../1c_p2_bsp\libhal_bsp.a(alt_instruction_exception_entry.o)
 .debug_ranges  0x0000000000000138       0x10 c:/intelfpga_lite/18.1/nios2eds/bin/gnu/h-x86_64-mingw32/bin/../lib/gcc/nios2-elf/5.3.0/../../../../../H-x86_64-mingw32/nios2-elf/lib/mno-hw-mul\libsmallc.a(lib_a-atexit.o)
 .debug_ranges  0x0000000000000148       0x10 c:/intelfpga_lite/18.1/nios2eds/bin/gnu/h-x86_64-mingw32/bin/../lib/gcc/nios2-elf/5.3.0/../../../../../H-x86_64-mingw32/nios2-elf/lib/mno-hw-mul\libsmallc.a(lib_a-exit.o)
 .debug_ranges  0x0000000000000158       0x10 c:/intelfpga_lite/18.1/nios2eds/bin/gnu/h-x86_64-mingw32/bin/../lib/gcc/nios2-elf/5.3.0/../../../../../H-x86_64-mingw32/nios2-elf/lib/mno-hw-mul\libsmallc.a(lib_a-memcmp.o)
 .debug_ranges  0x0000000000000168       0x10 c:/intelfpga_lite/18.1/nios2eds/bin/gnu/h-x86_64-mingw32/bin/../lib/gcc/nios2-elf/5.3.0/../../../../../H-x86_64-mingw32/nios2-elf/lib/mno-hw-mul\libsmallc.a(lib_a-strlen.o)
 .debug_ranges  0x0000000000000178       0x10 c:/intelfpga_lite/18.1/nios2eds/bin/gnu/h-x86_64-mingw32/bin/../lib/gcc/nios2-elf/5.3.0/../../../../../H-x86_64-mingw32/nios2-elf/lib/mno-hw-mul\libsmallc.a(lib_a-__atexit.o)