Archive member included to satisfy reference by file (symbol)

c:/intelfpga_lite/18.1/nios2eds/bin/gnu/h-x86_64-mingw32/bin/../lib/gcc/nios2-elf/5.3.0/mno-hw-mul\libgcc.a(lib2-mul.o)
                              obj/default/1e/main.o (__mulsi3)
c:/intelfpga_lite/18.1/nios2eds/bin/gnu/h-x86_64-mingw32/bin/../lib/gcc/nios2-elf/5.3.0/../../../../../H-x86_64-mingw32/nios2-elf/lib/mno-hw-mul\libsmallc.a(lib_a-puts.o)
                              obj/default/1e/main.o (puts)
c:/intelfpga_lite/18.1/nios2eds/bin/gnu/h-x86_64-mingw32/bin/../lib/gcc/nios2-elf/5.3.0/../../../../../H-x86_64-mingw32/nios2-elf/lib/mno-hw-mul\libsmallc.a(lib_a-strlen.o)
                              c:/intelfpga_lite/18.1/nios2eds/bin/gnu/h-x86_64-mingw32/bin/../lib/gcc/nios2-elf/5.3.0/../../../../../H-x86_64-mingw32/nios2-elf/lib/mno-hw-mul\libsmallc.a(lib_a-puts.o) (strlen)
c:/intelfpga_lite/18.1/nios2eds/bin/gnu/h-x86_64-mingw32/bin/../lib/gcc/nios2-elf/5.3.0/../../../../../H-x86_64-mingw32/nios2-elf/lib/mno-hw-mul\libsmallc.a(lib_a-fvwrite_small_dev.o)
                              c:/intelfpga_lite/18.1/nios2eds/bin/gnu/h-x86_64-mingw32/bin/../lib/gcc/nios2-elf/5.3.0/../../../../../H-x86_64-mingw32/nios2-elf/lib/mno-hw-mul\libsmallc.a(lib_a-puts.o) (__sfvwrite_small_dev)
c:/intelfpga_lite/18.1/nios2eds/bin/gnu/h-x86_64-mingw32/bin/../lib/gcc/nios2-elf/5.3.0/../../../../../H-x86_64-mingw32/nios2-elf/lib/mno-hw-mul\libsmallc.a(lib_a-impure.o)
                              c:/intelfpga_lite/18.1/nios2eds/bin/gnu/h-x86_64-mingw32/bin/../lib/gcc/nios2-elf/5.3.0/../../../../../H-x86_64-mingw32/nios2-elf/lib/mno-hw-mul\libsmallc.a(lib_a-puts.o) (_impure_ptr)
c:/intelfpga_lite/18.1/nios2eds/bin/gnu/h-x86_64-mingw32/bin/../lib/gcc/nios2-elf/5.3.0/../../../../../H-x86_64-mingw32/nios2-elf/lib/mno-hw-mul\libsmallc.a(lib_a-writer.o)
                              c:/intelfpga_lite/18.1/nios2eds/bin/gnu/h-x86_64-mingw32/bin/../lib/gcc/nios2-elf/5.3.0/../../../../../H-x86_64-mingw32/nios2-elf/lib/mno-hw-mul\libsmallc.a(lib_a-fvwrite_small_dev.o) (_write_r)
c:/intelfpga_lite/18.1/nios2eds/bin/gnu/h-x86_64-mingw32/bin/../lib/gcc/nios2-elf/5.3.0/../../../../../H-x86_64-mingw32/nios2-elf/lib/mno-hw-mul\libsmallc.a(lib_a-int_errno.o)
                              c:/intelfpga_lite/18.1/nios2eds/bin/gnu/h-x86_64-mingw32/bin/../lib/gcc/nios2-elf/5.3.0/../../../../../H-x86_64-mingw32/nios2-elf/lib/mno-hw-mul\libsmallc.a(lib_a-writer.o) (errno)
../1e_bsp\libhal_bsp.a(alt_load.o)
                              ../1e_bsp/obj/HAL/src/crt0.o (alt_load)
../1e_bsp\libhal_bsp.a(alt_main.o)
                              ../1e_bsp/obj/HAL/src/crt0.o (alt_main)
../1e_bsp\libhal_bsp.a(alt_write.o)
                              c:/intelfpga_lite/18.1/nios2eds/bin/gnu/h-x86_64-mingw32/bin/../lib/gcc/nios2-elf/5.3.0/../../../../../H-x86_64-mingw32/nios2-elf/lib/mno-hw-mul\libsmallc.a(lib_a-writer.o) (write)
../1e_bsp\libhal_bsp.a(alt_sys_init.o)
                              ../1e_bsp\libhal_bsp.a(alt_main.o) (alt_irq_init)
../1e_bsp\libhal_bsp.a(altera_avalon_fifo_util.o)
                              obj/default/lib/queue.o (altera_avalon_fifo_read_status)
../1e_bsp\libhal_bsp.a(altera_avalon_jtag_uart_fd.o)
                              ../1e_bsp\libhal_bsp.a(alt_sys_init.o) (altera_avalon_jtag_uart_read_fd)
../1e_bsp\libhal_bsp.a(altera_avalon_jtag_uart_read.o)
                              ../1e_bsp\libhal_bsp.a(altera_avalon_jtag_uart_fd.o) (altera_avalon_jtag_uart_read)
../1e_bsp\libhal_bsp.a(altera_avalon_jtag_uart_write.o)
                              ../1e_bsp\libhal_bsp.a(altera_avalon_jtag_uart_fd.o) (altera_avalon_jtag_uart_write)
../1e_bsp\libhal_bsp.a(altera_avalon_timer_sc.o)
                              ../1e_bsp\libhal_bsp.a(alt_sys_init.o) (alt_avalon_timer_sc_init)
../1e_bsp\libhal_bsp.a(alt_close.o)
                              ../1e_bsp\libhal_bsp.a(alt_main.o) (close)
../1e_bsp\libhal_bsp.a(alt_dcache_flush_all.o)
                              ../1e_bsp\libhal_bsp.a(alt_load.o) (alt_dcache_flush_all)
../1e_bsp\libhal_bsp.a(alt_dev.o)
                              ../1e_bsp\libhal_bsp.a(alt_sys_init.o) (alt_dev_list)
../1e_bsp\libhal_bsp.a(alt_dev_llist_insert.o)
                              ../1e_bsp\libhal_bsp.a(alt_sys_init.o) (alt_dev_llist_insert)
../1e_bsp\libhal_bsp.a(alt_do_ctors.o)
                              ../1e_bsp\libhal_bsp.a(alt_main.o) (_do_ctors)
../1e_bsp\libhal_bsp.a(alt_do_dtors.o)
                              ../1e_bsp\libhal_bsp.a(alt_main.o) (_do_dtors)
../1e_bsp\libhal_bsp.a(alt_errno.o)
                              ../1e_bsp\libhal_bsp.a(alt_write.o) (alt_errno)
../1e_bsp\libhal_bsp.a(alt_icache_flush_all.o)
                              ../1e_bsp\libhal_bsp.a(alt_load.o) (alt_icache_flush_all)
../1e_bsp\libhal_bsp.a(alt_iic.o)
                              ../1e_bsp\libhal_bsp.a(altera_avalon_timer_sc.o) (alt_ic_isr_register)
../1e_bsp\libhal_bsp.a(alt_iic_isr_register.o)
[...]
Memory Configuration

Name             Origin             Length             Attributes
reset            0x0000000000008000 0x0000000000000020
CPU_1e_oc_ram_0  0x0000000000008020 0x0000000000004fe0
mem_info         0x0000000010010000 0x0000000000000400
*default*        0x0000000000000000 0xffffffffffffffff

Linker script and memory map

LOAD ../1e_bsp/obj/HAL/src/crt0.o
LOAD obj/default/1e/main.o
LOAD obj/default/1e/queue_wrapper.o
LOAD obj/default/lib/mem_info.o
LOAD obj/default/lib/queue.o
LOAD c:/intelfpga_lite/18.1/nios2eds/bin/gnu/h-x86_64-mingw32/bin/../lib/gcc/nios2-elf/5.3.0/../../../../../H-x86_64-mingw32/nios2-elf/lib/mno-hw-mul\libstdc++.a
LOAD c:/intelfpga_lite/18.1/nios2eds/bin/gnu/h-x86_64-mingw32/bin/../lib/gcc/nios2-elf/5.3.0/../../../../../H-x86_64-mingw32/nios2-elf/lib/mno-hw-mul\libm.a
LOAD c:/intelfpga_lite/18.1/nios2eds/bin/gnu/h-x86_64-mingw32/bin/../lib/gcc/nios2-elf/5.3.0/mno-hw-mul\libgcc.a
START GROUP
LOAD c:/intelfpga_lite/18.1/nios2eds/bin/gnu/h-x86_64-mingw32/bin/../lib/gcc/nios2-elf/5.3.0/../../../../../H-x86_64-mingw32/nios2-elf/lib/mno-hw-mul\libsmallc.a
LOAD c:/intelfpga_lite/18.1/nios2eds/bin/gnu/h-x86_64-mingw32/bin/../lib/gcc/nios2-elf/5.3.0/mno-hw-mul\libgcc.a
LOAD ../1e_bsp\libhal_bsp.a
LOAD c:/intelfpga_lite/18.1/nios2eds/bin/gnu/h-x86_64-mingw32/bin/../lib/gcc/nios2-elf/5.3.0/../../../../../H-x86_64-mingw32/nios2-elf/lib/mno-hw-mul\libm.a
END GROUP
LOAD c:/intelfpga_lite/18.1/nios2eds/bin/gnu/h-x86_64-mingw32/bin/../lib/gcc/nios2-elf/5.3.0/mno-hw-mul\libgcc.a
                0x0000000000008000                __alt_mem_CPU_1e_oc_ram_0 = 0x8000
                0x0000000010010000                __alt_mem_mem_info = 0x10010000

.entry          0x0000000000008000       0x20
 *(.entry)
 .entry         0x0000000000008000       0x20 ../1e_bsp/obj/HAL/src/crt0.o
                0x0000000000008000                __reset

.exceptions     0x0000000000008020      0x210
                0x0000000000008020                PROVIDE (__ram_exceptions_start, ABSOLUTE (.))
                0x0000000000008020                . = ALIGN (0x20)
 *(.irq)
 *(.exceptions.entry.label)
 .exceptions.entry.label
                0x0000000000008020        0x0 ../1e_bsp\libhal_bsp.a(alt_irq_entry.o)
                0x0000000000008020                alt_irq_entry
 .exceptions.entry.label
                0x0000000000008020        0x0 ../1e_bsp\libhal_bsp.a(alt_exception_entry.o)
                0x0000000000008020                alt_exception
 *(.exceptions.entry.user)
 *(.exceptions.entry.ecc_fatal)
 *(.exceptions.entry)
 .exceptions.entry
                0x0000000000008020       0x54 ../1e_bsp\libhal_bsp.a(alt_exception_entry.o)
 *(.exceptions.irqtest.user)
 *(.exceptions.irqtest)
 .exceptions.irqtest
                0x0000000000008074       0x10 ../1e_bsp\libhal_bsp.a(alt_irq_entry.o)
 *(.exceptions.irqhandler.user)
 *(.exceptions.irqhandler)
 .exceptions.irqhandler
                0x0000000000008084        0x4 ../1e_bsp\libhal_bsp.a(alt_irq_entry.o)
 *(.exceptions.irqreturn.user)
 *(.exceptions.irqreturn)
 .exceptions.irqreturn
                0x0000000000008088        0x4 ../1e_bsp\libhal_bsp.a(alt_irq_entry.o)
 *(.exceptions.notirq.label)
 .exceptions.notirq.label
                0x000000000000808c        0x0 ../1e_bsp\libhal_bsp.a(alt_irq_entry.o)
 *(.exceptions.notirq.user)
 *(.exceptions.notirq)
 .exceptions.notirq
                0x000000000000808c        0x8 ../1e_bsp\libhal_bsp.a(alt_exception_entry.o)
 *(.exceptions.soft.user)
 *(.exceptions.soft)
 *(.exceptions.unknown.user)
 *(.exceptions.unknown)
 .exceptions.unknown
                0x0000000000008094       0x14 ../1e_bsp\libhal_bsp.a(alt_exception_entry.o)
 *(.exceptions.exit.label)
 .exceptions.exit.label
                0x00000000000080a8        0x0 ../1e_bsp\libhal_bsp.a(alt_irq_entry.o)
 .exceptions.exit.label
                0x00000000000080a8        0x0 ../1e_bsp\libhal_bsp.a(alt_exception_entry.o)
 *(.exceptions.exit.user)
 *(.exceptions.exit)
 .exceptions.exit
                0x00000000000080a8       0x54 ../1e_bsp\libhal_bsp.a(alt_exception_entry.o)
 *(.exceptions)
 .exceptions    0x00000000000080fc       0xd4 ../1e_bsp\libhal_bsp.a(alt_irq_handler.o)
                0x00000000000080fc                alt_irq_handler
 .exceptions    0x00000000000081d0       0x60 ../1e_bsp\libhal_bsp.a(alt_instruction_exception_entry.o)
                0x00000000000081d0                alt_instruction_exception_entry
                0x0000000000008230                PROVIDE (__ram_exceptions_end, ABSOLUTE (.))
                0x0000000000008020                PROVIDE (__flash_exceptions_start, LOADADDR (.exceptions))

.text           0x0000000000008230     0x3204
                [!provide]                        PROVIDE (stext, ABSOLUTE (.))
 *(.interp)
 *(.hash)
 *(.dynsym)
 *(.dynstr)
 *(.gnu.version)
 *(.gnu.version_d)
 *(.gnu.version_r)
 *(.rel.init)
 *(.rela.init)
 *(.rel.text .rel.text.* .rel.gnu.linkonce.t.*)
 *(.rela.text .rela.text.* .rela.gnu.linkonce.t.*)
 *(.rel.fini)
 *(.rela.fini)
 *(.rel.rodata .rel.rodata.* .rel.gnu.linkonce.r.*)
 *(.rela.rodata .rela.rodata.* .rela.gnu.linkonce.r.*)
 *(.rel.data .rel.data.* .rel.gnu.linkonce.d.*)
 *(.rela.data .rela.data.* .rela.gnu.linkonce.d.*)
 *(.rel.tdata .rel.tdata.* .rel.gnu.linkonce.td.*)
 *(.rela.tdata .rela.tdata.* .rela.gnu.linkonce.td.*)
 *(.rel.tbss .rel.tbss.* .rel.gnu.linkonce.tb.*)
 *(.rela.tbss .rela.tbss.* .rela.gnu.linkonce.tb.*)
 *(.rel.ctors)
 *(.rela.ctors)
 *(.rel.dtors)
 *(.rela.dtors)
 *(.rel.got)
 *(.rela.got)
 *(.rel.sdata .rel.sdata.* .rel.gnu.linkonce.s.*)
 *(.rela.sdata .rela.sdata.* .rela.gnu.linkonce.s.*)
 *(.rel.sbss .rel.sbss.* .rel.gnu.linkonce.sb.*)
 *(.rela.sbss .rela.sbss.* .rela.gnu.linkonce.sb.*)
 *(.rel.sdata2 .rel.sdata2.* .rel.gnu.linkonce.s2.*)
 *(.rela.sdata2 .rela.sdata2.* .rela.gnu.linkonce.s2.*)
 *(.rel.sbss2 .rel.sbss2.* .rel.gnu.linkonce.sb2.*)
 *(.rela.sbss2 .rela.sbss2.* .rela.gnu.linkonce.sb2.*)
 *(.rel.bss .rel.bss.* .rel.gnu.linkonce.b.*)
 *(.rela.bss .rela.bss.* .rela.gnu.linkonce.b.*)
 *(.rel.plt)
 *(.rela.plt)
 *(.rel.dyn)
 *(.init)
 *(.plt)
 *(.text .stub .text.* .gnu.linkonce.t.*)
 .text          0x0000000000008230       0x3c ../1e_bsp/obj/HAL/src/crt0.o
                0x0000000000008230                _start
 .text          0x000000000000826c      0xcb0 obj/default/1e/main.o
                0x000000000000826c                write_markers
                0x0000000000008544                huffman
                0x0000000000008da4                close_bitstream
                0x0000000000008e74                main
 .text          0x0000000000008f1c      0x170 obj/default/1e/queue_wrapper.o
                0x0000000000008f1c                init_queues
                0x0000000000008f3c                close_queues
                0x0000000000008f5c                RECV2
                0x0000000000009044                SEND1
 .text          0x000000000000908c      0x2dc obj/default/lib/mem_info.o
                0x000000000000908c                setProgStatus
                0x00000000000090bc                getProgStatus
                0x00000000000090e0                setFileName
                0x000000000000916c                setMemInfo
                0x00000000000091ec                getFileName
                0x0000000000009228                getIterCount
                0x0000000000009268                getWidth
                0x00000000000092a8                getHeight
                0x00000000000092e8                getQualityFactor
                0x0000000000009328                getImageFormat
 .text          0x0000000000009368       0xd8 obj/default/lib/queue.o
                0x0000000000009368                enqueueINT32
                0x00000000000093d8                dequeueINT32
 .text          0x0000000000009440       0x28 c:/intelfpga_lite/18.1/nios2eds/bin/gnu/h-x86_64-mingw32/bin/../lib/gcc/nios2-elf/5.3.0/mno-hw-mul\libgcc.a(lib2-mul.o)
                0x0000000000009440                __mulsi3
 .text          0x0000000000009468        0x0 c:/intelfpga_lite/18.1/nios2eds/bin/gnu/h-x86_64-mingw32/bin/../lib/gcc/nios2-elf/5.3.0/../../../../../H-x86_64-mingw32/nios2-elf/lib/mno-hw-mul\libsmallc.a(lib_a-puts.o)
 .text._puts_r  0x0000000000009468       0x80 c:/intelfpga_lite/18.1/nios2eds/bin/gnu/h-x86_64-mingw32/bin/../lib/gcc/nios2-elf/5.3.0/../../../../../H-x86_64-mingw32/nios2-elf/lib/mno-hw-mul\libsmallc.a(lib_a-puts.o)
                0x0000000000009468                _puts_r
 .text.puts     0x00000000000094e8       0x14 c:/intelfpga_lite/18.1/nios2eds/bin/gnu/h-x86_64-mingw32/bin/../lib/gcc/nios2-elf/5.3.0/../../../../../H-x86_64-mingw32/nios2-elf/lib/mno-hw-mul\libsmallc.a(lib_a-puts.o)
                0x00000000000094e8                puts
 .text          0x00000000000094fc        0x0 c:/intelfpga_lite/18.1/nios2eds/bin/gnu/h-x86_64-mingw32/bin/../lib/gcc/nios2-elf/5.3.0/../../../../../H-x86_64-mingw32/nios2-elf/lib/mno-hw-mul\libsmallc.a(lib_a-strlen.o)
 .text.strlen   0x00000000000094fc       0x1c c:/intelfpga_lite/18.1/nios2eds/bin/gnu/h-x86_64-mingw32/bin/../lib/gcc/nios2-elf/5.3.0/../../../../../H-x86_64-mingw32/nios2-elf/lib/mno-hw-mul\libsmallc.a(lib_a-strlen.o)
                0x00000000000094fc                strlen
 .text          0x0000000000009518        0x0 c:/intelfpga_lite/18.1/nios2eds/bin/gnu/h-x86_64-mingw32/bin/../lib/gcc/nios2-elf/5.3.0/../../../../../H-x86_64-mingw32/nios2-elf/lib/mno-hw-mul\libsmallc.a(lib_a-fvwrite_small_dev.o)
 .text.__sfvwrite_small_dev
                0x0000000000009518       0xb8 c:/intelfpga_lite/18.1/nios2eds/bin/gnu/h-x86_64-mingw32/bin/../lib/gcc/nios2-elf/5.3.0/../../../../../H-x86_64-mingw32/nios2-elf/lib/mno-hw-mul\libsmallc.a(lib_a-fvwrite_small_dev.o)
                0x0000000000009518                __sfvwrite_small_dev
 .text          0x00000000000095d0        0x0 c:/intelfpga_lite/18.1/nios2eds/bin/gnu/h-x86_64-mingw32/bin/../lib/gcc/nios2-elf/5.3.0/../../../../../H-x86_64-mingw32/nios2-elf/lib/mno-hw-mul\libsmallc.a(lib_a-impure.o)
 .text          0x00000000000095d0        0x0 c:/intelfpga_lite/18.1/nios2eds/bin/gnu/h-x86_64-mingw32/bin/../lib/gcc/nios2-elf/5.3.0/../../../../../H-x86_64-mingw32/nios2-elf/lib/mno-hw-mul\libsmallc.a(lib_a-writer.o)
 .text._write_r
                0x00000000000095d0       0x58 c:/intelfpga_lite/18.1/nios2eds/bin/gnu/h-x86_64-mingw32/bin/../lib/gcc/nios2-elf/5.3.0/../../../../../H-x86_64-mingw32/nios2-elf/lib/mno-hw-mul\libsmallc.a(lib_a-writer.o)
                0x00000000000095d0                _write_r
 .text          0x0000000000009628        0x0 c:/intelfpga_lite/18.1/nios2eds/bin/gnu/h-x86_64-mingw32/bin/../lib/gcc/nios2-elf/5.3.0/../../../../../H-x86_64-mingw32/nios2-elf/lib/mno-hw-mul\libsmallc.a(lib_a-int_errno.o)
 .text          0x0000000000009628       0xec ../1e_bsp\libhal_bsp.a(alt_load.o)
                0x0000000000009690                alt_load
 .text          0x0000000000009714       0x7c ../1e_bsp\libhal_bsp.a(alt_main.o)
                0x0000000000009714                alt_main
 .text          0x0000000000009790      0x13c ../1e_bsp\libhal_bsp.a(alt_write.o)
                0x00000000000097cc                write
 .text          0x00000000000098cc       0xc8 ../1e_bsp\libhal_bsp.a(alt_sys_init.o)
                0x0000000000009900                alt_irq_init
                0x0000000000009938                alt_sys_init
 .text          0x0000000000009994      0x504 ../1e_bsp\libhal_bsp.a(altera_avalon_fifo_util.o)
                0x0000000000009994                altera_avalon_fifo_init
                0x0000000000009a2c                altera_avalon_fifo_read_status
                0x0000000000009a68                altera_avalon_fifo_read_ienable
                0x0000000000009aa4                altera_avalon_fifo_read_almostfull
                0x0000000000009ad0                altera_avalon_fifo_read_almostempty
                0x0000000000009afc                altera_avalon_fifo_read_event
                0x0000000000009b38                altera_avalon_fifo_read_level
                0x0000000000009b60                altera_avalon_fifo_clear_event
                0x0000000000009bc0                altera_avalon_fifo_write_ienable
                0x0000000000009c1c                altera_avalon_fifo_write_almostfull
                0x0000000000009c78                altera_avalon_fifo_write_almostempty
                0x0000000000009cd4                altera_avalon_fifo_write_fifo
                0x0000000000009d2c                altera_avalon_read_fifo
                0x0000000000009d98                altera_avalon_fifo_read_fifo
                0x0000000000009de4                altera_avalon_fifo_write_other_info
                0x0000000000009e44                altera_avalon_fifo_read_other_info
                0x0000000000009e70                altera_avalon_fifo_read_backpressure
 .text          0x0000000000009e98       0xc0 ../1e_bsp\libhal_bsp.a(altera_avalon_jtag_uart_fd.o)
                0x0000000000009e98                altera_avalon_jtag_uart_read_fd
                0x0000000000009ef8                altera_avalon_jtag_uart_write_fd
 .text          0x0000000000009f58       0xec ../1e_bsp\libhal_bsp.a(altera_avalon_jtag_uart_read.o)
                0x0000000000009f58                altera_avalon_jtag_uart_read
 .text          0x000000000000a044       0x94 ../1e_bsp\libhal_bsp.a(altera_avalon_jtag_uart_write.o)
                0x000000000000a044                altera_avalon_jtag_uart_write
 .text          0x000000000000a0d8       0xf4 ../1e_bsp\libhal_bsp.a(altera_avalon_timer_sc.o)
                0x000000000000a150                alt_avalon_timer_sc_init
 .text          0x000000000000a1cc      0x114 ../1e_bsp\libhal_bsp.a(alt_close.o)
                0x000000000000a208                close
 .text          0x000000000000a2e0       0x20 ../1e_bsp\libhal_bsp.a(alt_dcache_flush_all.o)
                0x000000000000a2e0                alt_dcache_flush_all
 .text          0x000000000000a300       0x2c ../1e_bsp\libhal_bsp.a(alt_dev.o)
 .text          0x000000000000a32c       0xe0 ../1e_bsp\libhal_bsp.a(alt_dev_llist_insert.o)
                0x000000000000a368                alt_dev_llist_insert
 .text          0x000000000000a40c       0x60 ../1e_bsp\libhal_bsp.a(alt_do_ctors.o)
                0x000000000000a40c                _do_ctors
 .text          0x000000000000a46c       0x60 ../1e_bsp\libhal_bsp.a(alt_do_dtors.o)
                0x000000000000a46c                _do_dtors
 .text          0x000000000000a4cc        0x0 ../1e_bsp\libhal_bsp.a(alt_errno.o)
 .text          0x000000000000a4cc       0x20 ../1e_bsp\libhal_bsp.a(alt_icache_flush_all.o)
                0x000000000000a4cc                alt_icache_flush_all
 .text          0x000000000000a4ec      0x1b0 ../1e_bsp\libhal_bsp.a(alt_iic.o)
                0x000000000000a4ec                alt_ic_isr_register
                0x000000000000a53c                alt_ic_irq_enable
                0x000000000000a5c4                alt_ic_irq_disable
                0x000000000000a650                alt_ic_irq_enabled
 .text          0x000000000000a69c       0xf0 ../1e_bsp\libhal_bsp.a(alt_iic_isr_register.o)
                0x000000000000a69c                alt_iic_isr_register
 .text          0x000000000000a78c      0x160 ../1e_bsp\libhal_bsp.a(alt_io_redirect.o)
                0x000000000000a870                alt_io_redirect
 .text          0x000000000000a8ec        0x0 ../1e_bsp\libhal_bsp.a(alt_irq_entry.o)
 .text          0x000000000000a8ec        0x0 ../1e_bsp\libhal_bsp.a(alt_irq_handler.o)
 .text          0x000000000000a8ec        0x0 ../1e_bsp\libhal_bsp.a(alt_irq_vars.o)
 .text          0x000000000000a8ec      0x284 ../1e_bsp\libhal_bsp.a(alt_open.o)
                0x000000000000aa14                open
 .text          0x000000000000ab70       0x84 ../1e_bsp\libhal_bsp.a(alt_release_fd.o)
                0x000000000000ab70                alt_release_fd
 .text          0x000000000000abf4      0x1a4 ../1e_bsp\libhal_bsp.a(alt_tick.o)
                0x000000000000abf4                alt_alarm_stop
                0x000000000000ac90                alt_tick
 .text          0x000000000000ad98       0x24 ../1e_bsp\libhal_bsp.a(altera_nios2_gen2_irq.o)
                0x000000000000ad98                altera_nios2_gen2_irq_init
 .text          0x000000000000adbc        0x0 ../1e_bsp\libhal_bsp.a(alt_exception_entry.o)
 .text          0x000000000000adbc       0x90 ../1e_bsp\libhal_bsp.a(alt_find_dev.o)
                0x000000000000adbc                alt_find_dev
 .text          0x000000000000ae4c      0x108 ../1e_bsp\libhal_bsp.a(alt_find_file.o)
                0x000000000000ae4c                alt_find_file
 .text          0x000000000000af54       0xc4 ../1e_bsp\libhal_bsp.a(alt_get_fd.o)
                0x000000000000af54                alt_get_fd
 .text          0x000000000000b018       0x9c ../1e_bsp\libhal_bsp.a(alt_instruction_exception_entry.o)
                0x000000000000b018                alt_exception_cause_generated_bad_addr
 .text          0x000000000000b0b4        0x0 c:/intelfpga_lite/18.1/nios2eds/bin/gnu/h-x86_64-mingw32/bin/../lib/gcc/nios2-elf/5.3.0/../../../../../H-x86_64-mingw32/nios2-elf/lib/mno-hw-mul\libsmallc.a(lib_a-atexit.o)
 .text.atexit   0x000000000000b0b4       0x14 c:/intelfpga_lite/18.1/nios2eds/bin/gnu/h-x86_64-mingw32/bin/../lib/gcc/nios2-elf/5.3.0/../../../../../H-x86_64-mingw32/nios2-elf/lib/mno-hw-mul\libsmallc.a(lib_a-atexit.o)
                0x000000000000b0b4                atexit
 .text          0x000000000000b0c8        0x0 c:/intelfpga_lite/18.1/nios2eds/bin/gnu/h-x86_64-mingw32/bin/../lib/gcc/nios2-elf/5.3.0/../../../../../H-x86_64-mingw32/nios2-elf/lib/mno-hw-mul\libsmallc.a(lib_a-exit.o)
 .text.exit     0x000000000000b0c8       0x20 c:/intelfpga_lite/18.1/nios2eds/bin/gnu/h-x86_64-mingw32/bin/../lib/gcc/nios2-elf/5.3.0/../../../../../H-x86_64-mingw32/nios2-elf/lib/mno-hw-mul\libsmallc.a(lib_a-exit.o)
                0x000000000000b0c8                exit
 .text          0x000000000000b0e8        0x0 c:/intelfpga_lite/18.1/nios2eds/bin/gnu/h-x86_64-mingw32/bin/../lib/gcc/nios2-elf/5.3.0/../../../../../H-x86_64-mingw32/nios2-elf/lib/mno-hw-mul\libsmallc.a(lib_a-memcmp.o)
 .text.memcmp   0x000000000000b0e8       0x30 c:/intelfpga_lite/18.1/nios2eds/bin/gnu/h-x86_64-mingw32/bin/../lib/gcc/nios2-elf/5.3.0/../../../../../H-x86_64-mingw32/nios2-elf/lib/mno-hw-mul\libsmallc.a(lib_a-memcmp.o)
                0x000000000000b0e8                memcmp
 .text          0x000000000000b118        0x0 c:/intelfpga_lite/18.1/nios2eds/bin/gnu/h-x86_64-mingw32/bin/../lib/gcc/nios2-elf/5.3.0/../../../../../H-x86_64-mingw32/nios2-elf/lib/mno-hw-mul\libsmallc.a(lib_a-__atexit.o)
 .text.__register_exitproc
                0x000000000000b118      0x158 c:/intelfpga_lite/18.1/nios2eds/bin/gnu/h-x86_64-mingw32/bin/../lib/gcc/nios2-elf/5.3.0/../../../../../H-x86_64-mingw32/nios2-elf/lib/mno-hw-mul\libsmallc.a(lib_a-__atexit.o)
                0x000000000000b118                __register_exitproc
 .text          0x000000000000b270        0x0 c:/intelfpga_lite/18.1/nios2eds/bin/gnu/h-x86_64-mingw32/bin/../lib/gcc/nios2-elf/5.3.0/../../../../../H-x86_64-mingw32/nios2-elf/lib/mno-hw-mul\libsmallc.a(lib_a-__call_atexit.o)
 .text.__call_exitprocs
                0x000000000000b270      0x190 c:/intelfpga_lite/18.1/nios2eds/bin/gnu/h-x86_64-mingw32/bin/../lib/gcc/nios2-elf/5.3.0/../../../../../H-x86_64-mingw32/nios2-elf/lib/mno-hw-mul\libsmallc.a(lib_a-__call_atexit.o)
                0x000000000000b270                __call_exitprocs
 .text          0x000000000000b400       0x34 ../1e_bsp\libhal_bsp.a(alt_exit.o)
                0x000000000000b400                _exit
 *(.gnu.warning.*)
 *(.fini)
                [!provide]                        PROVIDE (__etext, ABSOLUTE (.))
                [!provide]                        PROVIDE (_etext, ABSOLUTE (.))
                [!provide]                        PROVIDE (etext, ABSOLUTE (.))
 *(.eh_frame_hdr)
                0x000000000000b434                . = ALIGN (0x4)
                [!provide]                        PROVIDE (__preinit_array_start, ABSOLUTE (.))
 *(.preinit_array)
                [!provide]                        PROVIDE (__preinit_array_end, ABSOLUTE (.))
                [!provide]                        PROVIDE (__init_array_start, ABSOLUTE (.))
 *(.init_array)
                [!provide]                        PROVIDE (__init_array_end, ABSOLUTE (.))
                [!provide]                        PROVIDE (__fini_array_start, ABSOLUTE (.))
 *(.fini_array)
                [!provide]                        PROVIDE (__fini_array_end, ABSOLUTE (.))
 *(.eh_frame)
 *(.gcc_except_table .gcc_except_table.*)
 *(.dynamic)
                0x000000000000b434                PROVIDE (__CTOR_LIST__, ABSOLUTE (.))
 *(.ctors)
 *(SORT(.ctors.*))
                0x000000000000b434                PROVIDE (__CTOR_END__, ABSOLUTE (.))
                0x000000000000b434                PROVIDE (__DTOR_LIST__, ABSOLUTE (.))
 *(.dtors)
 *(SORT(.dtors.*))
                0x000000000000b434                PROVIDE (__DTOR_END__, ABSOLUTE (.))
 *(.jcr)
                0x000000000000b434                . = ALIGN (0x4)

.rodata         0x000000000000b434       0x48
                0x000000000000b434                PROVIDE (__ram_rodata_start, ABSOLUTE (.))
                0x000000000000b434                . = ALIGN (0x4)
 *(.rodata .rodata.* .gnu.linkonce.r.*)
 .rodata        0x000000000000b434        0xd obj/default/1e/main.o
 *fill*         0x000000000000b441        0x3 
 .rodata.str1.4
                0x000000000000b444        0x4 c:/intelfpga_lite/18.1/nios2eds/bin/gnu/h-x86_64-mingw32/bin/../lib/gcc/nios2-elf/5.3.0/../../../../../H-x86_64-mingw32/nios2-elf/lib/mno-hw-mul\libsmallc.a(lib_a-puts.o)
                                          0x2 (size before relaxing)
 .rodata        0x000000000000b448       0x13 ../1e_bsp\libhal_bsp.a(alt_main.o)
 *fill*         0x000000000000b45b        0x1 
 .rodata        0x000000000000b45c       0x13 ../1e_bsp\libhal_bsp.a(alt_sys_init.o)
 *fill*         0x000000000000b46f        0x1 
 .rodata        0x000000000000b470        0xa ../1e_bsp\libhal_bsp.a(alt_dev.o)
 *(.rodata1)
                0x000000000000b47c                . = ALIGN (0x4)
 *fill*         0x000000000000b47a        0x2 
                0x000000000000b47c                PROVIDE (__ram_rodata_end, ABSOLUTE (.))
                0x000000000000b434                PROVIDE (__flash_rodata_start, LOADADDR (.rodata))

.rwdata         0x000000000000b47c      0xb90 load address 0x000000000000c00c
                0x000000000000b47c                PROVIDE (__ram_rwdata_start, ABSOLUTE (.))
                0x000000000000b47c                . = ALIGN (0x4)
 *(.got.plt)
 *(.got)
 *(.data1)
 *(.data .data.* .gnu.linkonce.d.*)
 .data          0x000000000000b47c        0x0 ../1e_bsp/obj/HAL/src/crt0.o
 .data          0x000000000000b47c      0x814 obj/default/1e/main.o
                0x000000000000b47c                luminance_dc_code_table
                0x000000000000b494                luminance_dc_size_table
                0x000000000000b4ac                chrominance_dc_code_table
                0x000000000000b4c4                chrominance_dc_size_table
                0x000000000000b4dc                luminance_ac_code_table
                0x000000000000b620                luminance_ac_size_table
                0x000000000000b764                chrominance_ac_code_table
                0x000000000000b8a8                chrominance_ac_size_table
                0x000000000000b9ec                bitsize
                0x000000000000baec                markerdata
 .data          0x000000000000bc90       0x9c obj/default/1e/queue_wrapper.o
                0x000000000000bc90                qa_p1
                0x000000000000bc9c                qa_p2
                0x000000000000bca8                qa_p3
                0x000000000000bcb4                qb_p1
                0x000000000000bcc0                qb_p2
                0x000000000000bccc                qb_p3
                0x000000000000bcd8                qc_p1
                0x000000000000bce4                qc_p2
                0x000000000000bcf0                qc_p3
                0x000000000000bcfc                qd_p1
                0x000000000000bd08                qd_p2
                0x000000000000bd14                qd_p3
                0x000000000000bd20                qe
 .data          0x000000000000bd2c        0x0 obj/default/lib/mem_info.o
 .data          0x000000000000bd2c        0x0 obj/default/lib/queue.o
 .data          0x000000000000bd2c        0x0 c:/intelfpga_lite/18.1/nios2eds/bin/gnu/h-x86_64-mingw32/bin/../lib/gcc/nios2-elf/5.3.0/mno-hw-mul\libgcc.a(lib2-mul.o)
 .data          0x000000000000bd2c        0x0 c:/intelfpga_lite/18.1/nios2eds/bin/gnu/h-x86_64-mingw32/bin/../lib/gcc/nios2-elf/5.3.0/../../../../../H-x86_64-mingw32/nios2-elf/lib/mno-hw-mul\libsmallc.a(lib_a-puts.o)
 .data          0x000000000000bd2c        0x0 c:/intelfpga_lite/18.1/nios2eds/bin/gnu/h-x86_64-mingw32/bin/../lib/gcc/nios2-elf/5.3.0/../../../../../H-x86_64-mingw32/nios2-elf/lib/mno-hw-mul\libsmallc.a(lib_a-strlen.o)
 .data          0x000000000000bd2c        0x0 c:/intelfpga_lite/18.1/nios2eds/bin/gnu/h-x86_64-mingw32/bin/../lib/gcc/nios2-elf/5.3.0/../../../../../H-x86_64-mingw32/nios2-elf/lib/mno-hw-mul\libsmallc.a(lib_a-fvwrite_small_dev.o)
 .data          0x000000000000bd2c        0x0 c:/intelfpga_lite/18.1/nios2eds/bin/gnu/h-x86_64-mingw32/bin/../lib/gcc/nios2-elf/5.3.0/../../../../../H-x86_64-mingw32/nios2-elf/lib/mno-hw-mul\libsmallc.a(lib_a-impure.o)
 .data.impure_data
                0x000000000000bd2c       0xe0 c:/intelfpga_lite/18.1/nios2eds/bin/gnu/h-x86_64-mingw32/bin/../lib/gcc/nios2-elf/5.3.0/../../../../../H-x86_64-mingw32/nios2-elf/lib/mno-hw-mul\libsmallc.a(lib_a-impure.o)
 .data          0x000000000000be0c        0x0 c:/intelfpga_lite/18.1/nios2eds/bin/gnu/h-x86_64-mingw32/bin/../lib/gcc/nios2-elf/5.3.0/../../../../../H-x86_64-mingw32/nios2-elf/lib/mno-hw-mul\libsmallc.a(lib_a-writer.o)
 .data          0x000000000000be0c        0x0 c:/intelfpga_lite/18.1/nios2eds/bin/gnu/h-x86_64-mingw32/bin/../lib/gcc/nios2-elf/5.3.0/../../../../../H-x86_64-mingw32/nios2-elf/lib/mno-hw-mul\libsmallc.a(lib_a-int_errno.o)
 .data          0x000000000000be0c        0x0 ../1e_bsp\libhal_bsp.a(alt_load.o)
 .data          0x000000000000be0c        0x0 ../1e_bsp\libhal_bsp.a(alt_main.o)
 .data          0x000000000000be0c        0x0 ../1e_bsp\libhal_bsp.a(alt_write.o)
 .data          0x000000000000be0c       0x2c ../1e_bsp\libhal_bsp.a(alt_sys_init.o)
 .data          0x000000000000be38        0x0 ../1e_bsp\libhal_bsp.a(altera_avalon_fifo_util.o)
 .data          0x000000000000be38        0x0 ../1e_bsp\libhal_bsp.a(altera_avalon_jtag_uart_fd.o)
 .data          0x000000000000be38        0x0 ../1e_bsp\libhal_bsp.a(altera_avalon_jtag_uart_read.o)
 .data          0x000000000000be38        0x0 ../1e_bsp\libhal_bsp.a(altera_avalon_jtag_uart_write.o)
 .data          0x000000000000be38        0x0 ../1e_bsp\libhal_bsp.a(altera_avalon_timer_sc.o)
 .data          0x000000000000be38        0x0 ../1e_bsp\libhal_bsp.a(alt_close.o)
 .data          0x000000000000be38        0x0 ../1e_bsp\libhal_bsp.a(alt_dcache_flush_all.o)
 .data          0x000000000000be38      0x1a8 ../1e_bsp\libhal_bsp.a(alt_dev.o)
                0x000000000000be38                alt_dev_null
                0x000000000000be60                alt_fd_list
 .data          0x000000000000bfe0        0x0 ../1e_bsp\libhal_bsp.a(alt_dev_llist_insert.o)
 .data          0x000000000000bfe0        0x0 ../1e_bsp\libhal_bsp.a(alt_do_ctors.o)
 .data          0x000000000000bfe0        0x0 ../1e_bsp\libhal_bsp.a(alt_do_dtors.o)
 .data          0x000000000000bfe0        0x0 ../1e_bsp\libhal_bsp.a(alt_errno.o)
 .data          0x000000000000bfe0        0x0 ../1e_bsp\libhal_bsp.a(alt_icache_flush_all.o)
 .data          0x000000000000bfe0        0x0 ../1e_bsp\libhal_bsp.a(alt_iic.o)
 .data          0x000000000000bfe0        0x0 ../1e_bsp\libhal_bsp.a(alt_iic_isr_register.o)
 .data          0x000000000000bfe0        0x0 ../1e_bsp\libhal_bsp.a(alt_io_redirect.o)
 .data          0x000000000000bfe0        0x0 ../1e_bsp\libhal_bsp.a(alt_irq_entry.o)
 .data          0x000000000000bfe0        0x0 ../1e_bsp\libhal_bsp.a(alt_irq_handler.o)
 .data          0x000000000000bfe0        0x0 ../1e_bsp\libhal_bsp.a(alt_irq_vars.o)
 .data          0x000000000000bfe0        0x0 ../1e_bsp\libhal_bsp.a(alt_open.o)
 .data          0x000000000000bfe0        0x0 ../1e_bsp\libhal_bsp.a(alt_release_fd.o)
 .data          0x000000000000bfe0        0x0 ../1e_bsp\libhal_bsp.a(alt_tick.o)
 .data          0x000000000000bfe0        0x0 ../1e_bsp\libhal_bsp.a(altera_nios2_gen2_irq.o)
 .data          0x000000000000bfe0        0x0 ../1e_bsp\libhal_bsp.a(alt_exception_entry.o)
 .data          0x000000000000bfe0        0x0 ../1e_bsp\libhal_bsp.a(alt_find_dev.o)
 .data          0x000000000000bfe0        0x0 ../1e_bsp\libhal_bsp.a(alt_find_file.o)
 .data          0x000000000000bfe0        0x0 ../1e_bsp\libhal_bsp.a(alt_get_fd.o)
 .data          0x000000000000bfe0        0x0 ../1e_bsp\libhal_bsp.a(alt_instruction_exception_entry.o)
 .data          0x000000000000bfe0        0x0 c:/intelfpga_lite/18.1/nios2eds/bin/gnu/h-x86_64-mingw32/bin/../lib/gcc/nios2-elf/5.3.0/../../../../../H-x86_64-mingw32/nios2-elf/lib/mno-hw-mul\libsmallc.a(lib_a-atexit.o)
 .data          0x000000000000bfe0        0x0 c:/intelfpga_lite/18.1/nios2eds/bin/gnu/h-x86_64-mingw32/bin/../lib/gcc/nios2-elf/5.3.0/../../../../../H-x86_64-mingw32/nios2-elf/lib/mno-hw-mul\libsmallc.a(lib_a-exit.o)
 .data          0x000000000000bfe0        0x0 c:/intelfpga_lite/18.1/nios2eds/bin/gnu/h-x86_64-mingw32/bin/../lib/gcc/nios2-elf/5.3.0/../../../../../H-x86_64-mingw32/nios2-elf/lib/mno-hw-mul\libsmallc.a(lib_a-memcmp.o)
 .data          0x000000000000bfe0        0x0 c:/intelfpga_lite/18.1/nios2eds/bin/gnu/h-x86_64-mingw32/bin/../lib/gcc/nios2-elf/5.3.0/../../../../../H-x86_64-mingw32/nios2-elf/lib/mno-hw-mul\libsmallc.a(lib_a-__atexit.o)
 .data          0x000000000000bfe0        0x0 c:/intelfpga_lite/18.1/nios2eds/bin/gnu/h-x86_64-mingw32/bin/../lib/gcc/nios2-elf/5.3.0/../../../../../H-x86_64-mingw32/nios2-elf/lib/mno-hw-mul\libsmallc.a(lib_a-__call_atexit.o)
 .data          0x000000000000bfe0        0x0 ../1e_bsp\libhal_bsp.a(alt_exit.o)
                0x0000000000013fe0                _gp = ABSOLUTE ((. + 0x8000))
                [!provide]                        PROVIDE (gp, _gp)
 *(.rwdata .rwdata.*)
 *(.sdata .sdata.* .gnu.linkonce.s.*)
 .sdata._global_impure_ptr
                0x000000000000bfe0        0x4 c:/intelfpga_lite/18.1/nios2eds/bin/gnu/h-x86_64-mingw32/bin/../lib/gcc/nios2-elf/5.3.0/../../../../../H-x86_64-mingw32/nios2-elf/lib/mno-hw-mul\libsmallc.a(lib_a-impure.o)
                0x000000000000bfe0                _global_impure_ptr
 .sdata._impure_ptr
                0x000000000000bfe4        0x4 c:/intelfpga_lite/18.1/nios2eds/bin/gnu/h-x86_64-mingw32/bin/../lib/gcc/nios2-elf/5.3.0/../../../../../H-x86_64-mingw32/nios2-elf/lib/mno-hw-mul\libsmallc.a(lib_a-impure.o)
                0x000000000000bfe4                _impure_ptr
 .sdata         0x000000000000bfe8       0x14 ../1e_bsp\libhal_bsp.a(alt_dev.o)
                0x000000000000bfe8                alt_fs_list
                0x000000000000bff0                alt_dev_list
                0x000000000000bff8                alt_max_fd
 .sdata         0x000000000000bffc        0x4 ../1e_bsp\libhal_bsp.a(alt_errno.o)
                0x000000000000bffc                alt_errno
 .sdata         0x000000000000c000        0x4 ../1e_bsp\libhal_bsp.a(alt_irq_vars.o)
                0x000000000000c000                alt_priority_mask
 .sdata         0x000000000000c004        0x8 ../1e_bsp\libhal_bsp.a(alt_tick.o)
                0x000000000000c004                alt_alarm_list
 *(.sdata2 .sdata2.* .gnu.linkonce.s2.*)
                0x000000000000c00c                . = ALIGN (0x4)
                0x000000000000c00c                _edata = ABSOLUTE (.)
                [!provide]                        PROVIDE (edata, ABSOLUTE (.))
                0x000000000000c00c                PROVIDE (__ram_rwdata_end, ABSOLUTE (.))
                0x000000000000c00c                PROVIDE (__flash_rwdata_start, LOADADDR (.rwdata))

.bss            0x000000000000cb9c      0x12c
                0x000000000000cb9c                __bss_start = ABSOLUTE (.)
                [!provide]                        PROVIDE (__sbss_start, ABSOLUTE (.))
                [!provide]                        PROVIDE (___sbss_start, ABSOLUTE (.))
 *(.dynsbss)
 *(.sbss .sbss.* .gnu.linkonce.sb.*)
 .sbss          0x000000000000cb9c        0xc obj/default/1e/main.o
                0x000000000000cb9c                lcode
                0x000000000000cba0                bitindex
                0x000000000000cba2                ldc1
                0x000000000000cba4                ldc2
                0x000000000000cba6                ldc3
 .sbss          0x000000000000cba8        0x4 c:/intelfpga_lite/18.1/nios2eds/bin/gnu/h-x86_64-mingw32/bin/../lib/gcc/nios2-elf/5.3.0/../../../../../H-x86_64-mingw32/nios2-elf/lib/mno-hw-mul\libsmallc.a(lib_a-int_errno.o)
                0x000000000000cba8                errno
 .sbss          0x000000000000cbac        0xc ../1e_bsp\libhal_bsp.a(alt_main.o)
                0x000000000000cbac                alt_argc
                0x000000000000cbb0                alt_argv
                0x000000000000cbb4                alt_envp
 .sbss          0x000000000000cbb8        0x4 ../1e_bsp\libhal_bsp.a(alt_irq_vars.o)
                0x000000000000cbb8                alt_irq_active
 .sbss          0x000000000000cbbc        0x8 ../1e_bsp\libhal_bsp.a(alt_tick.o)
                0x000000000000cbbc                _alt_tick_rate
                0x000000000000cbc0                _alt_nticks
 .sbss          0x000000000000cbc4        0x4 ../1e_bsp\libhal_bsp.a(alt_instruction_exception_entry.o)
                0x000000000000cbc4                alt_instruction_exception_handler
 *(.sbss2 .sbss2.* .gnu.linkonce.sb2.*)
 *(.scommon)
                [!provide]                        PROVIDE (__sbss_end, ABSOLUTE (.))
                [!provide]                        PROVIDE (___sbss_end, ABSOLUTE (.))
 *(.dynbss)
 *(.bss .bss.* .gnu.linkonce.b.*)
 .bss           0x000000000000cbc8        0x0 ../1e_bsp/obj/HAL/src/crt0.o
 .bss           0x000000000000cbc8        0x0 obj/default/1e/main.o
 .bss           0x000000000000cbc8        0x0 obj/default/1e/queue_wrapper.o
 .bss           0x000000000000cbc8        0x0 obj/default/lib/mem_info.o
 .bss           0x000000000000cbc8        0x0 obj/default/lib/queue.o
 .bss           0x000000000000cbc8        0x0 c:/intelfpga_lite/18.1/nios2eds/bin/gnu/h-x86_64-mingw32/bin/../lib/gcc/nios2-elf/5.3.0/mno-hw-mul\libgcc.a(lib2-mul.o)
 .bss           0x000000000000cbc8        0x0 c:/intelfpga_lite/18.1/nios2eds/bin/gnu/h-x86_64-mingw32/bin/../lib/gcc/nios2-elf/5.3.0/../../../../../H-x86_64-mingw32/nios2-elf/lib/mno-hw-mul\libsmallc.a(lib_a-puts.o)
 .bss           0x000000000000cbc8        0x0 c:/intelfpga_lite/18.1/nios2eds/bin/gnu/h-x86_64-mingw32/bin/../lib/gcc/nios2-elf/5.3.0/../../../../../H-x86_64-mingw32/nios2-elf/lib/mno-hw-mul\libsmallc.a(lib_a-strlen.o)
 .bss           0x000000000000cbc8        0x0 c:/intelfpga_lite/18.1/nios2eds/bin/gnu/h-x86_64-mingw32/bin/../lib/gcc/nios2-elf/5.3.0/../../../../../H-x86_64-mingw32/nios2-elf/lib/mno-hw-mul\libsmallc.a(lib_a-fvwrite_small_dev.o)
 .bss           0x000000000000cbc8        0x0 c:/intelfpga_lite/18.1/nios2eds/bin/gnu/h-x86_64-mingw32/bin/../lib/gcc/nios2-elf/5.3.0/../../../../../H-x86_64-mingw32/nios2-elf/lib/mno-hw-mul\libsmallc.a(lib_a-impure.o)
 .bss           0x000000000000cbc8        0x0 c:/intelfpga_lite/18.1/nios2eds/bin/gnu/h-x86_64-mingw32/bin/../lib/gcc/nios2-elf/5.3.0/../../../../../H-x86_64-mingw32/nios2-elf/lib/mno-hw-mul\libsmallc.a(lib_a-writer.o)
 .bss           0x000000000000cbc8        0x0 c:/intelfpga_lite/18.1/nios2eds/bin/gnu/h-x86_64-mingw32/bin/../lib/gcc/nios2-elf/5.3.0/../../../../../H-x86_64-mingw32/nios2-elf/lib/mno-hw-mul\libsmallc.a(lib_a-int_errno.o)
 .bss           0x000000000000cbc8        0x0 ../1e_bsp\libhal_bsp.a(alt_load.o)
 .bss           0x000000000000cbc8        0x0 ../1e_bsp\libhal_bsp.a(alt_main.o)
 .bss           0x000000000000cbc8        0x0 ../1e_bsp\libhal_bsp.a(alt_write.o)
 .bss           0x000000000000cbc8        0x0 ../1e_bsp\libhal_bsp.a(alt_sys_init.o)
 .bss           0x000000000000cbc8        0x0 ../1e_bsp\libhal_bsp.a(altera_avalon_fifo_util.o)
 .bss           0x000000000000cbc8        0x0 ../1e_bsp\libhal_bsp.a(altera_avalon_jtag_uart_fd.o)
 .bss           0x000000000000cbc8        0x0 ../1e_bsp\libhal_bsp.a(altera_avalon_jtag_uart_read.o)
 .bss           0x000000000000cbc8        0x0 ../1e_bsp\libhal_bsp.a(altera_avalon_jtag_uart_write.o)
 .bss           0x000000000000cbc8        0x0 ../1e_bsp\libhal_bsp.a(altera_avalon_timer_sc.o)
 .bss           0x000000000000cbc8        0x0 ../1e_bsp\libhal_bsp.a(alt_close.o)
 .bss           0x000000000000cbc8        0x0 ../1e_bsp\libhal_bsp.a(alt_dcache_flush_all.o)
 .bss           0x000000000000cbc8        0x0 ../1e_bsp\libhal_bsp.a(alt_dev.o)
 .bss           0x000000000000cbc8        0x0 ../1e_bsp\libhal_bsp.a(alt_dev_llist_insert.o)
 .bss           0x000000000000cbc8        0x0 ../1e_bsp\libhal_bsp.a(alt_do_ctors.o)
 .bss           0x000000000000cbc8        0x0 ../1e_bsp\libhal_bsp.a(alt_do_dtors.o)
 .bss           0x000000000000cbc8        0x0 ../1e_bsp\libhal_bsp.a(alt_errno.o)
 .bss           0x000000000000cbc8        0x0 ../1e_bsp\libhal_bsp.a(alt_icache_flush_all.o)
 .bss           0x000000000000cbc8        0x0 ../1e_bsp\libhal_bsp.a(alt_iic.o)
 .bss           0x000000000000cbc8        0x0 ../1e_bsp\libhal_bsp.a(alt_iic_isr_register.o)
 .bss           0x000000000000cbc8        0x0 ../1e_bsp\libhal_bsp.a(alt_io_redirect.o)
 .bss           0x000000000000cbc8        0x0 ../1e_bsp\libhal_bsp.a(alt_irq_entry.o)
 .bss           0x000000000000cbc8        0x0 ../1e_bsp\libhal_bsp.a(alt_irq_handler.o)
 .bss           0x000000000000cbc8        0x0 ../1e_bsp\libhal_bsp.a(alt_irq_vars.o)
 .bss           0x000000000000cbc8        0x0 ../1e_bsp\libhal_bsp.a(alt_open.o)
 .bss           0x000000000000cbc8        0x0 ../1e_bsp\libhal_bsp.a(alt_release_fd.o)
 .bss           0x000000000000cbc8        0x0 ../1e_bsp\libhal_bsp.a(alt_tick.o)
 .bss           0x000000000000cbc8        0x0 ../1e_bsp\libhal_bsp.a(altera_nios2_gen2_irq.o)
 .bss           0x000000000000cbc8        0x0 ../1e_bsp\libhal_bsp.a(alt_exception_entry.o)
 .bss           0x000000000000cbc8        0x0 ../1e_bsp\libhal_bsp.a(alt_find_dev.o)
 .bss           0x000000000000cbc8        0x0 ../1e_bsp\libhal_bsp.a(alt_find_file.o)
 .bss           0x000000000000cbc8        0x0 ../1e_bsp\libhal_bsp.a(alt_get_fd.o)
 .bss           0x000000000000cbc8        0x0 ../1e_bsp\libhal_bsp.a(alt_instruction_exception_entry.o)
 .bss           0x000000000000cbc8        0x0 c:/intelfpga_lite/18.1/nios2eds/bin/gnu/h-x86_64-mingw32/bin/../lib/gcc/nios2-elf/5.3.0/../../../../../H-x86_64-mingw32/nios2-elf/lib/mno-hw-mul\libsmallc.a(lib_a-atexit.o)
 .bss           0x000000000000cbc8        0x0 c:/intelfpga_lite/18.1/nios2eds/bin/gnu/h-x86_64-mingw32/bin/../lib/gcc/nios2-elf/5.3.0/../../../../../H-x86_64-mingw32/nios2-elf/lib/mno-hw-mul\libsmallc.a(lib_a-exit.o)
 .bss           0x000000000000cbc8        0x0 c:/intelfpga_lite/18.1/nios2eds/bin/gnu/h-x86_64-mingw32/bin/../lib/gcc/nios2-elf/5.3.0/../../../../../H-x86_64-mingw32/nios2-elf/lib/mno-hw-mul\libsmallc.a(lib_a-memcmp.o)
 .bss           0x000000000000cbc8        0x0 c:/intelfpga_lite/18.1/nios2eds/bin/gnu/h-x86_64-mingw32/bin/../lib/gcc/nios2-elf/5.3.0/../../../../../H-x86_64-mingw32/nios2-elf/lib/mno-hw-mul\libsmallc.a(lib_a-__atexit.o)
 .bss           0x000000000000cbc8        0x0 c:/intelfpga_lite/18.1/nios2eds/bin/gnu/h-x86_64-mingw32/bin/../lib/gcc/nios2-elf/5.3.0/../../../../../H-x86_64-mingw32/nios2-elf/lib/mno-hw-mul\libsmallc.a(lib_a-__call_atexit.o)
 .bss           0x000000000000cbc8        0x0 ../1e_bsp\libhal_bsp.a(alt_exit.o)
 *(COMMON)
 COMMON         0x000000000000cbc8      0x100 ../1e_bsp\libhal_bsp.a(alt_irq_handler.o)
                0x000000000000cbc8                alt_irq
                0x000000000000ccc8                . = ALIGN (0x4)
                0x000000000000ccc8                __bss_end = ABSOLUTE (.)

.CPU_1e_oc_ram_0
                0x000000000000ccc8        0x0
                [!provide]                        PROVIDE (_alt_partition_CPU_1e_oc_ram_0_start, ABSOLUTE (.))
 *(.CPU_1e_oc_ram_0 .CPU_1e_oc_ram_0. CPU_1e_oc_ram_0.*)
                0x000000000000ccc8                . = ALIGN (0x4)
                [!provide]                        PROVIDE (_alt_partition_CPU_1e_oc_ram_0_end, ABSOLUTE (.))
                0x000000000000ccc8                _end = ABSOLUTE (.)
                0x000000000000ccc8                end = ABSOLUTE (.)
                0x000000000000ccc8                __alt_stack_base = ABSOLUTE (.)
                [!provide]                        PROVIDE (_alt_partition_CPU_1e_oc_ram_0_load_addr, LOADADDR (.CPU_1e_oc_ram_0))

.mem_info       0x0000000010010000        0x0 load address 0x000000000000ccc8
                [!provide]                        PROVIDE (_alt_partition_mem_info_start, ABSOLUTE (.))
 *(.mem_info .mem_info. mem_info.*)
                0x0000000010010000                . = ALIGN (0x4)
                [!provide]                        PROVIDE (_alt_partition_mem_info_end, ABSOLUTE (.))
                [!provide]                        PROVIDE (_alt_partition_mem_info_load_addr, LOADADDR (.mem_info))

.stab
 *(.stab)

.stabstr
 *(.stabstr)

.stab.excl
 *(.stab.excl)

.stab.exclstr
 *(.stab.exclstr)

.stab.index
 *(.stab.index)

.stab.indexstr
 *(.stab.indexstr)

.comment        0x0000000000000000       0x23
 *(.comment)
 .comment       0x0000000000000000       0x23 obj/default/1e/main.o
                                         0x24 (size before relaxing)
 .comment       0x0000000000000023       0x24 obj/default/1e/queue_wrapper.o
 .comment       0x0000000000000023       0x24 obj/default/lib/mem_info.o
 .comment       0x0000000000000023       0x24 obj/default/lib/queue.o
 .comment       0x0000000000000023       0x24 c:/intelfpga_lite/18.1/nios2eds/bin/gnu/h-x86_64-mingw32/bin/../lib/gcc/nios2-elf/5.3.0/mno-hw-mul\libgcc.a(lib2-mul.o)
 .comment       0x0000000000000023       0x24 c:/intelfpga_lite/18.1/nios2eds/bin/gnu/h-x86_64-mingw32/bin/../lib/gcc/nios2-elf/5.3.0/../../../../../H-x86_64-mingw32/nios2-elf/lib/mno-hw-mul\libsmallc.a(lib_a-puts.o)
 .comment       0x0000000000000023       0x24 c:/intelfpga_lite/18.1/nios2eds/bin/gnu/h-x86_64-mingw32/bin/../lib/gcc/nios2-elf/5.3.0/../../../../../H-x86_64-mingw32/nios2-elf/lib/mno-hw-mul\libsmallc.a(lib_a-strlen.o)
 .comment       0x0000000000000023       0x24 c:/intelfpga_lite/18.1/nios2eds/bin/gnu/h-x86_64-mingw32/bin/../lib/gcc/nios2-elf/5.3.0/../../../../../H-x86_64-mingw32/nios2-elf/lib/mno-hw-mul\libsmallc.a(lib_a-fvwrite_small_dev.o)
 .comment       0x0000000000000023       0x24 c:/intelfpga_lite/18.1/nios2eds/bin/gnu/h-x86_64-mingw32/bin/../lib/gcc/nios2-elf/5.3.0/../../../../../H-x86_64-mingw32/nios2-elf/lib/mno-hw-mul\libsmallc.a(lib_a-impure.o)
 .comment       0x0000000000000023       0x24 c:/intelfpga_lite/18.1/nios2eds/bin/gnu/h-x86_64-mingw32/bin/../lib/gcc/nios2-elf/5.3.0/../../../../../H-x86_64-mingw32/nios2-elf/lib/mno-hw-mul\libsmallc.a(lib_a-writer.o)
 .comment       0x0000000000000023       0x24 c:/intelfpga_lite/18.1/nios2eds/bin/gnu/h-x86_64-mingw32/bin/../lib/gcc/nios2-elf/5.3.0/../../../../../H-x86_64-mingw32/nios2-elf/lib/mno-hw-mul\libsmallc.a(lib_a-int_errno.o)
 .comment       0x0000000000000023       0x24 ../1e_bsp\libhal_bsp.a(alt_load.o)
 .comment       0x0000000000000023       0x24 ../1e_bsp\libhal_bsp.a(alt_main.o)
 .comment       0x0000000000000023       0x24 ../1e_bsp\libhal_bsp.a(alt_write.o)
 .comment       0x0000000000000023       0x24 ../1e_bsp\libhal_bsp.a(alt_sys_init.o)
 .comment       0x0000000000000023       0x24 ../1e_bsp\libhal_bsp.a(altera_avalon_fifo_util.o)
 .comment       0x0000000000000023       0x24 ../1e_bsp\libhal_bsp.a(altera_avalon_jtag_uart_fd.o)
 .comment       0x0000000000000023       0x24 ../1e_bsp\libhal_bsp.a(altera_avalon_jtag_uart_read.o)
 .comment       0x0000000000000023       0x24 ../1e_bsp\libhal_bsp.a(altera_avalon_jtag_uart_write.o)
 .comment       0x0000000000000023       0x24 ../1e_bsp\libhal_bsp.a(altera_avalon_timer_sc.o)
 .comment       0x0000000000000023       0x24 ../1e_bsp\libhal_bsp.a(alt_close.o)
 .comment       0x0000000000000023       0x24 ../1e_bsp\libhal_bsp.a(alt_dcache_flush_all.o)
 .comment       0x0000000000000023       0x24 ../1e_bsp\libhal_bsp.a(alt_dev.o)
 .comment       0x0000000000000023       0x24 ../1e_bsp\libhal_bsp.a(alt_dev_llist_insert.o)
 .comment       0x0000000000000023       0x24 ../1e_bsp\libhal_bsp.a(alt_do_ctors.o)
 .comment       0x0000000000000023       0x24 ../1e_bsp\libhal_bsp.a(alt_do_dtors.o)
 .comment       0x0000000000000023       0x24 ../1e_bsp\libhal_bsp.a(alt_errno.o)
 .comment       0x0000000000000023       0x24 ../1e_bsp\libhal_bsp.a(alt_icache_flush_all.o)
 .comment       0x0000000000000023       0x24 ../1e_bsp\libhal_bsp.a(alt_iic.o)
 .comment       0x0000000000000023       0x24 ../1e_bsp\libhal_bsp.a(alt_iic_isr_register.o)
 .comment       0x0000000000000023       0x24 ../1e_bsp\libhal_bsp.a(alt_io_redirect.o)
 .comment       0x0000000000000023       0x24 ../1e_bsp\libhal_bsp.a(alt_irq_handler.o)
 .comment       0x0000000000000023       0x24 ../1e_bsp\libhal_bsp.a(alt_irq_vars.o)
 .comment       0x0000000000000023       0x24 ../1e_bsp\libhal_bsp.a(alt_open.o)
 .comment       0x0000000000000023       0x24 ../1e_bsp\libhal_bsp.a(alt_release_fd.o)
 .comment       0x0000000000000023       0x24 ../1e_bsp\libhal_bsp.a(alt_tick.o)
 .comment       0x0000000000000023       0x24 ../1e_bsp\libhal_bsp.a(altera_nios2_gen2_irq.o)
 .comment       0x0000000000000023       0x24 ../1e_bsp\libhal_bsp.a(alt_find_dev.o)
 .comment       0x0000000000000023       0x24 ../1e_bsp\libhal_bsp.a(alt_find_file.o)
 .comment       0x0000000000000023       0x24 ../1e_bsp\libhal_bsp.a(alt_get_fd.o)
 .comment       0x0000000000000023       0x24 ../1e_bsp\libhal_bsp.a(alt_instruction_exception_entry.o)
 .comment       0x0000000000000023       0x24 c:/intelfpga_lite/18.1/nios2eds/bin/gnu/h-x86_64-mingw32/bin/../lib/gcc/nios2-elf/5.3.0/../../../../../H-x86_64-mingw32/nios2-elf/lib/mno-hw-mul\libsmallc.a(lib_a-atexit.o)
 .comment       0x0000000000000023       0x24 c:/intelfpga_lite/18.1/nios2eds/bin/gnu/h-x86_64-mingw32/bin/../lib/gcc/nios2-elf/5.3.0/../../../../../H-x86_64-mingw32/nios2-elf/lib/mno-hw-mul\libsmallc.a(lib_a-exit.o)
 .comment       0x0000000000000023       0x24 c:/intelfpga_lite/18.1/nios2eds/bin/gnu/h-x86_64-mingw32/bin/../lib/gcc/nios2-elf/5.3.0/../../../../../H-x86_64-mingw32/nios2-elf/lib/mno-hw-mul\libsmallc.a(lib_a-memcmp.o)
 .comment       0x0000000000000023       0x24 c:/intelfpga_lite/18.1/nios2eds/bin/gnu/h-x86_64-mingw32/bin/../lib/gcc/nios2-elf/5.3.0/../../../../../H-x86_64-mingw32/nios2-elf/lib/mno-hw-mul\libsmallc.a(lib_a-__atexit.o)
 .comment       0x0000000000000023       0x24 c:/intelfpga_lite/18.1/nios2eds/bin/gnu/h-x86_64-mingw32/bin/../lib/gcc/nios2-elf/5.3.0/../../../../../H-x86_64-mingw32/nios2-elf/lib/mno-hw-mul\libsmallc.a(lib_a-__call_atexit.o)
 .comment       0x0000000000000023       0x24 ../1e_bsp\libhal_bsp.a(alt_exit.o)

.debug
 *(.debug)

.line
 *(.line)

.debug_srcinfo
 *(.debug_srcinfo)

.debug_sfnames
 *(.debug_sfnames)

.debug_aranges  0x0000000000000000      0x660
 *(.debug_aranges)
 .debug_aranges
                0x0000000000000000       0x28 ../1e_bsp/obj/HAL/src/crt0.o
 .debug_aranges
                0x0000000000000028       0x20 obj/default/1e/main.o
 .debug_aranges
                0x0000000000000048       0x20 obj/default/1e/queue_wrapper.o
 .debug_aranges
                0x0000000000000068       0x20 obj/default/lib/mem_info.o
 .debug_aranges
                0x0000000000000088       0x20 obj/default/lib/queue.o
 .debug_aranges
                0x00000000000000a8       0x20 c:/intelfpga_lite/18.1/nios2eds/bin/gnu/h-x86_64-mingw32/bin/../lib/gcc/nios2-elf/5.3.0/mno-hw-mul\libgcc.a(lib2-mul.o)
 .debug_aranges
                0x00000000000000c8       0x28 c:/intelfpga_lite/18.1/nios2eds/bin/gnu/h-x86_64-mingw32/bin/../lib/gcc/nios2-elf/5.3.0/../../../../../H-x86_64-mingw32/nios2-elf/lib/mno-hw-mul\libsmallc.a(lib_a-puts.o)
 .debug_aranges
                0x00000000000000f0       0x20 c:/intelfpga_lite/18.1/nios2eds/bin/gnu/h-x86_64-mingw32/bin/../lib/gcc/nios2-elf/5.3.0/../../../../../H-x86_64-mingw32/nios2-elf/lib/mno-hw-mul\libsmallc.a(lib_a-strlen.o)
 .debug_aranges
                0x0000000000000110       0x20 c:/intelfpga_lite/18.1/nios2eds/bin/gnu/h-x86_64-mingw32/bin/../lib/gcc/nios2-elf/5.3.0/../../../../../H-x86_64-mingw32/nios2-elf/lib/mno-hw-mul\libsmallc.a(lib_a-fvwrite_small_dev.o)
 .debug_aranges
                0x0000000000000130       0x18 c:/intelfpga_lite/18.1/nios2eds/bin/gnu/h-x86_64-mingw32/bin/../lib/gcc/nios2-elf/5.3.0/../../../../../H-x86_64-mingw32/nios2-elf/lib/mno-hw-mul\libsmallc.a(lib_a-impure.o)
 .debug_aranges
                0x0000000000000148       0x20 c:/intelfpga_lite/18.1/nios2eds/bin/gnu/h-x86_64-mingw32/bin/../lib/gcc/nios2-elf/5.3.0/../../../../../H-x86_64-mingw32/nios2-elf/lib/mno-hw-mul\libsmallc.a(lib_a-writer.o)
 .debug_aranges
                0x0000000000000168       0x18 c:/intelfpga_lite/18.1/nios2eds/bin/gnu/h-x86_64-mingw32/bin/../lib/gcc/nios2-elf/5.3.0/../../../../../H-x86_64-mingw32/nios2-elf/lib/mno-hw-mul\libsmallc.a(lib_a-int_errno.o)
 .debug_aranges
                0x0000000000000180       0x20 ../1e_bsp\libhal_bsp.a(alt_load.o)
 .debug_aranges
                0x00000000000001a0       0x20 ../1e_bsp\libhal_bsp.a(alt_main.o)
 .debug_aranges
                0x00000000000001c0       0x20 ../1e_bsp\libhal_bsp.a(alt_write.o)
 .debug_aranges
                0x00000000000001e0       0x20 ../1e_bsp\libhal_bsp.a(alt_sys_init.o)
 .debug_aranges
                0x0000000000000200       0x20 ../1e_bsp\libhal_bsp.a(altera_avalon_fifo_util.o)
 .debug_aranges
                0x0000000000000220       0x20 ../1e_bsp\libhal_bsp.a(altera_avalon_jtag_uart_fd.o)
 .debug_aranges
                0x0000000000000240       0x20 ../1e_bsp\libhal_bsp.a(altera_avalon_jtag_uart_read.o)
 .debug_aranges
                0x0000000000000260       0x20 ../1e_bsp\libhal_bsp.a(altera_avalon_jtag_uart_write.o)
 .debug_aranges
                0x0000000000000280       0x20 ../1e_bsp\libhal_bsp.a(altera_avalon_timer_sc.o)
 .debug_aranges
                0x00000000000002a0       0x20 ../1e_bsp\libhal_bsp.a(alt_close.o)
 .debug_aranges
                0x00000000000002c0       0x20 ../1e_bsp\libhal_bsp.a(alt_dcache_flush_all.o)
 .debug_aranges
                0x00000000000002e0       0x20 ../1e_bsp\libhal_bsp.a(alt_dev.o)
 .debug_aranges
                0x0000000000000300       0x20 ../1e_bsp\libhal_bsp.a(alt_dev_llist_insert.o)
 .debug_aranges
                0x0000000000000320       0x20 ../1e_bsp\libhal_bsp.a(alt_do_ctors.o)
 .debug_aranges
                0x0000000000000340       0x20 ../1e_bsp\libhal_bsp.a(alt_do_dtors.o)
 .debug_aranges
                0x0000000000000360       0x18 ../1e_bsp\libhal_bsp.a(alt_errno.o)
 .debug_aranges
                0x0000000000000378       0x20 ../1e_bsp\libhal_bsp.a(alt_icache_flush_all.o)
 .debug_aranges
                0x0000000000000398       0x20 ../1e_bsp\libhal_bsp.a(alt_iic.o)
 .debug_aranges
                0x00000000000003b8       0x20 ../1e_bsp\libhal_bsp.a(alt_iic_isr_register.o)
 .debug_aranges
                0x00000000000003d8       0x20 ../1e_bsp\libhal_bsp.a(alt_io_redirect.o)
 .debug_aranges
                0x00000000000003f8       0x30 ../1e_bsp\libhal_bsp.a(alt_irq_entry.o)
 .debug_aranges
                0x0000000000000428       0x20 ../1e_bsp\libhal_bsp.a(alt_irq_handler.o)
 .debug_aranges
                0x0000000000000448       0x18 ../1e_bsp\libhal_bsp.a(alt_irq_vars.o)
 .debug_aranges
                0x0000000000000460       0x20 ../1e_bsp\libhal_bsp.a(alt_open.o)
 .debug_aranges
                0x0000000000000480       0x20 ../1e_bsp\libhal_bsp.a(alt_release_fd.o)
 .debug_aranges
                0x00000000000004a0       0x20 ../1e_bsp\libhal_bsp.a(alt_tick.o)
 .debug_aranges
                0x00000000000004c0       0x20 ../1e_bsp\libhal_bsp.a(altera_nios2_gen2_irq.o)
 .debug_aranges
                0x00000000000004e0       0x38 ../1e_bsp\libhal_bsp.a(alt_exception_entry.o)
 .debug_aranges
                0x0000000000000518       0x20 ../1e_bsp\libhal_bsp.a(alt_find_dev.o)
 .debug_aranges
                0x0000000000000538       0x20 ../1e_bsp\libhal_bsp.a(alt_find_file.o)
 .debug_aranges
                0x0000000000000558       0x20 ../1e_bsp\libhal_bsp.a(alt_get_fd.o)
 .debug_aranges
                0x0000000000000578       0x28 ../1e_bsp\libhal_bsp.a(alt_instruction_exception_entry.o)
 .debug_aranges
                0x00000000000005a0       0x20 c:/intelfpga_lite/18.1/nios2eds/bin/gnu/h-x86_64-mingw32/bin/../lib/gcc/nios2-elf/5.3.0/../../../../../H-x86_64-mingw32/nios2-elf/lib/mno-hw-mul\libsmallc.a(lib_a-atexit.o)
 .debug_aranges
                0x00000000000005c0       0x20 c:/intelfpga_lite/18.1/nios2eds/bin/gnu/h-x86_64-mingw32/bin/../lib/gcc/nios2-elf/5.3.0/../../../../../H-x86_64-mingw32/nios2-elf/lib/mno-hw-mul\libsmallc.a(lib_a-exit.o)
 .debug_aranges
                0x00000000000005e0       0x20 c:/intelfpga_lite/18.1/nios2eds/bin/gnu/h-x86_64-mingw32/bin/../lib/gcc/nios2-elf/5.3.0/../../../../../H-x86_64-mingw32/nios2-elf/lib/mno-hw-mul\libsmallc.a(lib_a-memcmp.o)
 .debug_aranges
                0x0000000000000600       0x20 c:/intelfpga_lite/18.1/nios2eds/bin/gnu/h-x86_64-mingw32/bin/../lib/gcc/nios2-elf/5.3.0/../../../../../H-x86_64-mingw32/nios2-elf/lib/mno-hw-mul\libsmallc.a(lib_a-__atexit.o)
 .debug_aranges
                0x0000000000000620       0x20 c:/intelfpga_lite/18.1/nios2eds/bin/gnu/h-x86_64-mingw32/bin/../lib/gcc/nios2-elf/5.3.0/../../../../../H-x86_64-mingw32/nios2-elf/lib/mno-hw-mul\libsmallc.a(lib_a-__call_atexit.o)
 .debug_aranges
                0x0000000000000640       0x20 ../1e_bsp\libhal_bsp.a(alt_exit.o)

.debug_pubnames
 *(.debug_pubnames)

.debug_info     0x0000000000000000     0x7a5e
 *(.debug_info .gnu.linkonce.wi.*)
 .debug_info    0x0000000000000000       0x6b ../1e_bsp/obj/HAL/src/crt0.o
 .debug_info    0x000000000000006b      0x411 obj/default/1e/main.o
 .debug_info    0x000000000000047c      0x1f9 obj/default/1e/queue_wrapper.o
 .debug_info    0x0000000000000675      0x1eb obj/default/lib/mem_info.o
 .debug_info    0x0000000000000860      0x109 obj/default/lib/queue.o
 .debug_info    0x0000000000000969       0xb4 c:/intelfpga_lite/18.1/nios2eds/bin/gnu/h-x86_64-mingw32/bin/../lib/gcc/nios2-elf/5.3.0/mno-hw-mul\libgcc.a(lib2-mul.o)
 .debug_info    0x0000000000000a1d      0x66d c:/intelfpga_lite/18.1/nios2eds/bin/gnu/h-x86_64-mingw32/bin/../lib/gcc/nios2-elf/5.3.0/../../../../../H-x86_64-mingw32/nios2-elf/lib/mno-hw-mul\libsmallc.a(lib_a-puts.o)
 .debug_info    0x000000000000108a       0xc9 c:/intelfpga_lite/18.1/nios2eds/bin/gnu/h-x86_64-mingw32/bin/../lib/gcc/nios2-elf/5.3.0/../../../../../H-x86_64-mingw32/nios2-elf/lib/mno-hw-mul\libsmallc.a(lib_a-strlen.o)
 .debug_info    0x0000000000001153      0x62b c:/intelfpga_lite/18.1/nios2eds/bin/gnu/h-x86_64-mingw32/bin/../lib/gcc/nios2-elf/5.3.0/../../../../../H-x86_64-mingw32/nios2-elf/lib/mno-hw-mul\libsmallc.a(lib_a-fvwrite_small_dev.o)
 .debug_info    0x000000000000177e      0x5a9 c:/intelfpga_lite/18.1/nios2eds/bin/gnu/h-x86_64-mingw32/bin/../lib/gcc/nios2-elf/5.3.0/../../../../../H-x86_64-mingw32/nios2-elf/lib/mno-hw-mul\libsmallc.a(lib_a-impure.o)
 .debug_info    0x0000000000001d27      0x630 c:/intelfpga_lite/18.1/nios2eds/bin/gnu/h-x86_64-mingw32/bin/../lib/gcc/nios2-elf/5.3.0/../../../../../H-x86_64-mingw32/nios2-elf/lib/mno-hw-mul\libsmallc.a(lib_a-writer.o)
 .debug_info    0x0000000000002357       0x8a c:/intelfpga_lite/18.1/nios2eds/bin/gnu/h-x86_64-mingw32/bin/../lib/gcc/nios2-elf/5.3.0/../../../../../H-x86_64-mingw32/nios2-elf/lib/mno-hw-mul\libsmallc.a(lib_a-int_errno.o)
 .debug_info    0x00000000000023e1      0x145 ../1e_bsp\libhal_bsp.a(alt_load.o)
 .debug_info    0x0000000000002526      0x131 ../1e_bsp\libhal_bsp.a(alt_main.o)
 .debug_info    0x0000000000002657      0x4b7 ../1e_bsp\libhal_bsp.a(alt_write.o)
 .debug_info    0x0000000000002b0e      0x3df ../1e_bsp\libhal_bsp.a(alt_sys_init.o)
 .debug_info    0x0000000000002eed      0x462 ../1e_bsp\libhal_bsp.a(altera_avalon_fifo_util.o)
 .debug_info    0x000000000000334f      0x3a7 ../1e_bsp\libhal_bsp.a(altera_avalon_jtag_uart_fd.o)
 .debug_info    0x00000000000036f6      0x1b2 ../1e_bsp\libhal_bsp.a(altera_avalon_jtag_uart_read.o)
 .debug_info    0x00000000000038a8      0x195 ../1e_bsp\libhal_bsp.a(altera_avalon_jtag_uart_write.o)
 .debug_info    0x0000000000003a3d      0x226 ../1e_bsp\libhal_bsp.a(altera_avalon_timer_sc.o)
 .debug_info    0x0000000000003c63      0x321 ../1e_bsp\libhal_bsp.a(alt_close.o)
 .debug_info    0x0000000000003f84       0x92 ../1e_bsp\libhal_bsp.a(alt_dcache_flush_all.o)
 .debug_info    0x0000000000004016      0x49c ../1e_bsp\libhal_bsp.a(alt_dev.o)
 .debug_info    0x00000000000044b2      0x1a9 ../1e_bsp\libhal_bsp.a(alt_dev_llist_insert.o)
 .debug_info    0x000000000000465b       0x83 ../1e_bsp\libhal_bsp.a(alt_do_ctors.o)
 .debug_info    0x00000000000046de       0x83 ../1e_bsp\libhal_bsp.a(alt_do_dtors.o)
 .debug_info    0x0000000000004761       0xa6 ../1e_bsp\libhal_bsp.a(alt_errno.o)
 .debug_info    0x0000000000004807       0x92 ../1e_bsp\libhal_bsp.a(alt_icache_flush_all.o)
 .debug_info    0x0000000000004899      0x350 ../1e_bsp\libhal_bsp.a(alt_iic.o)
 .debug_info    0x0000000000004be9      0x1ef ../1e_bsp\libhal_bsp.a(alt_iic_isr_register.o)
 .debug_info    0x0000000000004dd8      0x4a5 ../1e_bsp\libhal_bsp.a(alt_io_redirect.o)
 .debug_info    0x000000000000527d       0x74 ../1e_bsp\libhal_bsp.a(alt_irq_entry.o)
 .debug_info    0x00000000000052f1      0x187 ../1e_bsp\libhal_bsp.a(alt_irq_handler.o)
 .debug_info    0x0000000000005478       0x88 ../1e_bsp\libhal_bsp.a(alt_irq_vars.o)
 .debug_info    0x0000000000005500      0x3bb ../1e_bsp\libhal_bsp.a(alt_open.o)
 .debug_info    0x00000000000058bb      0x2b0 ../1e_bsp\libhal_bsp.a(alt_release_fd.o)
 .debug_info    0x0000000000005b6b      0x299 ../1e_bsp\libhal_bsp.a(alt_tick.o)
 .debug_info    0x0000000000005e04       0x92 ../1e_bsp\libhal_bsp.a(altera_nios2_gen2_irq.o)
 .debug_info    0x0000000000005e96       0x7a ../1e_bsp\libhal_bsp.a(alt_exception_entry.o)
 .debug_info    0x0000000000005f10      0x2e9 ../1e_bsp\libhal_bsp.a(alt_find_dev.o)
 .debug_info    0x00000000000061f9      0x2e6 ../1e_bsp\libhal_bsp.a(alt_find_file.o)
 .debug_info    0x00000000000064df      0x310 ../1e_bsp\libhal_bsp.a(alt_get_fd.o)
 .debug_info    0x00000000000067ef      0x1e7 ../1e_bsp\libhal_bsp.a(alt_instruction_exception_entry.o)
 .debug_info    0x00000000000069d6       0xfe c:/intelfpga_lite/18.1/nios2eds/bin/gnu/h-x86_64-mingw32/bin/../lib/gcc/nios2-elf/5.3.0/../../../../../H-x86_64-mingw32/nios2-elf/lib/mno-hw-mul\libsmallc.a(lib_a-atexit.o)
 .debug_info    0x0000000000006ad4       0xe5 c:/intelfpga_lite/18.1/nios2eds/bin/gnu/h-x86_64-mingw32/bin/../lib/gcc/nios2-elf/5.3.0/../../../../../H-x86_64-mingw32/nios2-elf/lib/mno-hw-mul\libsmallc.a(lib_a-exit.o)
 .debug_info    0x0000000000006bb9       0xf4 c:/intelfpga_lite/18.1/nios2eds/bin/gnu/h-x86_64-mingw32/bin/../lib/gcc/nios2-elf/5.3.0/../../../../../H-x86_64-mingw32/nios2-elf/lib/mno-hw-mul\libsmallc.a(lib_a-memcmp.o)
 .debug_info    0x0000000000006cad      0x64a c:/intelfpga_lite/18.1/nios2eds/bin/gnu/h-x86_64-mingw32/bin/../lib/gcc/nios2-elf/5.3.0/../../../../../H-x86_64-mingw32/nios2-elf/lib/mno-hw-mul\libsmallc.a(lib_a-__atexit.o)
 .debug_info    0x00000000000072f7      0x67b c:/intelfpga_lite/18.1/nios2eds/bin/gnu/h-x86_64-mingw32/bin/../lib/gcc/nios2-elf/5.3.0/../../../../../H-x86_64-mingw32/nios2-elf/lib/mno-hw-mul\libsmallc.a(lib_a-__call_atexit.o)
 .debug_info    0x0000000000007972       0xec ../1e_bsp\libhal_bsp.a(alt_exit.o)

.debug_abbrev   0x0000000000000000     0x2bc3
 *(.debug_abbrev)
 .debug_abbrev  0x0000000000000000       0x12 ../1e_bsp/obj/HAL/src/crt0.o
 .debug_abbrev  0x0000000000000012      0x124 obj/default/1e/main.o
 .debug_abbrev  0x0000000000000136       0xe1 obj/default/1e/queue_wrapper.o
 .debug_abbrev  0x0000000000000217       0xcd obj/default/lib/mem_info.o
 .debug_abbrev  0x00000000000002e4       0xa9 obj/default/lib/queue.o
 .debug_abbrev  0x000000000000038d       0x6f c:/intelfpga_lite/18.1/nios2eds/bin/gnu/h-x86_64-mingw32/bin/../lib/gcc/nios2-elf/5.3.0/mno-hw-mul\libgcc.a(lib2-mul.o)
 .debug_abbrev  0x00000000000003fc      0x1d6 c:/intelfpga_lite/18.1/nios2eds/bin/gnu/h-x86_64-mingw32/bin/../lib/gcc/nios2-elf/5.3.0/../../../../../H-x86_64-mingw32/nios2-elf/lib/mno-hw-mul\libsmallc.a(lib_a-puts.o)
 .debug_abbrev  0x00000000000005d2       0x7f c:/intelfpga_lite/18.1/nios2eds/bin/gnu/h-x86_64-mingw32/bin/../lib/gcc/nios2-elf/5.3.0/../../../../../H-x86_64-mingw32/nios2-elf/lib/mno-hw-mul\libsmallc.a(lib_a-strlen.o)
 .debug_abbrev  0x0000000000000651      0x1bc c:/intelfpga_lite/18.1/nios2eds/bin/gnu/h-x86_64-mingw32/bin/../lib/gcc/nios2-elf/5.3.0/../../../../../H-x86_64-mingw32/nios2-elf/lib/mno-hw-mul\libsmallc.a(lib_a-fvwrite_small_dev.o)
 .debug_abbrev  0x000000000000080d      0x14a c:/intelfpga_lite/18.1/nios2eds/bin/gnu/h-x86_64-mingw32/bin/../lib/gcc/nios2-elf/5.3.0/../../../../../H-x86_64-mingw32/nios2-elf/lib/mno-hw-mul\libsmallc.a(lib_a-impure.o)
 .debug_abbrev  0x0000000000000957      0x1a6 c:/intelfpga_lite/18.1/nios2eds/bin/gnu/h-x86_64-mingw32/bin/../lib/gcc/nios2-elf/5.3.0/../../../../../H-x86_64-mingw32/nios2-elf/lib/mno-hw-mul\libsmallc.a(lib_a-writer.o)
 .debug_abbrev  0x0000000000000afd       0x37 c:/intelfpga_lite/18.1/nios2eds/bin/gnu/h-x86_64-mingw32/bin/../lib/gcc/nios2-elf/5.3.0/../../../../../H-x86_64-mingw32/nios2-elf/lib/mno-hw-mul\libsmallc.a(lib_a-int_errno.o)
 .debug_abbrev  0x0000000000000b34       0x9f ../1e_bsp\libhal_bsp.a(alt_load.o)
 .debug_abbrev  0x0000000000000bd3       0xba ../1e_bsp\libhal_bsp.a(alt_main.o)
 .debug_abbrev  0x0000000000000c8d      0x133 ../1e_bsp\libhal_bsp.a(alt_write.o)
 .debug_abbrev  0x0000000000000dc0      0x157 ../1e_bsp\libhal_bsp.a(alt_sys_init.o)
 .debug_abbrev  0x0000000000000f17       0xb0 ../1e_bsp\libhal_bsp.a(altera_avalon_fifo_util.o)
 .debug_abbrev  0x0000000000000fc7       0xf7 ../1e_bsp\libhal_bsp.a(altera_avalon_jtag_uart_fd.o)
 .debug_abbrev  0x00000000000010be       0xd5 ../1e_bsp\libhal_bsp.a(altera_avalon_jtag_uart_read.o)
 .debug_abbrev  0x0000000000001193       0xd5 ../1e_bsp\libhal_bsp.a(altera_avalon_jtag_uart_write.o)
 .debug_abbrev  0x0000000000001268      0x155 ../1e_bsp\libhal_bsp.a(altera_avalon_timer_sc.o)
 .debug_abbrev  0x00000000000013bd      0x11f ../1e_bsp\libhal_bsp.a(alt_close.o)
 .debug_abbrev  0x00000000000014dc       0x42 ../1e_bsp\libhal_bsp.a(alt_dcache_flush_all.o)
 .debug_abbrev  0x000000000000151e       0xd9 ../1e_bsp\libhal_bsp.a(alt_dev.o)
 .debug_abbrev  0x00000000000015f7      0x114 ../1e_bsp\libhal_bsp.a(alt_dev_llist_insert.o)
 .debug_abbrev  0x000000000000170b       0x79 ../1e_bsp\libhal_bsp.a(alt_do_ctors.o)
 .debug_abbrev  0x0000000000001784       0x79 ../1e_bsp\libhal_bsp.a(alt_do_dtors.o)
 .debug_abbrev  0x00000000000017fd       0x5a ../1e_bsp\libhal_bsp.a(alt_errno.o)
 .debug_abbrev  0x0000000000001857       0x42 ../1e_bsp\libhal_bsp.a(alt_icache_flush_all.o)
 .debug_abbrev  0x0000000000001899      0x163 ../1e_bsp\libhal_bsp.a(alt_iic.o)
 .debug_abbrev  0x00000000000019fc      0x169 ../1e_bsp\libhal_bsp.a(alt_iic_isr_register.o)
 .debug_abbrev  0x0000000000001b65      0x114 ../1e_bsp\libhal_bsp.a(alt_io_redirect.o)
 .debug_abbrev  0x0000000000001c79       0x12 ../1e_bsp\libhal_bsp.a(alt_irq_entry.o)
 .debug_abbrev  0x0000000000001c8b      0x122 ../1e_bsp\libhal_bsp.a(alt_irq_handler.o)
 .debug_abbrev  0x0000000000001dad       0x40 ../1e_bsp\libhal_bsp.a(alt_irq_vars.o)
 .debug_abbrev  0x0000000000001ded      0x148 ../1e_bsp\libhal_bsp.a(alt_open.o)
 .debug_abbrev  0x0000000000001f35       0xde ../1e_bsp\libhal_bsp.a(alt_release_fd.o)
 .debug_abbrev  0x0000000000002013      0x15a ../1e_bsp\libhal_bsp.a(alt_tick.o)
 .debug_abbrev  0x000000000000216d       0x42 ../1e_bsp\libhal_bsp.a(altera_nios2_gen2_irq.o)
 .debug_abbrev  0x00000000000021af       0x12 ../1e_bsp\libhal_bsp.a(alt_exception_entry.o)
 .debug_abbrev  0x00000000000021c1       0xf0 ../1e_bsp\libhal_bsp.a(alt_find_dev.o)
 .debug_abbrev  0x00000000000022b1       0xf0 ../1e_bsp\libhal_bsp.a(alt_find_file.o)
 .debug_abbrev  0x00000000000023a1      0x10d ../1e_bsp\libhal_bsp.a(alt_get_fd.o)
 .debug_abbrev  0x00000000000024ae       0xdc ../1e_bsp\libhal_bsp.a(alt_instruction_exception_entry.o)
 .debug_abbrev  0x000000000000258a       0xaa c:/intelfpga_lite/18.1/nios2eds/bin/gnu/h-x86_64-mingw32/bin/../lib/gcc/nios2-elf/5.3.0/../../../../../H-x86_64-mingw32/nios2-elf/lib/mno-hw-mul\libsmallc.a(lib_a-atexit.o)
 .debug_abbrev  0x0000000000002634       0x8b c:/intelfpga_lite/18.1/nios2eds/bin/gnu/h-x86_64-mingw32/bin/../lib/gcc/nios2-elf/5.3.0/../../../../../H-x86_64-mingw32/nios2-elf/lib/mno-hw-mul\libsmallc.a(lib_a-exit.o)
 .debug_abbrev  0x00000000000026bf       0x7f c:/intelfpga_lite/18.1/nios2eds/bin/gnu/h-x86_64-mingw32/bin/../lib/gcc/nios2-elf/5.3.0/../../../../../H-x86_64-mingw32/nios2-elf/lib/mno-hw-mul\libsmallc.a(lib_a-memcmp.o)
 .debug_abbrev  0x000000000000273e      0x1e6 c:/intelfpga_lite/18.1/nios2eds/bin/gnu/h-x86_64-mingw32/bin/../lib/gcc/nios2-elf/5.3.0/../../../../../H-x86_64-mingw32/nios2-elf/lib/mno-hw-mul\libsmallc.a(lib_a-__atexit.o)
 .debug_abbrev  0x0000000000002924      0x1f6 c:/intelfpga_lite/18.1/nios2eds/bin/gnu/h-x86_64-mingw32/bin/../lib/gcc/nios2-elf/5.3.0/../../../../../H-x86_64-mingw32/nios2-elf/lib/mno-hw-mul\libsmallc.a(lib_a-__call_atexit.o)
 .debug_abbrev  0x0000000000002b1a       0xa9 ../1e_bsp\libhal_bsp.a(alt_exit.o)

.debug_line     0x0000000000000000     0x302a
 *(.debug_line)
 .debug_line    0x0000000000000000       0x66 ../1e_bsp/obj/HAL/src/crt0.o
 .debug_line    0x0000000000000066      0x2c7 obj/default/1e/main.o
 .debug_line    0x000000000000032d       0x8e obj/default/1e/queue_wrapper.o
 .debug_line    0x00000000000003bb       0xd1 obj/default/lib/mem_info.o
 .debug_line    0x000000000000048c       0x6a obj/default/lib/queue.o
 .debug_line    0x00000000000004f6       0x80 c:/intelfpga_lite/18.1/nios2eds/bin/gnu/h-x86_64-mingw32/bin/../lib/gcc/nios2-elf/5.3.0/mno-hw-mul\libgcc.a(lib2-mul.o)
 .debug_line    0x0000000000000576      0x206 c:/intelfpga_lite/18.1/nios2eds/bin/gnu/h-x86_64-mingw32/bin/../lib/gcc/nios2-elf/5.3.0/../../../../../H-x86_64-mingw32/nios2-elf/lib/mno-hw-mul\libsmallc.a(lib_a-puts.o)
 .debug_line    0x000000000000077c      0x15c c:/intelfpga_lite/18.1/nios2eds/bin/gnu/h-x86_64-mingw32/bin/../lib/gcc/nios2-elf/5.3.0/../../../../../H-x86_64-mingw32/nios2-elf/lib/mno-hw-mul\libsmallc.a(lib_a-strlen.o)
 .debug_line    0x00000000000008d8      0x1f0 c:/intelfpga_lite/18.1/nios2eds/bin/gnu/h-x86_64-mingw32/bin/../lib/gcc/nios2-elf/5.3.0/../../../../../H-x86_64-mingw32/nios2-elf/lib/mno-hw-mul\libsmallc.a(lib_a-fvwrite_small_dev.o)
 .debug_line    0x0000000000000ac8      0x156 c:/intelfpga_lite/18.1/nios2eds/bin/gnu/h-x86_64-mingw32/bin/../lib/gcc/nios2-elf/5.3.0/../../../../../H-x86_64-mingw32/nios2-elf/lib/mno-hw-mul\libsmallc.a(lib_a-impure.o)
 .debug_line    0x0000000000000c1e      0x1ed c:/intelfpga_lite/18.1/nios2eds/bin/gnu/h-x86_64-mingw32/bin/../lib/gcc/nios2-elf/5.3.0/../../../../../H-x86_64-mingw32/nios2-elf/lib/mno-hw-mul\libsmallc.a(lib_a-writer.o)
 .debug_line    0x0000000000000e0b       0x5f c:/intelfpga_lite/18.1/nios2eds/bin/gnu/h-x86_64-mingw32/bin/../lib/gcc/nios2-elf/5.3.0/../../../../../H-x86_64-mingw32/nios2-elf/lib/mno-hw-mul\libsmallc.a(lib_a-int_errno.o)
 .debug_line    0x0000000000000e6a       0x8e ../1e_bsp\libhal_bsp.a(alt_load.o)
 .debug_line    0x0000000000000ef8       0xa4 ../1e_bsp\libhal_bsp.a(alt_main.o)
 .debug_line    0x0000000000000f9c      0x1db ../1e_bsp\libhal_bsp.a(alt_write.o)
 .debug_line    0x0000000000001177      0x145 ../1e_bsp\libhal_bsp.a(alt_sys_init.o)
 .debug_line    0x00000000000012bc       0xfb ../1e_bsp\libhal_bsp.a(altera_avalon_fifo_util.o)
 .debug_line    0x00000000000013b7      0x112 ../1e_bsp\libhal_bsp.a(altera_avalon_jtag_uart_fd.o)
 .debug_line    0x00000000000014c9       0xfd ../1e_bsp\libhal_bsp.a(altera_avalon_jtag_uart_read.o)
 .debug_line    0x00000000000015c6       0xf4 ../1e_bsp\libhal_bsp.a(altera_avalon_jtag_uart_write.o)
 .debug_line    0x00000000000016ba       0xfd ../1e_bsp\libhal_bsp.a(altera_avalon_timer_sc.o)
 .debug_line    0x00000000000017b7      0x165 ../1e_bsp\libhal_bsp.a(alt_close.o)
 .debug_line    0x000000000000191c       0x51 ../1e_bsp\libhal_bsp.a(alt_dcache_flush_all.o)
 .debug_line    0x000000000000196d       0xf8 ../1e_bsp\libhal_bsp.a(alt_dev.o)
 .debug_line    0x0000000000001a65       0xcf ../1e_bsp\libhal_bsp.a(alt_dev_llist_insert.o)
 .debug_line    0x0000000000001b34       0x59 ../1e_bsp\libhal_bsp.a(alt_do_ctors.o)
 .debug_line    0x0000000000001b8d       0x59 ../1e_bsp\libhal_bsp.a(alt_do_dtors.o)
 .debug_line    0x0000000000001be6       0x51 ../1e_bsp\libhal_bsp.a(alt_errno.o)
 .debug_line    0x0000000000001c37       0x4f ../1e_bsp\libhal_bsp.a(alt_icache_flush_all.o)
 .debug_line    0x0000000000001c86       0xeb ../1e_bsp\libhal_bsp.a(alt_iic.o)
 .debug_line    0x0000000000001d71       0xdb ../1e_bsp\libhal_bsp.a(alt_iic_isr_register.o)
 .debug_line    0x0000000000001e4c      0x135 ../1e_bsp\libhal_bsp.a(alt_io_redirect.o)
 .debug_line    0x0000000000001f81       0x6b ../1e_bsp\libhal_bsp.a(alt_irq_entry.o)
 .debug_line    0x0000000000001fec       0xaa ../1e_bsp\libhal_bsp.a(alt_irq_handler.o)
 .debug_line    0x0000000000002096       0x50 ../1e_bsp\libhal_bsp.a(alt_irq_vars.o)
 .debug_line    0x00000000000020e6      0x12b ../1e_bsp\libhal_bsp.a(alt_open.o)
 .debug_line    0x0000000000002211       0xb0 ../1e_bsp\libhal_bsp.a(alt_release_fd.o)
 .debug_line    0x00000000000022c1       0xff ../1e_bsp\libhal_bsp.a(alt_tick.o)
 .debug_line    0x00000000000023c0       0x51 ../1e_bsp\libhal_bsp.a(altera_nios2_gen2_irq.o)
 .debug_line    0x0000000000002411       0xb3 ../1e_bsp\libhal_bsp.a(alt_exception_entry.o)
 .debug_line    0x00000000000024c4       0xb5 ../1e_bsp\libhal_bsp.a(alt_find_dev.o)
 .debug_line    0x0000000000002579       0xd1 ../1e_bsp\libhal_bsp.a(alt_find_file.o)
 .debug_line    0x000000000000264a       0xd7 ../1e_bsp\libhal_bsp.a(alt_get_fd.o)
 .debug_line    0x0000000000002721       0xb9 ../1e_bsp\libhal_bsp.a(alt_instruction_exception_entry.o)
 .debug_line    0x00000000000027da       0xe7 c:/intelfpga_lite/18.1/nios2eds/bin/gnu/h-x86_64-mingw32/bin/../lib/gcc/nios2-elf/5.3.0/../../../../../H-x86_64-mingw32/nios2-elf/lib/mno-hw-mul\libsmallc.a(lib_a-atexit.o)
 .debug_line    0x00000000000028c1      0x159 c:/intelfpga_lite/18.1/nios2eds/bin/gnu/h-x86_64-mingw32/bin/../lib/gcc/nios2-elf/5.3.0/../../../../../H-x86_64-mingw32/nios2-elf/lib/mno-hw-mul\libsmallc.a(lib_a-exit.o)
 .debug_line    0x0000000000002a1a      0x160 c:/intelfpga_lite/18.1/nios2eds/bin/gnu/h-x86_64-mingw32/bin/../lib/gcc/nios2-elf/5.3.0/../../../../../H-x86_64-mingw32/nios2-elf/lib/mno-hw-mul\libsmallc.a(lib_a-memcmp.o)
 .debug_line    0x0000000000002b7a      0x20d c:/intelfpga_lite/18.1/nios2eds/bin/gnu/h-x86_64-mingw32/bin/../lib/gcc/nios2-elf/5.3.0/../../../../../H-x86_64-mingw32/nios2-elf/lib/mno-hw-mul\libsmallc.a(lib_a-__atexit.o)
 .debug_line    0x0000000000002d87      0x232 c:/intelfpga_lite/18.1/nios2eds/bin/gnu/h-x86_64-mingw32/bin/../lib/gcc/nios2-elf/5.3.0/../../../../../H-x86_64-mingw32/nios2-elf/lib/mno-hw-mul\libsmallc.a(lib_a-__call_atexit.o)
 .debug_line    0x0000000000002fb9       0x71 ../1e_bsp\libhal_bsp.a(alt_exit.o)

.debug_frame    0x0000000000000000     0x1054
 *(.debug_frame)
 .debug_frame   0x0000000000000000       0xb0 obj/default/1e/main.o
 .debug_frame   0x00000000000000b0       0xa8 obj/default/1e/queue_wrapper.o
 .debug_frame   0x0000000000000158      0x190 obj/default/lib/mem_info.o
 .debug_frame   0x00000000000002e8       0x60 obj/default/lib/queue.o
 .debug_frame   0x0000000000000348       0x20 c:/intelfpga_lite/18.1/nios2eds/bin/gnu/h-x86_64-mingw32/bin/../lib/gcc/nios2-elf/5.3.0/mno-hw-mul\libgcc.a(lib2-mul.o)
 .debug_frame   0x0000000000000368       0x48 c:/intelfpga_lite/18.1/nios2eds/bin/gnu/h-x86_64-mingw32/bin/../lib/gcc/nios2-elf/5.3.0/../../../../../H-x86_64-mingw32/nios2-elf/lib/mno-hw-mul\libsmallc.a(lib_a-puts.o)
 .debug_frame   0x00000000000003b0       0x20 c:/intelfpga_lite/18.1/nios2eds/bin/gnu/h-x86_64-mingw32/bin/../lib/gcc/nios2-elf/5.3.0/../../../../../H-x86_64-mingw32/nios2-elf/lib/mno-hw-mul\libsmallc.a(lib_a-strlen.o)
 .debug_frame   0x00000000000003d0       0x58 c:/intelfpga_lite/18.1/nios2eds/bin/gnu/h-x86_64-mingw32/bin/../lib/gcc/nios2-elf/5.3.0/../../../../../H-x86_64-mingw32/nios2-elf/lib/mno-hw-mul\libsmallc.a(lib_a-fvwrite_small_dev.o)
 .debug_frame   0x0000000000000428       0x38 c:/intelfpga_lite/18.1/nios2eds/bin/gnu/h-x86_64-mingw32/bin/../lib/gcc/nios2-elf/5.3.0/../../../../../H-x86_64-mingw32/nios2-elf/lib/mno-hw-mul\libsmallc.a(lib_a-writer.o)
 .debug_frame   0x0000000000000460       0x5c ../1e_bsp\libhal_bsp.a(alt_load.o)
 .debug_frame   0x00000000000004bc       0x2c ../1e_bsp\libhal_bsp.a(alt_main.o)
 .debug_frame   0x00000000000004e8       0x60 ../1e_bsp\libhal_bsp.a(alt_write.o)
 .debug_frame   0x0000000000000548       0x88 ../1e_bsp\libhal_bsp.a(alt_sys_init.o)
 .debug_frame   0x00000000000005d0      0x288 ../1e_bsp\libhal_bsp.a(altera_avalon_fifo_util.o)
 .debug_frame   0x0000000000000858       0x60 ../1e_bsp\libhal_bsp.a(altera_avalon_jtag_uart_fd.o)
 .debug_frame   0x00000000000008b8       0x34 ../1e_bsp\libhal_bsp.a(altera_avalon_jtag_uart_read.o)
 .debug_frame   0x00000000000008ec       0x34 ../1e_bsp\libhal_bsp.a(altera_avalon_jtag_uart_write.o)
 .debug_frame   0x0000000000000920       0x60 ../1e_bsp\libhal_bsp.a(altera_avalon_timer_sc.o)
 .debug_frame   0x0000000000000980       0x60 ../1e_bsp\libhal_bsp.a(alt_close.o)
 .debug_frame   0x00000000000009e0       0x34 ../1e_bsp\libhal_bsp.a(alt_dcache_flush_all.o)
 .debug_frame   0x0000000000000a14       0x34 ../1e_bsp\libhal_bsp.a(alt_dev.o)
 .debug_frame   0x0000000000000a48       0x60 ../1e_bsp\libhal_bsp.a(alt_dev_llist_insert.o)
 .debug_frame   0x0000000000000aa8       0x38 ../1e_bsp\libhal_bsp.a(alt_do_ctors.o)
 .debug_frame   0x0000000000000ae0       0x38 ../1e_bsp\libhal_bsp.a(alt_do_dtors.o)
 .debug_frame   0x0000000000000b18       0x34 ../1e_bsp\libhal_bsp.a(alt_icache_flush_all.o)
 .debug_frame   0x0000000000000b4c       0xa4 ../1e_bsp\libhal_bsp.a(alt_iic.o)
 .debug_frame   0x0000000000000bf0       0x38 ../1e_bsp\libhal_bsp.a(alt_iic_isr_register.o)
 .debug_frame   0x0000000000000c28       0x64 ../1e_bsp\libhal_bsp.a(alt_io_redirect.o)
 .debug_frame   0x0000000000000c8c       0x38 ../1e_bsp\libhal_bsp.a(alt_irq_handler.o)
 .debug_frame   0x0000000000000cc4       0x8c ../1e_bsp\libhal_bsp.a(alt_open.o)
 .debug_frame   0x0000000000000d50       0x3c ../1e_bsp\libhal_bsp.a(alt_release_fd.o)
 .debug_frame   0x0000000000000d8c       0x5c ../1e_bsp\libhal_bsp.a(alt_tick.o)
 .debug_frame   0x0000000000000de8       0x34 ../1e_bsp\libhal_bsp.a(altera_nios2_gen2_irq.o)
 .debug_frame   0x0000000000000e1c       0x38 ../1e_bsp\libhal_bsp.a(alt_find_dev.o)
 .debug_frame   0x0000000000000e54       0x38 ../1e_bsp\libhal_bsp.a(alt_find_file.o)
 .debug_frame   0x0000000000000e8c       0x3c ../1e_bsp\libhal_bsp.a(alt_get_fd.o)
 .debug_frame   0x0000000000000ec8       0x5c ../1e_bsp\libhal_bsp.a(alt_instruction_exception_entry.o)
 .debug_frame   0x0000000000000f24       0x20 c:/intelfpga_lite/18.1/nios2eds/bin/gnu/h-x86_64-mingw32/bin/../lib/gcc/nios2-elf/5.3.0/../../../../../H-x86_64-mingw32/nios2-elf/lib/mno-hw-mul\libsmallc.a(lib_a-atexit.o)
 .debug_frame   0x0000000000000f44       0x28 c:/intelfpga_lite/18.1/nios2eds/bin/gnu/h-x86_64-mingw32/bin/../lib/gcc/nios2-elf/5.3.0/../../../../../H-x86_64-mingw32/nios2-elf/lib/mno-hw-mul\libsmallc.a(lib_a-exit.o)
 .debug_frame   0x0000000000000f6c       0x20 c:/intelfpga_lite/18.1/nios2eds/bin/gnu/h-x86_64-mingw32/bin/../lib/gcc/nios2-elf/5.3.0/../../../../../H-x86_64-mingw32/nios2-elf/lib/mno-hw-mul\libsmallc.a(lib_a-memcmp.o)
 .debug_frame   0x0000000000000f8c       0x48 c:/intelfpga_lite/18.1/nios2eds/bin/gnu/h-x86_64-mingw32/bin/../lib/gcc/nios2-elf/5.3.0/../../../../../H-x86_64-mingw32/nios2-elf/lib/mno-hw-mul\libsmallc.a(lib_a-__atexit.o)
 .debug_frame   0x0000000000000fd4       0x54 c:/intelfpga_lite/18.1/nios2eds/bin/gnu/h-x86_64-mingw32/bin/../lib/gcc/nios2-elf/5.3.0/../../../../../H-x86_64-mingw32/nios2-elf/lib/mno-hw-mul\libsmallc.a(lib_a-__call_atexit.o)
 .debug_frame   0x0000000000001028       0x2c ../1e_bsp\libhal_bsp.a(alt_exit.o)

.debug_str      0x0000000000000000     0x20d6
 *(.debug_str)
 .debug_str     0x0000000000000000      0x2de obj/default/1e/main.o
                                        0x346 (size before relaxing)
 .debug_str     0x00000000000002de       0xa9 obj/default/1e/queue_wrapper.o
                                        0x1ab (size before relaxing)
 .debug_str     0x0000000000000387       0xca obj/default/lib/mem_info.o
                                        0x1dd (size before relaxing)
 .debug_str     0x0000000000000451       0x2c obj/default/lib/queue.o
                                        0x14d (size before relaxing)
 .debug_str     0x000000000000047d      0x148 c:/intelfpga_lite/18.1/nios2eds/bin/gnu/h-x86_64-mingw32/bin/../lib/gcc/nios2-elf/5.3.0/mno-hw-mul\libgcc.a(lib2-mul.o)
                                        0x193 (size before relaxing)
 .debug_str     0x00000000000005c5      0x3f7 c:/intelfpga_lite/18.1/nios2eds/bin/gnu/h-x86_64-mingw32/bin/../lib/gcc/nios2-elf/5.3.0/../../../../../H-x86_64-mingw32/nios2-elf/lib/mno-hw-mul\libsmallc.a(lib_a-puts.o)
                                        0x4cd (size before relaxing)
 .debug_str     0x00000000000009bc       0xd2 c:/intelfpga_lite/18.1/nios2eds/bin/gnu/h-x86_64-mingw32/bin/../lib/gcc/nios2-elf/5.3.0/../../../../../H-x86_64-mingw32/nios2-elf/lib/mno-hw-mul\libsmallc.a(lib_a-strlen.o)
                                        0x1e5 (size before relaxing)
 .debug_str     0x0000000000000a8e       0x63 c:/intelfpga_lite/18.1/nios2eds/bin/gnu/h-x86_64-mingw32/bin/../lib/gcc/nios2-elf/5.3.0/../../../../../H-x86_64-mingw32/nios2-elf/lib/mno-hw-mul\libsmallc.a(lib_a-fvwrite_small_dev.o)
                                        0x4d4 (size before relaxing)
 .debug_str     0x0000000000000af1       0xef c:/intelfpga_lite/18.1/nios2eds/bin/gnu/h-x86_64-mingw32/bin/../lib/gcc/nios2-elf/5.3.0/../../../../../H-x86_64-mingw32/nios2-elf/lib/mno-hw-mul\libsmallc.a(lib_a-impure.o)
                                        0x4be (size before relaxing)
 .debug_str     0x0000000000000be0       0x45 c:/intelfpga_lite/18.1/nios2eds/bin/gnu/h-x86_64-mingw32/bin/../lib/gcc/nios2-elf/5.3.0/../../../../../H-x86_64-mingw32/nios2-elf/lib/mno-hw-mul\libsmallc.a(lib_a-writer.o)
                                        0x4b8 (size before relaxing)
 .debug_str     0x0000000000000c25       0x3f c:/intelfpga_lite/18.1/nios2eds/bin/gnu/h-x86_64-mingw32/bin/../lib/gcc/nios2-elf/5.3.0/../../../../../H-x86_64-mingw32/nios2-elf/lib/mno-hw-mul\libsmallc.a(lib_a-int_errno.o)
                                        0x1d8 (size before relaxing)
 .debug_str     0x0000000000000c64      0x128 ../1e_bsp\libhal_bsp.a(alt_load.o)
                                        0x20f (size before relaxing)
 .debug_str     0x0000000000000d8c       0x70 ../1e_bsp\libhal_bsp.a(alt_main.o)
                                        0x19a (size before relaxing)
 .debug_str     0x0000000000000dfc      0x15f ../1e_bsp\libhal_bsp.a(alt_write.o)
                                        0x2f5 (size before relaxing)
 .debug_str     0x0000000000000f5b      0x13a ../1e_bsp\libhal_bsp.a(alt_sys_init.o)
                                        0x30b (size before relaxing)
 .debug_str     0x0000000000001095      0x28e ../1e_bsp\libhal_bsp.a(altera_avalon_fifo_util.o)
                                        0x3e5 (size before relaxing)
 .debug_str     0x0000000000001323       0x77 ../1e_bsp\libhal_bsp.a(altera_avalon_jtag_uart_fd.o)
                                        0x2d2 (size before relaxing)
 .debug_str     0x000000000000139a       0x48 ../1e_bsp\libhal_bsp.a(altera_avalon_jtag_uart_read.o)
                                        0x21c (size before relaxing)
 .debug_str     0x00000000000013e2       0x4a ../1e_bsp\libhal_bsp.a(altera_avalon_jtag_uart_write.o)
                                        0x212 (size before relaxing)
 .debug_str     0x000000000000142c       0xb6 ../1e_bsp\libhal_bsp.a(altera_avalon_timer_sc.o)
                                        0x248 (size before relaxing)
 .debug_str     0x00000000000014e2       0x1b ../1e_bsp\libhal_bsp.a(alt_close.o)
                                        0x208 (size before relaxing)
 .debug_str     0x00000000000014fd       0x34 ../1e_bsp\libhal_bsp.a(alt_dcache_flush_all.o)
                                        0x152 (size before relaxing)
 .debug_str     0x0000000000001531       0x50 ../1e_bsp\libhal_bsp.a(alt_dev.o)
                                        0x302 (size before relaxing)
 .debug_str     0x0000000000001581       0x45 ../1e_bsp\libhal_bsp.a(alt_dev_llist_insert.o)
                                        0x1c9 (size before relaxing)
 .debug_str     0x00000000000015c6       0x48 ../1e_bsp\libhal_bsp.a(alt_do_ctors.o)
                                         0xcd (size before relaxing)
 .debug_str     0x000000000000160e       0x4c ../1e_bsp\libhal_bsp.a(alt_do_dtors.o)
                                         0xcc (size before relaxing)
 .debug_str     0x000000000000165a       0x14 ../1e_bsp\libhal_bsp.a(alt_errno.o)
                                        0x142 (size before relaxing)
 .debug_str     0x000000000000166e       0x34 ../1e_bsp\libhal_bsp.a(alt_icache_flush_all.o)
                                        0x152 (size before relaxing)
 .debug_str     0x00000000000016a2       0xbd ../1e_bsp\libhal_bsp.a(alt_iic.o)
                                        0x23b (size before relaxing)
 .debug_str     0x000000000000175f       0x4c ../1e_bsp\libhal_bsp.a(alt_iic_isr_register.o)
                                        0x1e5 (size before relaxing)
 .debug_str     0x00000000000017ab       0x56 ../1e_bsp\libhal_bsp.a(alt_io_redirect.o)
                                        0x313 (size before relaxing)
 .debug_str     0x0000000000001801       0x3a ../1e_bsp\libhal_bsp.a(alt_irq_handler.o)
                                        0x194 (size before relaxing)
 .debug_str     0x000000000000183b       0x17 ../1e_bsp\libhal_bsp.a(alt_irq_vars.o)
                                        0x137 (size before relaxing)
 .debug_str     0x0000000000001852       0x29 ../1e_bsp\libhal_bsp.a(alt_open.o)
                                        0x248 (size before relaxing)
 .debug_str     0x000000000000187b       0x28 ../1e_bsp\libhal_bsp.a(alt_release_fd.o)
                                        0x1d0 (size before relaxing)
 .debug_str     0x00000000000018a3       0x78 ../1e_bsp\libhal_bsp.a(alt_tick.o)
                                        0x24f (size before relaxing)
 .debug_str     0x000000000000191b       0x3b ../1e_bsp\libhal_bsp.a(altera_nios2_gen2_irq.o)
                                        0x159 (size before relaxing)
 .debug_str     0x0000000000001956       0x24 ../1e_bsp\libhal_bsp.a(alt_find_dev.o)
                                        0x1e9 (size before relaxing)
 .debug_str     0x000000000000197a       0x26 ../1e_bsp\libhal_bsp.a(alt_find_file.o)
                                        0x1f7 (size before relaxing)
 .debug_str     0x00000000000019a0       0x30 ../1e_bsp\libhal_bsp.a(alt_get_fd.o)
                                        0x219 (size before relaxing)
 .debug_str     0x00000000000019d0      0x48b ../1e_bsp\libhal_bsp.a(alt_instruction_exception_entry.o)
                                        0x59d (size before relaxing)
 .debug_str     0x0000000000001e5b      0x116 c:/intelfpga_lite/18.1/nios2eds/bin/gnu/h-x86_64-mingw32/bin/../lib/gcc/nios2-elf/5.3.0/../../../../../H-x86_64-mingw32/nios2-elf/lib/mno-hw-mul\libsmallc.a(lib_a-atexit.o)
                                        0x21c (size before relaxing)
 .debug_str     0x0000000000001f71       0x4c c:/intelfpga_lite/18.1/nios2eds/bin/gnu/h-x86_64-mingw32/bin/../lib/gcc/nios2-elf/5.3.0/../../../../../H-x86_64-mingw32/nios2-elf/lib/mno-hw-mul\libsmallc.a(lib_a-exit.o)
                                        0x1f0 (size before relaxing)
 .debug_str     0x0000000000001fbd       0x44 c:/intelfpga_lite/18.1/nios2eds/bin/gnu/h-x86_64-mingw32/bin/../lib/gcc/nios2-elf/5.3.0/../../../../../H-x86_64-mingw32/nios2-elf/lib/mno-hw-mul\libsmallc.a(lib_a-memcmp.o)
                                        0x1df (size before relaxing)
 .debug_str     0x0000000000002001       0x46 c:/intelfpga_lite/18.1/nios2eds/bin/gnu/h-x86_64-mingw32/bin/../lib/gcc/nios2-elf/5.3.0/../../../../../H-x86_64-mingw32/nios2-elf/lib/mno-hw-mul\libsmallc.a(lib_a-__atexit.o)
                                        0x4ff (size before relaxing)
 .debug_str     0x0000000000002047       0x65 c:/intelfpga_lite/18.1/nios2eds/bin/gnu/h-x86_64-mingw32/bin/../lib/gcc/nios2-elf/5.3.0/../../../../../H-x86_64-mingw32/nios2-elf/lib/mno-hw-mul\libsmallc.a(lib_a-__call_atexit.o)
                                        0x4eb (size before relaxing)
 .debug_str     0x00000000000020ac       0x2a ../1e_bsp\libhal_bsp.a(alt_exit.o)
                                        0x14e (size before relaxing)

.debug_loc      0x0000000000000000      0x6f2
 *(.debug_loc)
 .debug_loc     0x0000000000000000       0x93 c:/intelfpga_lite/18.1/nios2eds/bin/gnu/h-x86_64-mingw32/bin/../lib/gcc/nios2-elf/5.3.0/mno-hw-mul\libgcc.a(lib2-mul.o)
 .debug_loc     0x0000000000000093       0x97 c:/intelfpga_lite/18.1/nios2eds/bin/gnu/h-x86_64-mingw32/bin/../lib/gcc/nios2-elf/5.3.0/../../../../../H-x86_64-mingw32/nios2-elf/lib/mno-hw-mul\libsmallc.a(lib_a-puts.o)
 .debug_loc     0x000000000000012a       0x1e c:/intelfpga_lite/18.1/nios2eds/bin/gnu/h-x86_64-mingw32/bin/../lib/gcc/nios2-elf/5.3.0/../../../../../H-x86_64-mingw32/nios2-elf/lib/mno-hw-mul\libsmallc.a(lib_a-strlen.o)
 .debug_loc     0x0000000000000148      0x110 c:/intelfpga_lite/18.1/nios2eds/bin/gnu/h-x86_64-mingw32/bin/../lib/gcc/nios2-elf/5.3.0/../../../../../H-x86_64-mingw32/nios2-elf/lib/mno-hw-mul\libsmallc.a(lib_a-fvwrite_small_dev.o)
 .debug_loc     0x0000000000000258       0xa5 c:/intelfpga_lite/18.1/nios2eds/bin/gnu/h-x86_64-mingw32/bin/../lib/gcc/nios2-elf/5.3.0/../../../../../H-x86_64-mingw32/nios2-elf/lib/mno-hw-mul\libsmallc.a(lib_a-writer.o)
 .debug_loc     0x00000000000002fd       0x2c c:/intelfpga_lite/18.1/nios2eds/bin/gnu/h-x86_64-mingw32/bin/../lib/gcc/nios2-elf/5.3.0/../../../../../H-x86_64-mingw32/nios2-elf/lib/mno-hw-mul\libsmallc.a(lib_a-atexit.o)
 .debug_loc     0x0000000000000329       0x1e c:/intelfpga_lite/18.1/nios2eds/bin/gnu/h-x86_64-mingw32/bin/../lib/gcc/nios2-elf/5.3.0/../../../../../H-x86_64-mingw32/nios2-elf/lib/mno-hw-mul\libsmallc.a(lib_a-exit.o)
 .debug_loc     0x0000000000000347       0x94 c:/intelfpga_lite/18.1/nios2eds/bin/gnu/h-x86_64-mingw32/bin/../lib/gcc/nios2-elf/5.3.0/../../../../../H-x86_64-mingw32/nios2-elf/lib/mno-hw-mul\libsmallc.a(lib_a-memcmp.o)
 .debug_loc     0x00000000000003db      0x1c0 c:/intelfpga_lite/18.1/nios2eds/bin/gnu/h-x86_64-mingw32/bin/../lib/gcc/nios2-elf/5.3.0/../../../../../H-x86_64-mingw32/nios2-elf/lib/mno-hw-mul\libsmallc.a(lib_a-__atexit.o)
 .debug_loc     0x000000000000059b      0x157 c:/intelfpga_lite/18.1/nios2eds/bin/gnu/h-x86_64-mingw32/bin/../lib/gcc/nios2-elf/5.3.0/../../../../../H-x86_64-mingw32/nios2-elf/lib/mno-hw-mul\libsmallc.a(lib_a-__call_atexit.o)

.debug_macinfo
 *(.debug_macinfo)

.debug_weaknames
 *(.debug_weaknames)

.debug_funcnames
 *(.debug_funcnames)

.debug_typenames
 *(.debug_typenames)

.debug_varnames
 *(.debug_varnames)

.debug_alt_sim_info
                0x0000000000000000       0x10
 *(.debug_alt_sim_info)
 .debug_alt_sim_info
                0x0000000000000000       0x10 ../1e_bsp/obj/HAL/src/crt0.o
                0x000000000000d000                __alt_data_end = 0xd000
                0x000000000000d000                PROVIDE (__alt_stack_pointer, __alt_data_end)
                [!provide]                        PROVIDE (__alt_stack_limit, __alt_stack_base)
                [!provide]                        PROVIDE (__alt_heap_start, end)
                [!provide]                        PROVIDE (__alt_heap_limit, 0xd000)
OUTPUT(CPU_1e_sub_cpu_0.elf elf32-littlenios2)

.debug_ranges   0x0000000000000000      0x180
 .debug_ranges  0x0000000000000000       0x20 ../1e_bsp/obj/HAL/src/crt0.o
 .debug_ranges  0x0000000000000020       0x18 c:/intelfpga_lite/18.1/nios2eds/bin/gnu/h-x86_64-mingw32/bin/../lib/gcc/nios2-elf/5.3.0/../../../../../H-x86_64-mingw32/nios2-elf/lib/mno-hw-mul\libsmallc.a(lib_a-puts.o)
 .debug_ranges  0x0000000000000038       0x10 c:/intelfpga_lite/18.1/nios2eds/bin/gnu/h-x86_64-mingw32/bin/../lib/gcc/nios2-elf/5.3.0/../../../../../H-x86_64-mingw32/nios2-elf/lib/mno-hw-mul\libsmallc.a(lib_a-strlen.o)
 .debug_ranges  0x0000000000000048       0x28 c:/intelfpga_lite/18.1/nios2eds/bin/gnu/h-x86_64-mingw32/bin/../lib/gcc/nios2-elf/5.3.0/../../../../../H-x86_64-mingw32/nios2-elf/lib/mno-hw-mul\libsmallc.a(lib_a-fvwrite_small_dev.o)
 .debug_ranges  0x0000000000000070       0x10 c:/intelfpga_lite/18.1/nios2eds/bin/gnu/h-x86_64-mingw32/bin/../lib/gcc/nios2-elf/5.3.0/../../../../../H-x86_64-mingw32/nios2-elf/lib/mno-hw-mul\libsmallc.a(lib_a-writer.o)
 .debug_ranges  0x0000000000000080       0x18 ../1e_bsp\libhal_bsp.a(altera_avalon_jtag_uart_read.o)
 .debug_ranges  0x0000000000000098       0x28 ../1e_bsp\libhal_bsp.a(alt_irq_entry.o)
 .debug_ranges  0x00000000000000c0       0x10 ../1e_bsp\libhal_bsp.a(alt_irq_handler.o)
 .debug_ranges  0x00000000000000d0       0x30 ../1e_bsp\libhal_bsp.a(alt_exception_entry.o)
 .debug_ranges  0x0000000000000100       0x18 ../1e_bsp\libhal_bsp.a(alt_instruction_exception_entry.o)
 .debug_ranges  0x0000000000000118       0x10 c:/intelfpga_lite/18.1/nios2eds/bin/gnu/h-x86_64-mingw32/bin/../lib/gcc/nios2-elf/5.3.0/../../../../../H-x86_64-mingw32/nios2-elf/lib/mno-hw-mul\libsmallc.a(lib_a-atexit.o)
 .debug_ranges  0x0000000000000128       0x10 c:/intelfpga_lite/18.1/nios2eds/bin/gnu/h-x86_64-mingw32/bin/../lib/gcc/nios2-elf/5.3.0/../../../../../H-x86_64-mingw32/nios2-elf/lib/mno-hw-mul\libsmallc.a(lib_a-exit.o)
 .debug_ranges  0x0000000000000138       0x10 c:/intelfpga_lite/18.1/nios2eds/bin/gnu/h-x86_64-mingw32/bin/../lib/gcc/nios2-elf/5.3.0/../../../../../H-x86_64-mingw32/nios2-elf/lib/mno-hw-mul\libsmallc.a(lib_a-memcmp.o)
 .debug_ranges  0x0000000000000148       0x10 c:/intelfpga_lite/18.1/nios2eds/bin/gnu/h-x86_64-mingw32/bin/../lib/gcc/nios2-elf/5.3.0/../../../../../H-x86_64-mingw32/nios2-elf/lib/mno-hw-mul\libsmallc.a(lib_a-__atexit.o)
 .debug_ranges  0x0000000000000158       0x28 c:/intelfpga_lite/18.1/nios2eds/bin/gnu/h-x86_64-mingw32/bin/../lib/gcc/nios2-elf/5.3.0/../../../../../H-x86_64-mingw32/nios2-elf/lib/mno-hw-mul\libsmallc.a(lib_a-__call_atexit.o)
