Archive member included to satisfy reference by file (symbol)

c:/intelfpga_lite/18.1/nios2eds/bin/gnu/h-x86_64-mingw32/bin/../lib/gcc/nios2-elf/5.3.0/mno-hw-mul\libgcc.a(lib2-mul.o)
                              obj/default/1e/main.o (__mulsi3)
c:/intelfpga_lite/18.1/nios2eds/bin/gnu/h-x86_64-mingw32/bin/../lib/gcc/nios2-elf/5.3.0/../../../../../H-x86_64-mingw32/nios2-elf/lib/mno-hw-mul\libsmallc.a(lib_a-puts.o)
                              obj/default/1e/main.o (puts)
c:/intelfpga_lite/18.1/nios2eds/bin/gnu/h-x86_64-mingw32/bin/../lib/gcc/nios2-elf/5.3.0/../../../../../H-x86_64-mingw32/nios2-elf/lib/mno-hw-mul\libsmallc.a(lib_a-strlen.o)
                              c:/intelfpga_lite/18.1/nios2eds/bin/gnu/h-x86_64-mingw32/bin/../lib/gcc/nios2-elf/5.3.0/../../../../../H-x86_64-mingw32/nios2-elf/lib/mno-hw-mul\libsmallc.a(lib_a-puts.o) (strlen)
c:/intelfpga_lite/18.1/nios2eds/bin/gnu/h-x86_64-mingw32/bin/../lib/gcc/nios2-elf/5.3.0/../../../../../H-x86_64-mingw32/nios2-elf/lib/mno-hw-mul\libsmallc.a(lib_a-fvwrite_small_dev.o)
                              c:/intelfpga_lite/18.1/nios2eds/bin/gnu/h-x86_64-mingw32/bin/../lib/gcc/nios2-elf/5.3.0/../../../../../H-x86_64-mingw32/nios2-elf/lib/mno-hw-mul\libsmallc.a(lib_a-puts.o) (__sfvwrite_small_dev)
c:/intelfpga_lite/18.1/nios2eds/bin/gnu/h-x86_64-mingw32/bin/../lib/gcc/nios2-elf/5.3.0/../../../../../H-x86_64-mingw32/nios2-elf/lib/mno-hw-mul\libsmallc.a(lib_a-impure.o)
                              c:/intelfpga_lite/18.1/nios2eds/bin/gnu/h-x86_64-mingw32/bin/../lib/gcc/nios2-elf/5.3.0/../../../../../H-x86_64-mingw32/nios2-elf/lib/mno-hw-mul\libsmallc.a(lib_a-puts.o) (_impure_ptr)
c:/intelfpga_lite/18.1/nios2eds/bin/gnu/h-x86_64-mingw32/bin/../lib/gcc/nios2-elf/5.3.0/../../../../../H-x86_64-mingw32/nios2-elf/lib/mno-hw-mul\libsmallc.a(lib_a-writer.o)
                              c:/intelfpga_lite/18.1/nios2eds/bin/gnu/h-x86_64-mingw32/bin/../lib/gcc/nios2-elf/5.3.0/../../../../../H-x86_64-mingw32/nios2-elf/lib/mno-hw-mul\libsmallc.a(lib_a-fvwrite_small_dev.o) (_write_r)
c:/intelfpga_lite/18.1/nios2eds/bin/gnu/h-x86_64-mingw32/bin/../lib/gcc/nios2-elf/5.3.0/../../../../../H-x86_64-mingw32/nios2-elf/lib/mno-hw-mul\libsmallc.a(lib_a-int_errno.o)
                              c:/intelfpga_lite/18.1/nios2eds/bin/gnu/h-x86_64-mingw32/bin/../lib/gcc/nios2-elf/5.3.0/../../../../../H-x86_64-mingw32/nios2-elf/lib/mno-hw-mul\libsmallc.a(lib_a-writer.o) (errno)
../1e_bsp\libhal_bsp.a(alt_load.o)
                              ../1e_bsp/obj/HAL/src/crt0.o (alt_load)
../1e_bsp\libhal_bsp.a(alt_main.o)
                              ../1e_bsp/obj/HAL/src/crt0.o (alt_main)
../1e_bsp\libhal_bsp.a(alt_write.o)
                              c:/intelfpga_lite/18.1/nios2eds/bin/gnu/h-x86_64-mingw32/bin/../lib/gcc/nios2-elf/5.3.0/../../../../../H-x86_64-mingw32/nios2-elf/lib/mno-hw-mul\libsmallc.a(lib_a-writer.o) (write)
../1e_bsp\libhal_bsp.a(alt_sys_init.o)
                              ../1e_bsp\libhal_bsp.a(alt_main.o) (alt_irq_init)
../1e_bsp\libhal_bsp.a(altera_avalon_fifo_util.o)
                              obj/default/lib/queue.o (altera_avalon_fifo_read_status)
../1e_bsp\libhal_bsp.a(altera_avalon_jtag_uart_write.o)
                              ../1e_bsp\libhal_bsp.a(alt_write.o) (altera_avalon_jtag_uart_write)
../1e_bsp\libhal_bsp.a(altera_avalon_timer_sc.o)
                              ../1e_bsp\libhal_bsp.a(alt_sys_init.o) (alt_avalon_timer_sc_init)
../1e_bsp\libhal_bsp.a(alt_close.o)
                              ../1e_bsp\libhal_bsp.a(alt_main.o) (close)
../1e_bsp\libhal_bsp.a(alt_dcache_flush_all.o)
                              ../1e_bsp\libhal_bsp.a(alt_load.o) (alt_dcache_flush_all)
../1e_bsp\libhal_bsp.a(alt_errno.o)
                              ../1e_bsp\libhal_bsp.a(alt_write.o) (alt_errno)
../1e_bsp\libhal_bsp.a(alt_exit.o)
                              ../1e_bsp\libhal_bsp.a(alt_main.o) (_exit)
../1e_bsp\libhal_bsp.a(alt_icache_flush_all.o)
                              ../1e_bsp\libhal_bsp.a(alt_load.o) (alt_icache_flush_all)
../1e_bsp\libhal_bsp.a(alt_iic.o)
                              ../1e_bsp\libhal_bsp.a(altera_avalon_timer_sc.o) (alt_ic_isr_register)
../1e_bsp\libhal_bsp.a(alt_iic_isr_register.o)
                              ../1e_bsp\libhal_bsp.a(alt_iic.o) (alt_iic_isr_register)
../1e_bsp\libhal_bsp.a(alt_irq_entry.o)
                              ../1e_bsp\libhal_bsp.a(alt_iic_isr_register.o) (alt_irq_entry)
../1e_bsp\libhal_bsp.a(alt_irq_handler.o)
                              ../1e_bsp\libhal_bsp.a(alt_iic_isr_register.o) (alt_irq_handler)
../1e_bsp\libhal_bsp.a(alt_irq_vars.o)
                              ../1e_bsp\libhal_bsp.a(alt_iic.o) (alt_irq_active)
../1e_bsp\libhal_bsp.a(alt_tick.o)
                              ../1e_bsp\libhal_bsp.a(altera_avalon_timer_sc.o) (alt_tick)
../1e_bsp\libhal_bsp.a(altera_nios2_gen2_irq.o)
                              ../1e_bsp\libhal_bsp.a(alt_sys_init.o) (altera_nios2_gen2_irq_init)
../1e_bsp\libhal_bsp.a(alt_exception_entry.o)
                              ../1e_bsp\libhal_bsp.a(alt_irq_entry.o) (alt_exception)
../1e_bsp\libhal_bsp.a(alt_instruction_exception_entry.o)
                              ../1e_bsp\libhal_bsp.a(alt_exception_entry.o) (alt_instruction_exception_entry)

Allocating common symbols
Common symbol       size              file

alt_irq             0x100             ../1e_bsp\libhal_bsp.a(alt_irq_handler.o)
errno               0x4               c:/intelfpga_lite/18.1/nios2eds/bin/gnu/h-x86_64-mingw32/bin/../lib/gcc/nios2-elf/5.3.0/../../../../../H-x86_64-mingw32/nios2-elf/lib/mno-hw-mul\libsmallc.a(lib_a-int_errno.o)

Discarded input sections

 .gnu.warning.close
                0x0000000000000000        0x0 ../1e_bsp\libhal_bsp.a(alt_close.o)

Memory Configuration

Name             Origin             Length             Attributes
reset            0x0000000000008000 0x0000000000000020
CPU_1e_oc_ram_0  0x0000000000008020 0x0000000000004fe0
mem_info         0x0000000010010000 0x0000000000000400
*default*        0x0000000000000000 0xffffffffffffffff

Linker script and memory map

LOAD ../1e_bsp/obj/HAL/src/crt0.o
LOAD obj/default/1e/main.o
LOAD obj/default/1e/queue_wrapper.o
LOAD obj/default/lib/mem_info.o
LOAD obj/default/lib/queue.o
LOAD c:/intelfpga_lite/18.1/nios2eds/bin/gnu/h-x86_64-mingw32/bin/../lib/gcc/nios2-elf/5.3.0/../../../../../H-x86_64-mingw32/nios2-elf/lib/mno-hw-mul\libstdc++.a
LOAD c:/intelfpga_lite/18.1/nios2eds/bin/gnu/h-x86_64-mingw32/bin/../lib/gcc/nios2-elf/5.3.0/../../../../../H-x86_64-mingw32/nios2-elf/lib/mno-hw-mul\libm.a
LOAD c:/intelfpga_lite/18.1/nios2eds/bin/gnu/h-x86_64-mingw32/bin/../lib/gcc/nios2-elf/5.3.0/mno-hw-mul\libgcc.a
START GROUP
LOAD c:/intelfpga_lite/18.1/nios2eds/bin/gnu/h-x86_64-mingw32/bin/../lib/gcc/nios2-elf/5.3.0/../../../../../H-x86_64-mingw32/nios2-elf/lib/mno-hw-mul\libsmallc.a
LOAD c:/intelfpga_lite/18.1/nios2eds/bin/gnu/h-x86_64-mingw32/bin/../lib/gcc/nios2-elf/5.3.0/mno-hw-mul\libgcc.a
LOAD ../1e_bsp\libhal_bsp.a
LOAD c:/intelfpga_lite/18.1/nios2eds/bin/gnu/h-x86_64-mingw32/bin/../lib/gcc/nios2-elf/5.3.0/../../../../../H-x86_64-mingw32/nios2-elf/lib/mno-hw-mul\libm.a
END GROUP
LOAD c:/intelfpga_lite/18.1/nios2eds/bin/gnu/h-x86_64-mingw32/bin/../lib/gcc/nios2-elf/5.3.0/mno-hw-mul\libgcc.a
                0x0000000000008000                __alt_mem_CPU_1e_oc_ram_0 = 0x8000
                0x0000000010010000                __alt_mem_mem_info = 0x10010000

.entry          0x0000000000008000       0x20
 *(.entry)
 .entry         0x0000000000008000       0x20 ../1e_bsp/obj/HAL/src/crt0.o
                0x0000000000008000                __reset

.exceptions     0x0000000000008020      0x164
                0x0000000000008020                PROVIDE (__ram_exceptions_start, ABSOLUTE (.))
                0x0000000000008020                . = ALIGN (0x20)
 *(.irq)
 *(.exceptions.entry.label)
 .exceptions.entry.label
                0x0000000000008020        0x0 ../1e_bsp\libhal_bsp.a(alt_irq_entry.o)
                0x0000000000008020                alt_irq_entry
 .exceptions.entry.label
                0x0000000000008020        0x0 ../1e_bsp\libhal_bsp.a(alt_exception_entry.o)
                0x0000000000008020                alt_exception
 *(.exceptions.entry.user)
 *(.exceptions.entry.ecc_fatal)
 *(.exceptions.entry)
 .exceptions.entry
                0x0000000000008020       0x54 ../1e_bsp\libhal_bsp.a(alt_exception_entry.o)
 *(.exceptions.irqtest.user)
 *(.exceptions.irqtest)
 .exceptions.irqtest
                0x0000000000008074       0x10 ../1e_bsp\libhal_bsp.a(alt_irq_entry.o)
 *(.exceptions.irqhandler.user)
 *(.exceptions.irqhandler)
 .exceptions.irqhandler
                0x0000000000008084        0x4 ../1e_bsp\libhal_bsp.a(alt_irq_entry.o)
 *(.exceptions.irqreturn.user)
 *(.exceptions.irqreturn)
 .exceptions.irqreturn
                0x0000000000008088        0x4 ../1e_bsp\libhal_bsp.a(alt_irq_entry.o)
 *(.exceptions.notirq.label)
 .exceptions.notirq.label
                0x000000000000808c        0x0 ../1e_bsp\libhal_bsp.a(alt_irq_entry.o)
 *(.exceptions.notirq.user)
 *(.exceptions.notirq)
 .exceptions.notirq
                0x000000000000808c        0x8 ../1e_bsp\libhal_bsp.a(alt_exception_entry.o)
 *(.exceptions.soft.user)
 *(.exceptions.soft)
 *(.exceptions.unknown.user)
 *(.exceptions.unknown)
 .exceptions.unknown
                0x0000000000008094       0x14 ../1e_bsp\libhal_bsp.a(alt_exception_entry.o)
 *(.exceptions.exit.label)
 .exceptions.exit.label
                0x00000000000080a8        0x0 ../1e_bsp\libhal_bsp.a(alt_irq_entry.o)
 .exceptions.exit.label
                0x00000000000080a8        0x0 ../1e_bsp\libhal_bsp.a(alt_exception_entry.o)
 *(.exceptions.exit.user)
 *(.exceptions.exit)
 .exceptions.exit
                0x00000000000080a8       0x54 ../1e_bsp\libhal_bsp.a(alt_exception_entry.o)
 *(.exceptions)
 .exceptions    0x00000000000080fc       0x64 ../1e_bsp\libhal_bsp.a(alt_irq_handler.o)
                0x00000000000080fc                alt_irq_handler
 .exceptions    0x0000000000008160       0x24 ../1e_bsp\libhal_bsp.a(alt_instruction_exception_entry.o)
                0x0000000000008160                alt_instruction_exception_entry
                0x0000000000008184                PROVIDE (__ram_exceptions_end, ABSOLUTE (.))
                0x0000000000008020                PROVIDE (__flash_exceptions_start, LOADADDR (.exceptions))

.text           0x0000000000008184     0x1ad4
                [!provide]                        PROVIDE (stext, ABSOLUTE (.))
 *(.interp)
 *(.hash)
 *(.dynsym)
 *(.dynstr)
 *(.gnu.version)
 *(.gnu.version_d)
 *(.gnu.version_r)
 *(.rel.init)
 *(.rela.init)
 *(.rel.text .rel.text.* .rel.gnu.linkonce.t.*)
 *(.rela.text .rela.text.* .rela.gnu.linkonce.t.*)
 *(.rel.fini)
 *(.rela.fini)
 *(.rel.rodata .rel.rodata.* .rel.gnu.linkonce.r.*)
 *(.rela.rodata .rela.rodata.* .rela.gnu.linkonce.r.*)
 *(.rel.data .rel.data.* .rel.gnu.linkonce.d.*)
 *(.rela.data .rela.data.* .rela.gnu.linkonce.d.*)
 *(.rel.tdata .rel.tdata.* .rel.gnu.linkonce.td.*)
 *(.rela.tdata .rela.tdata.* .rela.gnu.linkonce.td.*)
 *(.rel.tbss .rel.tbss.* .rel.gnu.linkonce.tb.*)
 *(.rela.tbss .rela.tbss.* .rela.gnu.linkonce.tb.*)
 *(.rel.ctors)
 *(.rela.ctors)
 *(.rel.dtors)
 *(.rela.dtors)
 *(.rel.got)
 *(.rela.got)
 *(.rel.sdata .rel.sdata.* .rel.gnu.linkonce.s.*)
 *(.rela.sdata .rela.sdata.* .rela.gnu.linkonce.s.*)
 *(.rel.sbss .rel.sbss.* .rel.gnu.linkonce.sb.*)
 *(.rela.sbss .rela.sbss.* .rela.gnu.linkonce.sb.*)
 *(.rel.sdata2 .rel.sdata2.* .rel.gnu.linkonce.s2.*)
 *(.rela.sdata2 .rela.sdata2.* .rela.gnu.linkonce.s2.*)
 *(.rel.sbss2 .rel.sbss2.* .rel.gnu.linkonce.sb2.*)
 *(.rela.sbss2 .rela.sbss2.* .rela.gnu.linkonce.sb2.*)
 *(.rel.bss .rel.bss.* .rel.gnu.linkonce.b.*)
 *(.rela.bss .rela.bss.* .rela.gnu.linkonce.b.*)
 *(.rel.plt)
 *(.rela.plt)
 *(.rel.dyn)
 *(.init)
 *(.plt)
 *(.text .stub .text.* .gnu.linkonce.t.*)
 .text          0x0000000000008184       0x3c ../1e_bsp/obj/HAL/src/crt0.o
                0x0000000000008184                _start
 .text          0x00000000000081c0      0xcb0 obj/default/1e/main.o
                0x00000000000081c0                write_markers
                0x0000000000008498                huffman
                0x0000000000008cf8                close_bitstream
                0x0000000000008dc8                main
 .text          0x0000000000008e70      0x170 obj/default/1e/queue_wrapper.o
                0x0000000000008e70                init_queues
                0x0000000000008e90                close_queues
                0x0000000000008eb0                RECV2
                0x0000000000008f98                SEND1
 .text          0x0000000000008fe0      0x278 obj/default/lib/mem_info.o
                0x0000000000008fe0                setProgStatus
                0x0000000000009010                getProgStatus
                0x0000000000009034                setFileName
                0x000000000000905c                setMemInfo
                0x00000000000090dc                getFileName
                0x0000000000009118                getIterCount
                0x0000000000009158                getWidth
                0x0000000000009198                getHeight
                0x00000000000091d8                getQualityFactor
                0x0000000000009218                getImageFormat
 .text          0x0000000000009258       0xd8 obj/default/lib/queue.o
                0x0000000000009258                enqueueINT32
                0x00000000000092c8                dequeueINT32
 .text          0x0000000000009330       0x28 c:/intelfpga_lite/18.1/nios2eds/bin/gnu/h-x86_64-mingw32/bin/../lib/gcc/nios2-elf/5.3.0/mno-hw-mul\libgcc.a(lib2-mul.o)
                0x0000000000009330                __mulsi3
 .text          0x0000000000009358        0x0 c:/intelfpga_lite/18.1/nios2eds/bin/gnu/h-x86_64-mingw32/bin/../lib/gcc/nios2-elf/5.3.0/../../../../../H-x86_64-mingw32/nios2-elf/lib/mno-hw-mul\libsmallc.a(lib_a-puts.o)
 .text._puts_r  0x0000000000009358       0x80 c:/intelfpga_lite/18.1/nios2eds/bin/gnu/h-x86_64-mingw32/bin/../lib/gcc/nios2-elf/5.3.0/../../../../../H-x86_64-mingw32/nios2-elf/lib/mno-hw-mul\libsmallc.a(lib_a-puts.o)
                0x0000000000009358                _puts_r
 .text.puts     0x00000000000093d8       0x14 c:/intelfpga_lite/18.1/nios2eds/bin/gnu/h-x86_64-mingw32/bin/../lib/gcc/nios2-elf/5.3.0/../../../../../H-x86_64-mingw32/nios2-elf/lib/mno-hw-mul\libsmallc.a(lib_a-puts.o)
                0x00000000000093d8                puts
 .text          0x00000000000093ec        0x0 c:/intelfpga_lite/18.1/nios2eds/bin/gnu/h-x86_64-mingw32/bin/../lib/gcc/nios2-elf/5.3.0/../../../../../H-x86_64-mingw32/nios2-elf/lib/mno-hw-mul\libsmallc.a(lib_a-strlen.o)
 .text.strlen   0x00000000000093ec       0x1c c:/intelfpga_lite/18.1/nios2eds/bin/gnu/h-x86_64-mingw32/bin/../lib/gcc/nios2-elf/5.3.0/../../../../../H-x86_64-mingw32/nios2-elf/lib/mno-hw-mul\libsmallc.a(lib_a-strlen.o)
                0x00000000000093ec                strlen
 .text          0x0000000000009408        0x0 c:/intelfpga_lite/18.1/nios2eds/bin/gnu/h-x86_64-mingw32/bin/../lib/gcc/nios2-elf/5.3.0/../../../../../H-x86_64-mingw32/nios2-elf/lib/mno-hw-mul\libsmallc.a(lib_a-fvwrite_small_dev.o)
 .text.__sfvwrite_small_dev
                0x0000000000009408       0xb8 c:/intelfpga_lite/18.1/nios2eds/bin/gnu/h-x86_64-mingw32/bin/../lib/gcc/nios2-elf/5.3.0/../../../../../H-x86_64-mingw32/nios2-elf/lib/mno-hw-mul\libsmallc.a(lib_a-fvwrite_small_dev.o)
                0x0000000000009408                __sfvwrite_small_dev
 .text          0x00000000000094c0        0x0 c:/intelfpga_lite/18.1/nios2eds/bin/gnu/h-x86_64-mingw32/bin/../lib/gcc/nios2-elf/5.3.0/../../../../../H-x86_64-mingw32/nios2-elf/lib/mno-hw-mul\libsmallc.a(lib_a-impure.o)
 .text          0x00000000000094c0        0x0 c:/intelfpga_lite/18.1/nios2eds/bin/gnu/h-x86_64-mingw32/bin/../lib/gcc/nios2-elf/5.3.0/../../../../../H-x86_64-mingw32/nios2-elf/lib/mno-hw-mul\libsmallc.a(lib_a-writer.o)
 .text._write_r
                0x00000000000094c0       0x58 c:/intelfpga_lite/18.1/nios2eds/bin/gnu/h-x86_64-mingw32/bin/../lib/gcc/nios2-elf/5.3.0/../../../../../H-x86_64-mingw32/nios2-elf/lib/mno-hw-mul\libsmallc.a(lib_a-writer.o)
                0x00000000000094c0                _write_r
 .text          0x0000000000009518        0x0 c:/intelfpga_lite/18.1/nios2eds/bin/gnu/h-x86_64-mingw32/bin/../lib/gcc/nios2-elf/5.3.0/../../../../../H-x86_64-mingw32/nios2-elf/lib/mno-hw-mul\libsmallc.a(lib_a-int_errno.o)
 .text          0x0000000000009518      0x114 ../1e_bsp\libhal_bsp.a(alt_load.o)
                0x0000000000009518                alt_load
 .text          0x000000000000962c       0x3c ../1e_bsp\libhal_bsp.a(alt_main.o)
                0x000000000000962c                alt_main
 .text          0x0000000000009668       0x60 ../1e_bsp\libhal_bsp.a(alt_write.o)
                0x0000000000009668                write
 .text          0x00000000000096c8       0x38 ../1e_bsp\libhal_bsp.a(alt_sys_init.o)
                0x00000000000096c8                alt_irq_init
                0x00000000000096e8                alt_sys_init
 .text          0x0000000000009700      0x1ac ../1e_bsp\libhal_bsp.a(altera_avalon_fifo_util.o)
                0x0000000000009700                altera_avalon_fifo_init
                0x0000000000009768                altera_avalon_fifo_read_status
                0x0000000000009774                altera_avalon_fifo_read_ienable
                0x0000000000009780                altera_avalon_fifo_read_almostfull
                0x0000000000009788                altera_avalon_fifo_read_almostempty
                0x0000000000009790                altera_avalon_fifo_read_event
                0x000000000000979c                altera_avalon_fifo_read_level
                0x00000000000097a4                altera_avalon_fifo_clear_event
                0x00000000000097c0                altera_avalon_fifo_write_ienable
                0x00000000000097e0                altera_avalon_fifo_write_almostfull
                0x0000000000009800                altera_avalon_fifo_write_almostempty
                0x0000000000009820                altera_avalon_fifo_write_fifo
                0x000000000000983c                altera_avalon_read_fifo
                0x0000000000009864                altera_avalon_fifo_read_fifo
                0x0000000000009880                altera_avalon_fifo_write_other_info
                0x000000000000989c                altera_avalon_fifo_read_other_info
                0x00000000000098a4                altera_avalon_fifo_read_backpressure
 .text          0x00000000000098ac       0x34 ../1e_bsp\libhal_bsp.a(altera_avalon_jtag_uart_write.o)
                0x00000000000098ac                altera_avalon_jtag_uart_write
 .text          0x00000000000098e0       0x84 ../1e_bsp\libhal_bsp.a(altera_avalon_timer_sc.o)
                0x000000000000991c                alt_avalon_timer_sc_init
 .text          0x0000000000009964       0x40 ../1e_bsp\libhal_bsp.a(alt_close.o)
                0x0000000000009964                close
 .text          0x00000000000099a4        0x4 ../1e_bsp\libhal_bsp.a(alt_dcache_flush_all.o)
                0x00000000000099a4                alt_dcache_flush_all
 .text          0x00000000000099a8        0x0 ../1e_bsp\libhal_bsp.a(alt_errno.o)
 .text          0x00000000000099a8       0x14 ../1e_bsp\libhal_bsp.a(alt_exit.o)
                0x00000000000099a8                _exit
 .text          0x00000000000099bc        0x4 ../1e_bsp\libhal_bsp.a(alt_icache_flush_all.o)
                0x00000000000099bc                alt_icache_flush_all
 .text          0x00000000000099c0       0x8c ../1e_bsp\libhal_bsp.a(alt_iic.o)
                0x00000000000099c0                alt_ic_isr_register
                0x00000000000099c4                alt_ic_irq_enable
                0x00000000000099fc                alt_ic_irq_disable
                0x0000000000009a34                alt_ic_irq_enabled
 .text          0x0000000000009a4c       0x68 ../1e_bsp\libhal_bsp.a(alt_iic_isr_register.o)
                0x0000000000009a4c                alt_iic_isr_register
 .text          0x0000000000009ab4        0x0 ../1e_bsp\libhal_bsp.a(alt_irq_entry.o)
 .text          0x0000000000009ab4        0x0 ../1e_bsp\libhal_bsp.a(alt_irq_handler.o)
 .text          0x0000000000009ab4        0x0 ../1e_bsp\libhal_bsp.a(alt_irq_vars.o)
 .text          0x0000000000009ab4      0x128 ../1e_bsp\libhal_bsp.a(alt_tick.o)
                0x0000000000009ab4                alt_alarm_stop
                0x0000000000009ae8                alt_tick
 .text          0x0000000000009bdc        0x8 ../1e_bsp\libhal_bsp.a(altera_nios2_gen2_irq.o)
                0x0000000000009bdc                altera_nios2_gen2_irq_init
 .text          0x0000000000009be4        0x0 ../1e_bsp\libhal_bsp.a(alt_exception_entry.o)
 .text          0x0000000000009be4       0x74 ../1e_bsp\libhal_bsp.a(alt_instruction_exception_entry.o)
                0x0000000000009be4                alt_exception_cause_generated_bad_addr
 *(.gnu.warning.*)
 *(.fini)
                [!provide]                        PROVIDE (__etext, ABSOLUTE (.))
                [!provide]                        PROVIDE (_etext, ABSOLUTE (.))
                [!provide]                        PROVIDE (etext, ABSOLUTE (.))
 *(.eh_frame_hdr)
                0x0000000000009c58                . = ALIGN (0x4)
                [!provide]                        PROVIDE (__preinit_array_start, ABSOLUTE (.))
 *(.preinit_array)
                [!provide]                        PROVIDE (__preinit_array_end, ABSOLUTE (.))
                [!provide]                        PROVIDE (__init_array_start, ABSOLUTE (.))
 *(.init_array)
                [!provide]                        PROVIDE (__init_array_end, ABSOLUTE (.))
                [!provide]                        PROVIDE (__fini_array_start, ABSOLUTE (.))
 *(.fini_array)
                [!provide]                        PROVIDE (__fini_array_end, ABSOLUTE (.))
 *(.eh_frame)
 *(.gcc_except_table .gcc_except_table.*)
 *(.dynamic)
                [!provide]                        PROVIDE (__CTOR_LIST__, ABSOLUTE (.))
 *(.ctors)
 *(SORT(.ctors.*))
                [!provide]                        PROVIDE (__CTOR_END__, ABSOLUTE (.))
                [!provide]                        PROVIDE (__DTOR_LIST__, ABSOLUTE (.))
 *(.dtors)
 *(SORT(.dtors.*))
                [!provide]                        PROVIDE (__DTOR_END__, ABSOLUTE (.))
 *(.jcr)
                0x0000000000009c58                . = ALIGN (0x4)

.rodata         0x0000000000009c58       0x14
                0x0000000000009c58                PROVIDE (__ram_rodata_start, ABSOLUTE (.))
                0x0000000000009c58                . = ALIGN (0x4)
 *(.rodata .rodata.* .gnu.linkonce.r.*)
 .rodata        0x0000000000009c58        0xd obj/default/1e/main.o
 *fill*         0x0000000000009c65        0x3 
 .rodata.str1.4
                0x0000000000009c68        0x4 c:/intelfpga_lite/18.1/nios2eds/bin/gnu/h-x86_64-mingw32/bin/../lib/gcc/nios2-elf/5.3.0/../../../../../H-x86_64-mingw32/nios2-elf/lib/mno-hw-mul\libsmallc.a(lib_a-puts.o)
                                          0x2 (size before relaxing)
 *(.rodata1)
                0x0000000000009c6c                . = ALIGN (0x4)
                0x0000000000009c6c                PROVIDE (__ram_rodata_end, ABSOLUTE (.))
                0x0000000000009c58                PROVIDE (__flash_rodata_start, LOADADDR (.rodata))

.rwdata         0x0000000000009c6c      0x9ac load address 0x000000000000a618
                0x0000000000009c6c                PROVIDE (__ram_rwdata_start, ABSOLUTE (.))
                0x0000000000009c6c                . = ALIGN (0x4)
 *(.got.plt)
 *(.got)
 *(.data1)
 *(.data .data.* .gnu.linkonce.d.*)
 .data          0x0000000000009c6c        0x0 ../1e_bsp/obj/HAL/src/crt0.o
 .data          0x0000000000009c6c      0x814 obj/default/1e/main.o
                0x0000000000009c6c                luminance_dc_code_table
                0x0000000000009c84                luminance_dc_size_table
                0x0000000000009c9c                chrominance_dc_code_table
                0x0000000000009cb4                chrominance_dc_size_table
                0x0000000000009ccc                luminance_ac_code_table
                0x0000000000009e10                luminance_ac_size_table
                0x0000000000009f54                chrominance_ac_code_table
                0x000000000000a098                chrominance_ac_size_table
                0x000000000000a1dc                bitsize
                0x000000000000a2dc                markerdata
 .data          0x000000000000a480       0x9c obj/default/1e/queue_wrapper.o
                0x000000000000a480                qa_p1
                0x000000000000a48c                qa_p2
                0x000000000000a498                qa_p3
                0x000000000000a4a4                qb_p1
                0x000000000000a4b0                qb_p2
                0x000000000000a4bc                qb_p3
                0x000000000000a4c8                qc_p1
                0x000000000000a4d4                qc_p2
                0x000000000000a4e0                qc_p3
                0x000000000000a4ec                qd_p1
                0x000000000000a4f8                qd_p2
                0x000000000000a504                qd_p3
                0x000000000000a510                qe
 .data          0x000000000000a51c        0x0 obj/default/lib/mem_info.o
 .data          0x000000000000a51c        0x0 obj/default/lib/queue.o
 .data          0x000000000000a51c        0x0 c:/intelfpga_lite/18.1/nios2eds/bin/gnu/h-x86_64-mingw32/bin/../lib/gcc/nios2-elf/5.3.0/mno-hw-mul\libgcc.a(lib2-mul.o)
 .data          0x000000000000a51c        0x0 c:/intelfpga_lite/18.1/nios2eds/bin/gnu/h-x86_64-mingw32/bin/../lib/gcc/nios2-elf/5.3.0/../../../../../H-x86_64-mingw32/nios2-elf/lib/mno-hw-mul\libsmallc.a(lib_a-puts.o)
 .data          0x000000000000a51c        0x0 c:/intelfpga_lite/18.1/nios2eds/bin/gnu/h-x86_64-mingw32/bin/../lib/gcc/nios2-elf/5.3.0/../../../../../H-x86_64-mingw32/nios2-elf/lib/mno-hw-mul\libsmallc.a(lib_a-strlen.o)
 .data          0x000000000000a51c        0x0 c:/intelfpga_lite/18.1/nios2eds/bin/gnu/h-x86_64-mingw32/bin/../lib/gcc/nios2-elf/5.3.0/../../../../../H-x86_64-mingw32/nios2-elf/lib/mno-hw-mul\libsmallc.a(lib_a-fvwrite_small_dev.o)
 .data          0x000000000000a51c        0x0 c:/intelfpga_lite/18.1/nios2eds/bin/gnu/h-x86_64-mingw32/bin/../lib/gcc/nios2-elf/5.3.0/../../../../../H-x86_64-mingw32/nios2-elf/lib/mno-hw-mul\libsmallc.a(lib_a-impure.o)
 .data.impure_data
                0x000000000000a51c       0xe0 c:/intelfpga_lite/18.1/nios2eds/bin/gnu/h-x86_64-mingw32/bin/../lib/gcc/nios2-elf/5.3.0/../../../../../H-x86_64-mingw32/nios2-elf/lib/mno-hw-mul\libsmallc.a(lib_a-impure.o)
 .data          0x000000000000a5fc        0x0 c:/intelfpga_lite/18.1/nios2eds/bin/gnu/h-x86_64-mingw32/bin/../lib/gcc/nios2-elf/5.3.0/../../../../../H-x86_64-mingw32/nios2-elf/lib/mno-hw-mul\libsmallc.a(lib_a-writer.o)
 .data          0x000000000000a5fc        0x0 c:/intelfpga_lite/18.1/nios2eds/bin/gnu/h-x86_64-mingw32/bin/../lib/gcc/nios2-elf/5.3.0/../../../../../H-x86_64-mingw32/nios2-elf/lib/mno-hw-mul\libsmallc.a(lib_a-int_errno.o)
 .data          0x000000000000a5fc        0x0 ../1e_bsp\libhal_bsp.a(alt_load.o)
 .data          0x000000000000a5fc        0x0 ../1e_bsp\libhal_bsp.a(alt_main.o)
 .data          0x000000000000a5fc        0x0 ../1e_bsp\libhal_bsp.a(alt_write.o)
 .data          0x000000000000a5fc        0x0 ../1e_bsp\libhal_bsp.a(alt_sys_init.o)
 .data          0x000000000000a5fc        0x0 ../1e_bsp\libhal_bsp.a(altera_avalon_fifo_util.o)
 .data          0x000000000000a5fc        0x0 ../1e_bsp\libhal_bsp.a(altera_avalon_jtag_uart_write.o)
 .data          0x000000000000a5fc        0x0 ../1e_bsp\libhal_bsp.a(altera_avalon_timer_sc.o)
 .data          0x000000000000a5fc        0x0 ../1e_bsp\libhal_bsp.a(alt_close.o)
 .data          0x000000000000a5fc        0x0 ../1e_bsp\libhal_bsp.a(alt_dcache_flush_all.o)
 .data          0x000000000000a5fc        0x0 ../1e_bsp\libhal_bsp.a(alt_errno.o)
 .data          0x000000000000a5fc        0x0 ../1e_bsp\libhal_bsp.a(alt_exit.o)
 .data          0x000000000000a5fc        0x0 ../1e_bsp\libhal_bsp.a(alt_icache_flush_all.o)
 .data          0x000000000000a5fc        0x0 ../1e_bsp\libhal_bsp.a(alt_iic.o)
 .data          0x000000000000a5fc        0x0 ../1e_bsp\libhal_bsp.a(alt_iic_isr_register.o)
 .data          0x000000000000a5fc        0x0 ../1e_bsp\libhal_bsp.a(alt_irq_entry.o)
 .data          0x000000000000a5fc        0x0 ../1e_bsp\libhal_bsp.a(alt_irq_handler.o)
 .data          0x000000000000a5fc        0x0 ../1e_bsp\libhal_bsp.a(alt_irq_vars.o)
 .data          0x000000000000a5fc        0x0 ../1e_bsp\libhal_bsp.a(alt_tick.o)
 .data          0x000000000000a5fc        0x0 ../1e_bsp\libhal_bsp.a(altera_nios2_gen2_irq.o)
 .data          0x000000000000a5fc        0x0 ../1e_bsp\libhal_bsp.a(alt_exception_entry.o)
 .data          0x000000000000a5fc        0x0 ../1e_bsp\libhal_bsp.a(alt_instruction_exception_entry.o)
                0x00000000000125fc                _gp = ABSOLUTE ((. + 0x8000))
                [!provide]                        PROVIDE (gp, _gp)
 *(.rwdata .rwdata.*)
 *(.sdata .sdata.* .gnu.linkonce.s.*)
 .sdata._global_impure_ptr
                0x000000000000a5fc        0x4 c:/intelfpga_lite/18.1/nios2eds/bin/gnu/h-x86_64-mingw32/bin/../lib/gcc/nios2-elf/5.3.0/../../../../../H-x86_64-mingw32/nios2-elf/lib/mno-hw-mul\libsmallc.a(lib_a-impure.o)
                0x000000000000a5fc                _global_impure_ptr
 .sdata._impure_ptr
                0x000000000000a600        0x4 c:/intelfpga_lite/18.1/nios2eds/bin/gnu/h-x86_64-mingw32/bin/../lib/gcc/nios2-elf/5.3.0/../../../../../H-x86_64-mingw32/nios2-elf/lib/mno-hw-mul\libsmallc.a(lib_a-impure.o)
                0x000000000000a600                _impure_ptr
 .sdata         0x000000000000a604        0x4 ../1e_bsp\libhal_bsp.a(alt_sys_init.o)
                0x000000000000a604                CPU_1e_uart_0
 .sdata         0x000000000000a608        0x4 ../1e_bsp\libhal_bsp.a(alt_errno.o)
                0x000000000000a608                alt_errno
 .sdata         0x000000000000a60c        0x4 ../1e_bsp\libhal_bsp.a(alt_irq_vars.o)
                0x000000000000a60c                alt_priority_mask
 .sdata         0x000000000000a610        0x8 ../1e_bsp\libhal_bsp.a(alt_tick.o)
                0x000000000000a610                alt_alarm_list
 *(.sdata2 .sdata2.* .gnu.linkonce.s2.*)
                0x000000000000a618                . = ALIGN (0x4)
                0x000000000000a618                _edata = ABSOLUTE (.)
                [!provide]                        PROVIDE (edata, ABSOLUTE (.))
                0x000000000000a618                PROVIDE (__ram_rwdata_end, ABSOLUTE (.))
                0x000000000000a618                PROVIDE (__flash_rwdata_start, LOADADDR (.rwdata))

.bss            0x000000000000afc4      0x12c
                0x000000000000afc4                __bss_start = ABSOLUTE (.)
                [!provide]                        PROVIDE (__sbss_start, ABSOLUTE (.))
                [!provide]                        PROVIDE (___sbss_start, ABSOLUTE (.))
 *(.dynsbss)
 *(.sbss .sbss.* .gnu.linkonce.sb.*)
 .sbss          0x000000000000afc4        0xc obj/default/1e/main.o
                0x000000000000afc4                lcode
                0x000000000000afc8                bitindex
                0x000000000000afca                ldc1
                0x000000000000afcc                ldc2
                0x000000000000afce                ldc3
 .sbss          0x000000000000afd0        0x4 c:/intelfpga_lite/18.1/nios2eds/bin/gnu/h-x86_64-mingw32/bin/../lib/gcc/nios2-elf/5.3.0/../../../../../H-x86_64-mingw32/nios2-elf/lib/mno-hw-mul\libsmallc.a(lib_a-int_errno.o)
                0x000000000000afd0                errno
 .sbss          0x000000000000afd4        0xc ../1e_bsp\libhal_bsp.a(alt_main.o)
                0x000000000000afd4                alt_envp
                0x000000000000afd8                alt_argv
                0x000000000000afdc                alt_argc
 .sbss          0x000000000000afe0        0x4 ../1e_bsp\libhal_bsp.a(alt_irq_vars.o)
                0x000000000000afe0                alt_irq_active
 .sbss          0x000000000000afe4        0x8 ../1e_bsp\libhal_bsp.a(alt_tick.o)
                0x000000000000afe4                _alt_nticks
                0x000000000000afe8                _alt_tick_rate
 .sbss          0x000000000000afec        0x4 ../1e_bsp\libhal_bsp.a(alt_instruction_exception_entry.o)
                0x000000000000afec                alt_instruction_exception_handler
 *(.sbss2 .sbss2.* .gnu.linkonce.sb2.*)
 *(.scommon)
                [!provide]                        PROVIDE (__sbss_end, ABSOLUTE (.))
                [!provide]                        PROVIDE (___sbss_end, ABSOLUTE (.))
 *(.dynbss)
 *(.bss .bss.* .gnu.linkonce.b.*)
 .bss           0x000000000000aff0        0x0 ../1e_bsp/obj/HAL/src/crt0.o
 .bss           0x000000000000aff0        0x0 obj/default/1e/main.o
 .bss           0x000000000000aff0        0x0 obj/default/1e/queue_wrapper.o
 .bss           0x000000000000aff0        0x0 obj/default/lib/mem_info.o
 .bss           0x000000000000aff0        0x0 obj/default/lib/queue.o
 .bss           0x000000000000aff0        0x0 c:/intelfpga_lite/18.1/nios2eds/bin/gnu/h-x86_64-mingw32/bin/../lib/gcc/nios2-elf/5.3.0/mno-hw-mul\libgcc.a(lib2-mul.o)
 .bss           0x000000000000aff0        0x0 c:/intelfpga_lite/18.1/nios2eds/bin/gnu/h-x86_64-mingw32/bin/../lib/gcc/nios2-elf/5.3.0/../../../../../H-x86_64-mingw32/nios2-elf/lib/mno-hw-mul\libsmallc.a(lib_a-puts.o)
 .bss           0x000000000000aff0        0x0 c:/intelfpga_lite/18.1/nios2eds/bin/gnu/h-x86_64-mingw32/bin/../lib/gcc/nios2-elf/5.3.0/../../../../../H-x86_64-mingw32/nios2-elf/lib/mno-hw-mul\libsmallc.a(lib_a-strlen.o)
 .bss           0x000000000000aff0        0x0 c:/intelfpga_lite/18.1/nios2eds/bin/gnu/h-x86_64-mingw32/bin/../lib/gcc/nios2-elf/5.3.0/../../../../../H-x86_64-mingw32/nios2-elf/lib/mno-hw-mul\libsmallc.a(lib_a-fvwrite_small_dev.o)
 .bss           0x000000000000aff0        0x0 c:/intelfpga_lite/18.1/nios2eds/bin/gnu/h-x86_64-mingw32/bin/../lib/gcc/nios2-elf/5.3.0/../../../../../H-x86_64-mingw32/nios2-elf/lib/mno-hw-mul\libsmallc.a(lib_a-impure.o)
 .bss           0x000000000000aff0        0x0 c:/intelfpga_lite/18.1/nios2eds/bin/gnu/h-x86_64-mingw32/bin/../lib/gcc/nios2-elf/5.3.0/../../../../../H-x86_64-mingw32/nios2-elf/lib/mno-hw-mul\libsmallc.a(lib_a-writer.o)
 .bss           0x000000000000aff0        0x0 c:/intelfpga_lite/18.1/nios2eds/bin/gnu/h-x86_64-mingw32/bin/../lib/gcc/nios2-elf/5.3.0/../../../../../H-x86_64-mingw32/nios2-elf/lib/mno-hw-mul\libsmallc.a(lib_a-int_errno.o)
 .bss           0x000000000000aff0        0x0 ../1e_bsp\libhal_bsp.a(alt_load.o)
 .bss           0x000000000000aff0        0x0 ../1e_bsp\libhal_bsp.a(alt_main.o)
 .bss           0x000000000000aff0        0x0 ../1e_bsp\libhal_bsp.a(alt_write.o)
 .bss           0x000000000000aff0        0x0 ../1e_bsp\libhal_bsp.a(alt_sys_init.o)
 .bss           0x000000000000aff0        0x0 ../1e_bsp\libhal_bsp.a(altera_avalon_fifo_util.o)
 .bss           0x000000000000aff0        0x0 ../1e_bsp\libhal_bsp.a(altera_avalon_jtag_uart_write.o)
 .bss           0x000000000000aff0        0x0 ../1e_bsp\libhal_bsp.a(altera_avalon_timer_sc.o)
 .bss           0x000000000000aff0        0x0 ../1e_bsp\libhal_bsp.a(alt_close.o)
 .bss           0x000000000000aff0        0x0 ../1e_bsp\libhal_bsp.a(alt_dcache_flush_all.o)
 .bss           0x000000000000aff0        0x0 ../1e_bsp\libhal_bsp.a(alt_errno.o)
 .bss           0x000000000000aff0        0x0 ../1e_bsp\libhal_bsp.a(alt_exit.o)
 .bss           0x000000000000aff0        0x0 ../1e_bsp\libhal_bsp.a(alt_icache_flush_all.o)
 .bss           0x000000000000aff0        0x0 ../1e_bsp\libhal_bsp.a(alt_iic.o)
 .bss           0x000000000000aff0        0x0 ../1e_bsp\libhal_bsp.a(alt_iic_isr_register.o)
 .bss           0x000000000000aff0        0x0 ../1e_bsp\libhal_bsp.a(alt_irq_entry.o)
 .bss           0x000000000000aff0        0x0 ../1e_bsp\libhal_bsp.a(alt_irq_handler.o)
 .bss           0x000000000000aff0        0x0 ../1e_bsp\libhal_bsp.a(alt_irq_vars.o)
 .bss           0x000000000000aff0        0x0 ../1e_bsp\libhal_bsp.a(alt_tick.o)
 .bss           0x000000000000aff0        0x0 ../1e_bsp\libhal_bsp.a(altera_nios2_gen2_irq.o)
 .bss           0x000000000000aff0        0x0 ../1e_bsp\libhal_bsp.a(alt_exception_entry.o)
 .bss           0x000000000000aff0        0x0 ../1e_bsp\libhal_bsp.a(alt_instruction_exception_entry.o)
 *(COMMON)
 COMMON         0x000000000000aff0      0x100 ../1e_bsp\libhal_bsp.a(alt_irq_handler.o)
                0x000000000000aff0                alt_irq
                0x000000000000b0f0                . = ALIGN (0x4)
                0x000000000000b0f0                __bss_end = ABSOLUTE (.)

.CPU_1e_oc_ram_0
                0x000000000000b0f0        0x0
                [!provide]                        PROVIDE (_alt_partition_CPU_1e_oc_ram_0_start, ABSOLUTE (.))
 *(.CPU_1e_oc_ram_0 .CPU_1e_oc_ram_0. CPU_1e_oc_ram_0.*)
                0x000000000000b0f0                . = ALIGN (0x4)
                [!provide]                        PROVIDE (_alt_partition_CPU_1e_oc_ram_0_end, ABSOLUTE (.))
                0x000000000000b0f0                _end = ABSOLUTE (.)
                0x000000000000b0f0                end = ABSOLUTE (.)
                0x000000000000b0f0                __alt_stack_base = ABSOLUTE (.)
                [!provide]                        PROVIDE (_alt_partition_CPU_1e_oc_ram_0_load_addr, LOADADDR (.CPU_1e_oc_ram_0))

.mem_info       0x0000000010010000        0x0 load address 0x000000000000b0f0
                [!provide]                        PROVIDE (_alt_partition_mem_info_start, ABSOLUTE (.))
 *(.mem_info .mem_info. mem_info.*)
                0x0000000010010000                . = ALIGN (0x4)
                [!provide]                        PROVIDE (_alt_partition_mem_info_end, ABSOLUTE (.))
                [!provide]                        PROVIDE (_alt_partition_mem_info_load_addr, LOADADDR (.mem_info))

.stab
 *(.stab)

.stabstr
 *(.stabstr)

.stab.excl
 *(.stab.excl)

.stab.exclstr
 *(.stab.exclstr)

.stab.index
 *(.stab.index)

.stab.indexstr
 *(.stab.indexstr)

.comment        0x0000000000000000       0x23
 *(.comment)
 .comment       0x0000000000000000       0x23 obj/default/1e/main.o
                                         0x24 (size before relaxing)
 .comment       0x0000000000000023       0x24 obj/default/1e/queue_wrapper.o
 .comment       0x0000000000000023       0x24 obj/default/lib/mem_info.o
 .comment       0x0000000000000023       0x24 obj/default/lib/queue.o
 .comment       0x0000000000000023       0x24 c:/intelfpga_lite/18.1/nios2eds/bin/gnu/h-x86_64-mingw32/bin/../lib/gcc/nios2-elf/5.3.0/mno-hw-mul\libgcc.a(lib2-mul.o)
 .comment       0x0000000000000023       0x24 c:/intelfpga_lite/18.1/nios2eds/bin/gnu/h-x86_64-mingw32/bin/../lib/gcc/nios2-elf/5.3.0/../../../../../H-x86_64-mingw32/nios2-elf/lib/mno-hw-mul\libsmallc.a(lib_a-puts.o)
 .comment       0x0000000000000023       0x24 c:/intelfpga_lite/18.1/nios2eds/bin/gnu/h-x86_64-mingw32/bin/../lib/gcc/nios2-elf/5.3.0/../../../../../H-x86_64-mingw32/nios2-elf/lib/mno-hw-mul\libsmallc.a(lib_a-strlen.o)
 .comment       0x0000000000000023       0x24 c:/intelfpga_lite/18.1/nios2eds/bin/gnu/h-x86_64-mingw32/bin/../lib/gcc/nios2-elf/5.3.0/../../../../../H-x86_64-mingw32/nios2-elf/lib/mno-hw-mul\libsmallc.a(lib_a-fvwrite_small_dev.o)
 .comment       0x0000000000000023       0x24 c:/intelfpga_lite/18.1/nios2eds/bin/gnu/h-x86_64-mingw32/bin/../lib/gcc/nios2-elf/5.3.0/../../../../../H-x86_64-mingw32/nios2-elf/lib/mno-hw-mul\libsmallc.a(lib_a-impure.o)
 .comment       0x0000000000000023       0x24 c:/intelfpga_lite/18.1/nios2eds/bin/gnu/h-x86_64-mingw32/bin/../lib/gcc/nios2-elf/5.3.0/../../../../../H-x86_64-mingw32/nios2-elf/lib/mno-hw-mul\libsmallc.a(lib_a-writer.o)
 .comment       0x0000000000000023       0x24 c:/intelfpga_lite/18.1/nios2eds/bin/gnu/h-x86_64-mingw32/bin/../lib/gcc/nios2-elf/5.3.0/../../../../../H-x86_64-mingw32/nios2-elf/lib/mno-hw-mul\libsmallc.a(lib_a-int_errno.o)
 .comment       0x0000000000000023       0x24 ../1e_bsp\libhal_bsp.a(alt_load.o)
 .comment       0x0000000000000023       0x24 ../1e_bsp\libhal_bsp.a(alt_main.o)
 .comment       0x0000000000000023       0x24 ../1e_bsp\libhal_bsp.a(alt_write.o)
 .comment       0x0000000000000023       0x24 ../1e_bsp\libhal_bsp.a(alt_sys_init.o)
 .comment       0x0000000000000023       0x24 ../1e_bsp\libhal_bsp.a(altera_avalon_fifo_util.o)
 .comment       0x0000000000000023       0x24 ../1e_bsp\libhal_bsp.a(altera_avalon_jtag_uart_write.o)
 .comment       0x0000000000000023       0x24 ../1e_bsp\libhal_bsp.a(altera_avalon_timer_sc.o)
 .comment       0x0000000000000023       0x24 ../1e_bsp\libhal_bsp.a(alt_close.o)
 .comment       0x0000000000000023       0x24 ../1e_bsp\libhal_bsp.a(alt_dcache_flush_all.o)
 .comment       0x0000000000000023       0x24 ../1e_bsp\libhal_bsp.a(alt_errno.o)
 .comment       0x0000000000000023       0x24 ../1e_bsp\libhal_bsp.a(alt_exit.o)
 .comment       0x0000000000000023       0x24 ../1e_bsp\libhal_bsp.a(alt_icache_flush_all.o)
 .comment       0x0000000000000023       0x24 ../1e_bsp\libhal_bsp.a(alt_iic.o)
 .comment       0x0000000000000023       0x24 ../1e_bsp\libhal_bsp.a(alt_iic_isr_register.o)
 .comment       0x0000000000000023       0x24 ../1e_bsp\libhal_bsp.a(alt_irq_handler.o)
 .comment       0x0000000000000023       0x24 ../1e_bsp\libhal_bsp.a(alt_irq_vars.o)
 .comment       0x0000000000000023       0x24 ../1e_bsp\libhal_bsp.a(alt_tick.o)
 .comment       0x0000000000000023       0x24 ../1e_bsp\libhal_bsp.a(altera_nios2_gen2_irq.o)
 .comment       0x0000000000000023       0x24 ../1e_bsp\libhal_bsp.a(alt_instruction_exception_entry.o)

.debug
 *(.debug)

.line
 *(.line)

.debug_srcinfo
 *(.debug_srcinfo)

.debug_sfnames
 *(.debug_sfnames)

.debug_aranges  0x0000000000000000      0x440
 *(.debug_aranges)
 .debug_aranges
                0x0000000000000000       0x28 ../1e_bsp/obj/HAL/src/crt0.o
 .debug_aranges
                0x0000000000000028       0x20 obj/default/1e/main.o
 .debug_aranges
                0x0000000000000048       0x20 obj/default/1e/queue_wrapper.o
 .debug_aranges
                0x0000000000000068       0x20 obj/default/lib/mem_info.o
 .debug_aranges
                0x0000000000000088       0x20 obj/default/lib/queue.o
 .debug_aranges
                0x00000000000000a8       0x20 c:/intelfpga_lite/18.1/nios2eds/bin/gnu/h-x86_64-mingw32/bin/../lib/gcc/nios2-elf/5.3.0/mno-hw-mul\libgcc.a(lib2-mul.o)
 .debug_aranges
                0x00000000000000c8       0x28 c:/intelfpga_lite/18.1/nios2eds/bin/gnu/h-x86_64-mingw32/bin/../lib/gcc/nios2-elf/5.3.0/../../../../../H-x86_64-mingw32/nios2-elf/lib/mno-hw-mul\libsmallc.a(lib_a-puts.o)
 .debug_aranges
                0x00000000000000f0       0x20 c:/intelfpga_lite/18.1/nios2eds/bin/gnu/h-x86_64-mingw32/bin/../lib/gcc/nios2-elf/5.3.0/../../../../../H-x86_64-mingw32/nios2-elf/lib/mno-hw-mul\libsmallc.a(lib_a-strlen.o)
 .debug_aranges
                0x0000000000000110       0x20 c:/intelfpga_lite/18.1/nios2eds/bin/gnu/h-x86_64-mingw32/bin/../lib/gcc/nios2-elf/5.3.0/../../../../../H-x86_64-mingw32/nios2-elf/lib/mno-hw-mul\libsmallc.a(lib_a-fvwrite_small_dev.o)
 .debug_aranges
                0x0000000000000130       0x18 c:/intelfpga_lite/18.1/nios2eds/bin/gnu/h-x86_64-mingw32/bin/../lib/gcc/nios2-elf/5.3.0/../../../../../H-x86_64-mingw32/nios2-elf/lib/mno-hw-mul\libsmallc.a(lib_a-impure.o)
 .debug_aranges
                0x0000000000000148       0x20 c:/intelfpga_lite/18.1/nios2eds/bin/gnu/h-x86_64-mingw32/bin/../lib/gcc/nios2-elf/5.3.0/../../../../../H-x86_64-mingw32/nios2-elf/lib/mno-hw-mul\libsmallc.a(lib_a-writer.o)
 .debug_aranges
                0x0000000000000168       0x18 c:/intelfpga_lite/18.1/nios2eds/bin/gnu/h-x86_64-mingw32/bin/../lib/gcc/nios2-elf/5.3.0/../../../../../H-x86_64-mingw32/nios2-elf/lib/mno-hw-mul\libsmallc.a(lib_a-int_errno.o)
 .debug_aranges
                0x0000000000000180       0x20 ../1e_bsp\libhal_bsp.a(alt_load.o)
 .debug_aranges
                0x00000000000001a0       0x20 ../1e_bsp\libhal_bsp.a(alt_main.o)
 .debug_aranges
                0x00000000000001c0       0x20 ../1e_bsp\libhal_bsp.a(alt_write.o)
 .debug_aranges
                0x00000000000001e0       0x20 ../1e_bsp\libhal_bsp.a(alt_sys_init.o)
 .debug_aranges
                0x0000000000000200       0x20 ../1e_bsp\libhal_bsp.a(altera_avalon_fifo_util.o)
 .debug_aranges
                0x0000000000000220       0x20 ../1e_bsp\libhal_bsp.a(altera_avalon_jtag_uart_write.o)
 .debug_aranges
                0x0000000000000240       0x20 ../1e_bsp\libhal_bsp.a(altera_avalon_timer_sc.o)
 .debug_aranges
                0x0000000000000260       0x20 ../1e_bsp\libhal_bsp.a(alt_close.o)
 .debug_aranges
                0x0000000000000280       0x20 ../1e_bsp\libhal_bsp.a(alt_dcache_flush_all.o)
 .debug_aranges
                0x00000000000002a0       0x18 ../1e_bsp\libhal_bsp.a(alt_errno.o)
 .debug_aranges
                0x00000000000002b8       0x20 ../1e_bsp\libhal_bsp.a(alt_exit.o)
 .debug_aranges
                0x00000000000002d8       0x20 ../1e_bsp\libhal_bsp.a(alt_icache_flush_all.o)
 .debug_aranges
                0x00000000000002f8       0x20 ../1e_bsp\libhal_bsp.a(alt_iic.o)
 .debug_aranges
                0x0000000000000318       0x20 ../1e_bsp\libhal_bsp.a(alt_iic_isr_register.o)
 .debug_aranges
                0x0000000000000338       0x30 ../1e_bsp\libhal_bsp.a(alt_irq_entry.o)
 .debug_aranges
                0x0000000000000368       0x20 ../1e_bsp\libhal_bsp.a(alt_irq_handler.o)
 .debug_aranges
                0x0000000000000388       0x18 ../1e_bsp\libhal_bsp.a(alt_irq_vars.o)
 .debug_aranges
                0x00000000000003a0       0x20 ../1e_bsp\libhal_bsp.a(alt_tick.o)
 .debug_aranges
                0x00000000000003c0       0x20 ../1e_bsp\libhal_bsp.a(altera_nios2_gen2_irq.o)
 .debug_aranges
                0x00000000000003e0       0x38 ../1e_bsp\libhal_bsp.a(alt_exception_entry.o)
 .debug_aranges
                0x0000000000000418       0x28 ../1e_bsp\libhal_bsp.a(alt_instruction_exception_entry.o)

.debug_pubnames
 *(.debug_pubnames)

.debug_info     0x0000000000000000     0x4721
 *(.debug_info .gnu.linkonce.wi.*)
 .debug_info    0x0000000000000000       0x6b ../1e_bsp/obj/HAL/src/crt0.o
 .debug_info    0x000000000000006b      0x411 obj/default/1e/main.o
 .debug_info    0x000000000000047c      0x1f9 obj/default/1e/queue_wrapper.o
 .debug_info    0x0000000000000675      0x1d5 obj/default/lib/mem_info.o
 .debug_info    0x000000000000084a      0x109 obj/default/lib/queue.o
 .debug_info    0x0000000000000953       0xb4 c:/intelfpga_lite/18.1/nios2eds/bin/gnu/h-x86_64-mingw32/bin/../lib/gcc/nios2-elf/5.3.0/mno-hw-mul\libgcc.a(lib2-mul.o)
 .debug_info    0x0000000000000a07      0x66d c:/intelfpga_lite/18.1/nios2eds/bin/gnu/h-x86_64-mingw32/bin/../lib/gcc/nios2-elf/5.3.0/../../../../../H-x86_64-mingw32/nios2-elf/lib/mno-hw-mul\libsmallc.a(lib_a-puts.o)
 .debug_info    0x0000000000001074       0xc9 c:/intelfpga_lite/18.1/nios2eds/bin/gnu/h-x86_64-mingw32/bin/../lib/gcc/nios2-elf/5.3.0/../../../../../H-x86_64-mingw32/nios2-elf/lib/mno-hw-mul\libsmallc.a(lib_a-strlen.o)
 .debug_info    0x000000000000113d      0x62b c:/intelfpga_lite/18.1/nios2eds/bin/gnu/h-x86_64-mingw32/bin/../lib/gcc/nios2-elf/5.3.0/../../../../../H-x86_64-mingw32/nios2-elf/lib/mno-hw-mul\libsmallc.a(lib_a-fvwrite_small_dev.o)
 .debug_info    0x0000000000001768      0x5a9 c:/intelfpga_lite/18.1/nios2eds/bin/gnu/h-x86_64-mingw32/bin/../lib/gcc/nios2-elf/5.3.0/../../../../../H-x86_64-mingw32/nios2-elf/lib/mno-hw-mul\libsmallc.a(lib_a-impure.o)
 .debug_info    0x0000000000001d11      0x630 c:/intelfpga_lite/18.1/nios2eds/bin/gnu/h-x86_64-mingw32/bin/../lib/gcc/nios2-elf/5.3.0/../../../../../H-x86_64-mingw32/nios2-elf/lib/mno-hw-mul\libsmallc.a(lib_a-writer.o)
 .debug_info    0x0000000000002341       0x8a c:/intelfpga_lite/18.1/nios2eds/bin/gnu/h-x86_64-mingw32/bin/../lib/gcc/nios2-elf/5.3.0/../../../../../H-x86_64-mingw32/nios2-elf/lib/mno-hw-mul\libsmallc.a(lib_a-int_errno.o)
 .debug_info    0x00000000000023cb      0x1c9 ../1e_bsp\libhal_bsp.a(alt_load.o)
 .debug_info    0x0000000000002594      0x1b1 ../1e_bsp\libhal_bsp.a(alt_main.o)
 .debug_info    0x0000000000002745      0x1c7 ../1e_bsp\libhal_bsp.a(alt_write.o)
 .debug_info    0x000000000000290c      0x1cf ../1e_bsp\libhal_bsp.a(alt_sys_init.o)
 .debug_info    0x0000000000002adb      0x5f2 ../1e_bsp\libhal_bsp.a(altera_avalon_fifo_util.o)
 .debug_info    0x00000000000030cd      0x197 ../1e_bsp\libhal_bsp.a(altera_avalon_jtag_uart_write.o)
 .debug_info    0x0000000000003264      0x270 ../1e_bsp\libhal_bsp.a(altera_avalon_timer_sc.o)
 .debug_info    0x00000000000034d4      0x12d ../1e_bsp\libhal_bsp.a(alt_close.o)
 .debug_info    0x0000000000003601       0x92 ../1e_bsp\libhal_bsp.a(alt_dcache_flush_all.o)
 .debug_info    0x0000000000003693       0xa6 ../1e_bsp\libhal_bsp.a(alt_errno.o)
 .debug_info    0x0000000000003739       0xea ../1e_bsp\libhal_bsp.a(alt_exit.o)
 .debug_info    0x0000000000003823       0x92 ../1e_bsp\libhal_bsp.a(alt_icache_flush_all.o)
 .debug_info    0x00000000000038b5      0x38a ../1e_bsp\libhal_bsp.a(alt_iic.o)
 .debug_info    0x0000000000003c3f      0x232 ../1e_bsp\libhal_bsp.a(alt_iic_isr_register.o)
 .debug_info    0x0000000000003e71       0x74 ../1e_bsp\libhal_bsp.a(alt_irq_entry.o)
 .debug_info    0x0000000000003ee5      0x184 ../1e_bsp\libhal_bsp.a(alt_irq_handler.o)
 .debug_info    0x0000000000004069       0x88 ../1e_bsp\libhal_bsp.a(alt_irq_vars.o)
 .debug_info    0x00000000000040f1      0x327 ../1e_bsp\libhal_bsp.a(alt_tick.o)
 .debug_info    0x0000000000004418       0x92 ../1e_bsp\libhal_bsp.a(altera_nios2_gen2_irq.o)
 .debug_info    0x00000000000044aa       0x7a ../1e_bsp\libhal_bsp.a(alt_exception_entry.o)
 .debug_info    0x0000000000004524      0x1fd ../1e_bsp\libhal_bsp.a(alt_instruction_exception_entry.o)

.debug_abbrev   0x0000000000000000     0x1c78
 *(.debug_abbrev)
 .debug_abbrev  0x0000000000000000       0x12 ../1e_bsp/obj/HAL/src/crt0.o
 .debug_abbrev  0x0000000000000012      0x124 obj/default/1e/main.o
 .debug_abbrev  0x0000000000000136       0xe1 obj/default/1e/queue_wrapper.o
 .debug_abbrev  0x0000000000000217       0xb5 obj/default/lib/mem_info.o
 .debug_abbrev  0x00000000000002cc       0xa9 obj/default/lib/queue.o
 .debug_abbrev  0x0000000000000375       0x6f c:/intelfpga_lite/18.1/nios2eds/bin/gnu/h-x86_64-mingw32/bin/../lib/gcc/nios2-elf/5.3.0/mno-hw-mul\libgcc.a(lib2-mul.o)
 .debug_abbrev  0x00000000000003e4      0x1d6 c:/intelfpga_lite/18.1/nios2eds/bin/gnu/h-x86_64-mingw32/bin/../lib/gcc/nios2-elf/5.3.0/../../../../../H-x86_64-mingw32/nios2-elf/lib/mno-hw-mul\libsmallc.a(lib_a-puts.o)
 .debug_abbrev  0x00000000000005ba       0x7f c:/intelfpga_lite/18.1/nios2eds/bin/gnu/h-x86_64-mingw32/bin/../lib/gcc/nios2-elf/5.3.0/../../../../../H-x86_64-mingw32/nios2-elf/lib/mno-hw-mul\libsmallc.a(lib_a-strlen.o)
 .debug_abbrev  0x0000000000000639      0x1bc c:/intelfpga_lite/18.1/nios2eds/bin/gnu/h-x86_64-mingw32/bin/../lib/gcc/nios2-elf/5.3.0/../../../../../H-x86_64-mingw32/nios2-elf/lib/mno-hw-mul\libsmallc.a(lib_a-fvwrite_small_dev.o)
 .debug_abbrev  0x00000000000007f5      0x14a c:/intelfpga_lite/18.1/nios2eds/bin/gnu/h-x86_64-mingw32/bin/../lib/gcc/nios2-elf/5.3.0/../../../../../H-x86_64-mingw32/nios2-elf/lib/mno-hw-mul\libsmallc.a(lib_a-impure.o)
 .debug_abbrev  0x000000000000093f      0x1a6 c:/intelfpga_lite/18.1/nios2eds/bin/gnu/h-x86_64-mingw32/bin/../lib/gcc/nios2-elf/5.3.0/../../../../../H-x86_64-mingw32/nios2-elf/lib/mno-hw-mul\libsmallc.a(lib_a-writer.o)
 .debug_abbrev  0x0000000000000ae5       0x37 c:/intelfpga_lite/18.1/nios2eds/bin/gnu/h-x86_64-mingw32/bin/../lib/gcc/nios2-elf/5.3.0/../../../../../H-x86_64-mingw32/nios2-elf/lib/mno-hw-mul\libsmallc.a(lib_a-int_errno.o)
 .debug_abbrev  0x0000000000000b1c       0xe9 ../1e_bsp\libhal_bsp.a(alt_load.o)
 .debug_abbrev  0x0000000000000c05       0xfd ../1e_bsp\libhal_bsp.a(alt_main.o)
 .debug_abbrev  0x0000000000000d02      0x12e ../1e_bsp\libhal_bsp.a(alt_write.o)
 .debug_abbrev  0x0000000000000e30      0x110 ../1e_bsp\libhal_bsp.a(alt_sys_init.o)
 .debug_abbrev  0x0000000000000f40      0x109 ../1e_bsp\libhal_bsp.a(altera_avalon_fifo_util.o)
 .debug_abbrev  0x0000000000001049       0xd5 ../1e_bsp\libhal_bsp.a(altera_avalon_jtag_uart_write.o)
 .debug_abbrev  0x000000000000111e      0x191 ../1e_bsp\libhal_bsp.a(altera_avalon_timer_sc.o)
 .debug_abbrev  0x00000000000012af       0xc3 ../1e_bsp\libhal_bsp.a(alt_close.o)
 .debug_abbrev  0x0000000000001372       0x42 ../1e_bsp\libhal_bsp.a(alt_dcache_flush_all.o)
 .debug_abbrev  0x00000000000013b4       0x5a ../1e_bsp\libhal_bsp.a(alt_errno.o)
 .debug_abbrev  0x000000000000140e       0xa9 ../1e_bsp\libhal_bsp.a(alt_exit.o)
 .debug_abbrev  0x00000000000014b7       0x42 ../1e_bsp\libhal_bsp.a(alt_icache_flush_all.o)
 .debug_abbrev  0x00000000000014f9      0x1a0 ../1e_bsp\libhal_bsp.a(alt_iic.o)
 .debug_abbrev  0x0000000000001699      0x19c ../1e_bsp\libhal_bsp.a(alt_iic_isr_register.o)
 .debug_abbrev  0x0000000000001835       0x12 ../1e_bsp\libhal_bsp.a(alt_irq_entry.o)
 .debug_abbrev  0x0000000000001847      0x120 ../1e_bsp\libhal_bsp.a(alt_irq_handler.o)
 .debug_abbrev  0x0000000000001967       0x40 ../1e_bsp\libhal_bsp.a(alt_irq_vars.o)
 .debug_abbrev  0x00000000000019a7      0x196 ../1e_bsp\libhal_bsp.a(alt_tick.o)
 .debug_abbrev  0x0000000000001b3d       0x42 ../1e_bsp\libhal_bsp.a(altera_nios2_gen2_irq.o)
 .debug_abbrev  0x0000000000001b7f       0x12 ../1e_bsp\libhal_bsp.a(alt_exception_entry.o)
 .debug_abbrev  0x0000000000001b91       0xe7 ../1e_bsp\libhal_bsp.a(alt_instruction_exception_entry.o)

.debug_line     0x0000000000000000     0x1e05
 *(.debug_line)
 .debug_line    0x0000000000000000       0x66 ../1e_bsp/obj/HAL/src/crt0.o
 .debug_line    0x0000000000000066      0x2c7 obj/default/1e/main.o
 .debug_line    0x000000000000032d       0x8e obj/default/1e/queue_wrapper.o
 .debug_line    0x00000000000003bb       0xba obj/default/lib/mem_info.o
 .debug_line    0x0000000000000475       0x6a obj/default/lib/queue.o
 .debug_line    0x00000000000004df       0x80 c:/intelfpga_lite/18.1/nios2eds/bin/gnu/h-x86_64-mingw32/bin/../lib/gcc/nios2-elf/5.3.0/mno-hw-mul\libgcc.a(lib2-mul.o)
 .debug_line    0x000000000000055f      0x206 c:/intelfpga_lite/18.1/nios2eds/bin/gnu/h-x86_64-mingw32/bin/../lib/gcc/nios2-elf/5.3.0/../../../../../H-x86_64-mingw32/nios2-elf/lib/mno-hw-mul\libsmallc.a(lib_a-puts.o)
 .debug_line    0x0000000000000765      0x15c c:/intelfpga_lite/18.1/nios2eds/bin/gnu/h-x86_64-mingw32/bin/../lib/gcc/nios2-elf/5.3.0/../../../../../H-x86_64-mingw32/nios2-elf/lib/mno-hw-mul\libsmallc.a(lib_a-strlen.o)
 .debug_line    0x00000000000008c1      0x1f0 c:/intelfpga_lite/18.1/nios2eds/bin/gnu/h-x86_64-mingw32/bin/../lib/gcc/nios2-elf/5.3.0/../../../../../H-x86_64-mingw32/nios2-elf/lib/mno-hw-mul\libsmallc.a(lib_a-fvwrite_small_dev.o)
 .debug_line    0x0000000000000ab1      0x156 c:/intelfpga_lite/18.1/nios2eds/bin/gnu/h-x86_64-mingw32/bin/../lib/gcc/nios2-elf/5.3.0/../../../../../H-x86_64-mingw32/nios2-elf/lib/mno-hw-mul\libsmallc.a(lib_a-impure.o)
 .debug_line    0x0000000000000c07      0x1ed c:/intelfpga_lite/18.1/nios2eds/bin/gnu/h-x86_64-mingw32/bin/../lib/gcc/nios2-elf/5.3.0/../../../../../H-x86_64-mingw32/nios2-elf/lib/mno-hw-mul\libsmallc.a(lib_a-writer.o)
 .debug_line    0x0000000000000df4       0x5f c:/intelfpga_lite/18.1/nios2eds/bin/gnu/h-x86_64-mingw32/bin/../lib/gcc/nios2-elf/5.3.0/../../../../../H-x86_64-mingw32/nios2-elf/lib/mno-hw-mul\libsmallc.a(lib_a-int_errno.o)
 .debug_line    0x0000000000000e53       0xad ../1e_bsp\libhal_bsp.a(alt_load.o)
 .debug_line    0x0000000000000f00      0x118 ../1e_bsp\libhal_bsp.a(alt_main.o)
 .debug_line    0x0000000000001018      0x16a ../1e_bsp\libhal_bsp.a(alt_write.o)
 .debug_line    0x0000000000001182      0x120 ../1e_bsp\libhal_bsp.a(alt_sys_init.o)
 .debug_line    0x00000000000012a2      0x10e ../1e_bsp\libhal_bsp.a(altera_avalon_fifo_util.o)
 .debug_line    0x00000000000013b0       0xef ../1e_bsp\libhal_bsp.a(altera_avalon_jtag_uart_write.o)
 .debug_line    0x000000000000149f       0xfe ../1e_bsp\libhal_bsp.a(altera_avalon_timer_sc.o)
 .debug_line    0x000000000000159d      0x108 ../1e_bsp\libhal_bsp.a(alt_close.o)
 .debug_line    0x00000000000016a5       0x4e ../1e_bsp\libhal_bsp.a(alt_dcache_flush_all.o)
 .debug_line    0x00000000000016f3       0x51 ../1e_bsp\libhal_bsp.a(alt_errno.o)
 .debug_line    0x0000000000001744       0x64 ../1e_bsp\libhal_bsp.a(alt_exit.o)
 .debug_line    0x00000000000017a8       0x4e ../1e_bsp\libhal_bsp.a(alt_icache_flush_all.o)
 .debug_line    0x00000000000017f6       0xf1 ../1e_bsp\libhal_bsp.a(alt_iic.o)
 .debug_line    0x00000000000018e7       0xd8 ../1e_bsp\libhal_bsp.a(alt_iic_isr_register.o)
 .debug_line    0x00000000000019bf       0x6b ../1e_bsp\libhal_bsp.a(alt_irq_entry.o)
 .debug_line    0x0000000000001a2a       0xab ../1e_bsp\libhal_bsp.a(alt_irq_handler.o)
 .debug_line    0x0000000000001ad5       0x50 ../1e_bsp\libhal_bsp.a(alt_irq_vars.o)
 .debug_line    0x0000000000001b25      0x11e ../1e_bsp\libhal_bsp.a(alt_tick.o)
 .debug_line    0x0000000000001c43       0x50 ../1e_bsp\libhal_bsp.a(altera_nios2_gen2_irq.o)
 .debug_line    0x0000000000001c93       0xb3 ../1e_bsp\libhal_bsp.a(alt_exception_entry.o)
 .debug_line    0x0000000000001d46       0xbf ../1e_bsp\libhal_bsp.a(alt_instruction_exception_entry.o)

.debug_frame    0x0000000000000000      0x890
 *(.debug_frame)
 .debug_frame   0x0000000000000000       0xb0 obj/default/1e/main.o
 .debug_frame   0x00000000000000b0       0xa8 obj/default/1e/queue_wrapper.o
 .debug_frame   0x0000000000000158      0x190 obj/default/lib/mem_info.o
 .debug_frame   0x00000000000002e8       0x60 obj/default/lib/queue.o
 .debug_frame   0x0000000000000348       0x20 c:/intelfpga_lite/18.1/nios2eds/bin/gnu/h-x86_64-mingw32/bin/../lib/gcc/nios2-elf/5.3.0/mno-hw-mul\libgcc.a(lib2-mul.o)
 .debug_frame   0x0000000000000368       0x48 c:/intelfpga_lite/18.1/nios2eds/bin/gnu/h-x86_64-mingw32/bin/../lib/gcc/nios2-elf/5.3.0/../../../../../H-x86_64-mingw32/nios2-elf/lib/mno-hw-mul\libsmallc.a(lib_a-puts.o)
 .debug_frame   0x00000000000003b0       0x20 c:/intelfpga_lite/18.1/nios2eds/bin/gnu/h-x86_64-mingw32/bin/../lib/gcc/nios2-elf/5.3.0/../../../../../H-x86_64-mingw32/nios2-elf/lib/mno-hw-mul\libsmallc.a(lib_a-strlen.o)
 .debug_frame   0x00000000000003d0       0x58 c:/intelfpga_lite/18.1/nios2eds/bin/gnu/h-x86_64-mingw32/bin/../lib/gcc/nios2-elf/5.3.0/../../../../../H-x86_64-mingw32/nios2-elf/lib/mno-hw-mul\libsmallc.a(lib_a-fvwrite_small_dev.o)
 .debug_frame   0x0000000000000428       0x38 c:/intelfpga_lite/18.1/nios2eds/bin/gnu/h-x86_64-mingw32/bin/../lib/gcc/nios2-elf/5.3.0/../../../../../H-x86_64-mingw32/nios2-elf/lib/mno-hw-mul\libsmallc.a(lib_a-writer.o)
 .debug_frame   0x0000000000000460       0x2c ../1e_bsp\libhal_bsp.a(alt_load.o)
 .debug_frame   0x000000000000048c       0x28 ../1e_bsp\libhal_bsp.a(alt_main.o)
 .debug_frame   0x00000000000004b4       0x2c ../1e_bsp\libhal_bsp.a(alt_write.o)
 .debug_frame   0x00000000000004e0       0x3c ../1e_bsp\libhal_bsp.a(alt_sys_init.o)
 .debug_frame   0x000000000000051c      0x120 ../1e_bsp\libhal_bsp.a(altera_avalon_fifo_util.o)
 .debug_frame   0x000000000000063c       0x20 ../1e_bsp\libhal_bsp.a(altera_avalon_jtag_uart_write.o)
 .debug_frame   0x000000000000065c       0x4c ../1e_bsp\libhal_bsp.a(altera_avalon_timer_sc.o)
 .debug_frame   0x00000000000006a8       0x2c ../1e_bsp\libhal_bsp.a(alt_close.o)
 .debug_frame   0x00000000000006d4       0x20 ../1e_bsp\libhal_bsp.a(alt_dcache_flush_all.o)
 .debug_frame   0x00000000000006f4       0x20 ../1e_bsp\libhal_bsp.a(alt_exit.o)
 .debug_frame   0x0000000000000714       0x20 ../1e_bsp\libhal_bsp.a(alt_icache_flush_all.o)
 .debug_frame   0x0000000000000734       0x50 ../1e_bsp\libhal_bsp.a(alt_iic.o)
 .debug_frame   0x0000000000000784       0x38 ../1e_bsp\libhal_bsp.a(alt_iic_isr_register.o)
 .debug_frame   0x00000000000007bc       0x30 ../1e_bsp\libhal_bsp.a(alt_irq_handler.o)
 .debug_frame   0x00000000000007ec       0x54 ../1e_bsp\libhal_bsp.a(alt_tick.o)
 .debug_frame   0x0000000000000840       0x20 ../1e_bsp\libhal_bsp.a(altera_nios2_gen2_irq.o)
 .debug_frame   0x0000000000000860       0x30 ../1e_bsp\libhal_bsp.a(alt_instruction_exception_entry.o)

.debug_str      0x0000000000000000     0x1a5e
 *(.debug_str)
 .debug_str     0x0000000000000000      0x2de obj/default/1e/main.o
                                        0x346 (size before relaxing)
 .debug_str     0x00000000000002de       0xa9 obj/default/1e/queue_wrapper.o
                                        0x1ab (size before relaxing)
 .debug_str     0x0000000000000387       0xca obj/default/lib/mem_info.o
                                        0x1dd (size before relaxing)
 .debug_str     0x0000000000000451       0x2c obj/default/lib/queue.o
                                        0x14d (size before relaxing)
 .debug_str     0x000000000000047d      0x148 c:/intelfpga_lite/18.1/nios2eds/bin/gnu/h-x86_64-mingw32/bin/../lib/gcc/nios2-elf/5.3.0/mno-hw-mul\libgcc.a(lib2-mul.o)
                                        0x193 (size before relaxing)
 .debug_str     0x00000000000005c5      0x406 c:/intelfpga_lite/18.1/nios2eds/bin/gnu/h-x86_64-mingw32/bin/../lib/gcc/nios2-elf/5.3.0/../../../../../H-x86_64-mingw32/nios2-elf/lib/mno-hw-mul\libsmallc.a(lib_a-puts.o)
                                        0x4cd (size before relaxing)
 .debug_str     0x00000000000009cb       0xd2 c:/intelfpga_lite/18.1/nios2eds/bin/gnu/h-x86_64-mingw32/bin/../lib/gcc/nios2-elf/5.3.0/../../../../../H-x86_64-mingw32/nios2-elf/lib/mno-hw-mul\libsmallc.a(lib_a-strlen.o)
                                        0x1e5 (size before relaxing)
 .debug_str     0x0000000000000a9d       0x63 c:/intelfpga_lite/18.1/nios2eds/bin/gnu/h-x86_64-mingw32/bin/../lib/gcc/nios2-elf/5.3.0/../../../../../H-x86_64-mingw32/nios2-elf/lib/mno-hw-mul\libsmallc.a(lib_a-fvwrite_small_dev.o)
                                        0x4d4 (size before relaxing)
 .debug_str     0x0000000000000b00       0xef c:/intelfpga_lite/18.1/nios2eds/bin/gnu/h-x86_64-mingw32/bin/../lib/gcc/nios2-elf/5.3.0/../../../../../H-x86_64-mingw32/nios2-elf/lib/mno-hw-mul\libsmallc.a(lib_a-impure.o)
                                        0x4be (size before relaxing)
 .debug_str     0x0000000000000bef       0x45 c:/intelfpga_lite/18.1/nios2eds/bin/gnu/h-x86_64-mingw32/bin/../lib/gcc/nios2-elf/5.3.0/../../../../../H-x86_64-mingw32/nios2-elf/lib/mno-hw-mul\libsmallc.a(lib_a-writer.o)
                                        0x4b8 (size before relaxing)
 .debug_str     0x0000000000000c34       0x3f c:/intelfpga_lite/18.1/nios2eds/bin/gnu/h-x86_64-mingw32/bin/../lib/gcc/nios2-elf/5.3.0/../../../../../H-x86_64-mingw32/nios2-elf/lib/mno-hw-mul\libsmallc.a(lib_a-int_errno.o)
                                        0x1d8 (size before relaxing)
 .debug_str     0x0000000000000c73      0x19b ../1e_bsp\libhal_bsp.a(alt_load.o)
                                        0x239 (size before relaxing)
 .debug_str     0x0000000000000e0e       0x96 ../1e_bsp\libhal_bsp.a(alt_main.o)
                                        0x1c5 (size before relaxing)
 .debug_str     0x0000000000000ea4       0x78 ../1e_bsp\libhal_bsp.a(alt_write.o)
                                        0x1df (size before relaxing)
 .debug_str     0x0000000000000f1c       0xd2 ../1e_bsp\libhal_bsp.a(alt_sys_init.o)
                                        0x276 (size before relaxing)
 .debug_str     0x0000000000000fee      0x28e ../1e_bsp\libhal_bsp.a(altera_avalon_fifo_util.o)
                                        0x3e5 (size before relaxing)
 .debug_str     0x000000000000127c       0x2c ../1e_bsp\libhal_bsp.a(altera_avalon_jtag_uart_write.o)
                                        0x212 (size before relaxing)
 .debug_str     0x00000000000012a8       0xba ../1e_bsp\libhal_bsp.a(altera_avalon_timer_sc.o)
                                        0x265 (size before relaxing)
 .debug_str     0x0000000000001362       0x1b ../1e_bsp\libhal_bsp.a(alt_close.o)
                                        0x18e (size before relaxing)
 .debug_str     0x000000000000137d       0x1f ../1e_bsp\libhal_bsp.a(alt_dcache_flush_all.o)
                                        0x152 (size before relaxing)
 .debug_str     0x000000000000139c       0x14 ../1e_bsp\libhal_bsp.a(alt_errno.o)
                                        0x142 (size before relaxing)
 .debug_str     0x00000000000013b0       0x2a ../1e_bsp\libhal_bsp.a(alt_exit.o)
                                        0x14e (size before relaxing)
 .debug_str     0x00000000000013da       0x1f ../1e_bsp\libhal_bsp.a(alt_icache_flush_all.o)
                                        0x152 (size before relaxing)
 .debug_str     0x00000000000013f9       0xbe ../1e_bsp\libhal_bsp.a(alt_iic.o)
                                        0x250 (size before relaxing)
 .debug_str     0x00000000000014b7       0x37 ../1e_bsp\libhal_bsp.a(alt_iic_isr_register.o)
                                        0x20a (size before relaxing)
 .debug_str     0x00000000000014ee       0x3a ../1e_bsp\libhal_bsp.a(alt_irq_handler.o)
                                        0x194 (size before relaxing)
 .debug_str     0x0000000000001528       0x17 ../1e_bsp\libhal_bsp.a(alt_irq_vars.o)
                                        0x137 (size before relaxing)
 .debug_str     0x000000000000153f       0x74 ../1e_bsp\libhal_bsp.a(alt_tick.o)
                                        0x24f (size before relaxing)
 .debug_str     0x00000000000015b3       0x20 ../1e_bsp\libhal_bsp.a(altera_nios2_gen2_irq.o)
                                        0x159 (size before relaxing)
 .debug_str     0x00000000000015d3      0x48b ../1e_bsp\libhal_bsp.a(alt_instruction_exception_entry.o)
                                        0x59d (size before relaxing)

.debug_loc      0x0000000000000000      0xc8d
 *(.debug_loc)
 .debug_loc     0x0000000000000000       0x93 c:/intelfpga_lite/18.1/nios2eds/bin/gnu/h-x86_64-mingw32/bin/../lib/gcc/nios2-elf/5.3.0/mno-hw-mul\libgcc.a(lib2-mul.o)
 .debug_loc     0x0000000000000093       0x97 c:/intelfpga_lite/18.1/nios2eds/bin/gnu/h-x86_64-mingw32/bin/../lib/gcc/nios2-elf/5.3.0/../../../../../H-x86_64-mingw32/nios2-elf/lib/mno-hw-mul\libsmallc.a(lib_a-puts.o)
 .debug_loc     0x000000000000012a       0x1e c:/intelfpga_lite/18.1/nios2eds/bin/gnu/h-x86_64-mingw32/bin/../lib/gcc/nios2-elf/5.3.0/../../../../../H-x86_64-mingw32/nios2-elf/lib/mno-hw-mul\libsmallc.a(lib_a-strlen.o)
 .debug_loc     0x0000000000000148      0x110 c:/intelfpga_lite/18.1/nios2eds/bin/gnu/h-x86_64-mingw32/bin/../lib/gcc/nios2-elf/5.3.0/../../../../../H-x86_64-mingw32/nios2-elf/lib/mno-hw-mul\libsmallc.a(lib_a-fvwrite_small_dev.o)
 .debug_loc     0x0000000000000258       0xa5 c:/intelfpga_lite/18.1/nios2eds/bin/gnu/h-x86_64-mingw32/bin/../lib/gcc/nios2-elf/5.3.0/../../../../../H-x86_64-mingw32/nios2-elf/lib/mno-hw-mul\libsmallc.a(lib_a-writer.o)
 .debug_loc     0x00000000000002fd       0x1e ../1e_bsp\libhal_bsp.a(alt_main.o)
 .debug_loc     0x000000000000031b       0xcf ../1e_bsp\libhal_bsp.a(alt_write.o)
 .debug_loc     0x00000000000003ea       0x21 ../1e_bsp\libhal_bsp.a(alt_sys_init.o)
 .debug_loc     0x000000000000040b      0x249 ../1e_bsp\libhal_bsp.a(altera_avalon_fifo_util.o)
 .debug_loc     0x0000000000000654       0x8b ../1e_bsp\libhal_bsp.a(altera_avalon_jtag_uart_write.o)
 .debug_loc     0x00000000000006df       0xec ../1e_bsp\libhal_bsp.a(altera_avalon_timer_sc.o)
 .debug_loc     0x00000000000007cb       0x2c ../1e_bsp\libhal_bsp.a(alt_close.o)
 .debug_loc     0x00000000000007f7      0x170 ../1e_bsp\libhal_bsp.a(alt_iic.o)
 .debug_loc     0x0000000000000967      0x193 ../1e_bsp\libhal_bsp.a(alt_iic_isr_register.o)
 .debug_loc     0x0000000000000afa       0x51 ../1e_bsp\libhal_bsp.a(alt_irq_handler.o)
 .debug_loc     0x0000000000000b4b       0xdd ../1e_bsp\libhal_bsp.a(alt_tick.o)
 .debug_loc     0x0000000000000c28       0x65 ../1e_bsp\libhal_bsp.a(alt_instruction_exception_entry.o)

.debug_macinfo
 *(.debug_macinfo)

.debug_weaknames
 *(.debug_weaknames)

.debug_funcnames
 *(.debug_funcnames)

.debug_typenames
 *(.debug_typenames)

.debug_varnames
 *(.debug_varnames)

.debug_alt_sim_info
                0x0000000000000000       0x10
 *(.debug_alt_sim_info)
 .debug_alt_sim_info
                0x0000000000000000       0x10 ../1e_bsp/obj/HAL/src/crt0.o
                0x000000000000d000                __alt_data_end = 0xd000
                0x000000000000d000                PROVIDE (__alt_stack_pointer, __alt_data_end)
                [!provide]                        PROVIDE (__alt_stack_limit, __alt_stack_base)
                [!provide]                        PROVIDE (__alt_heap_start, end)
                [!provide]                        PROVIDE (__alt_heap_limit, 0xd000)
OUTPUT(CPU_1e_sub_cpu_0.elf elf32-littlenios2)

.debug_ranges   0x0000000000000000      0x1a0
 .debug_ranges  0x0000000000000000       0x20 ../1e_bsp/obj/HAL/src/crt0.o
 .debug_ranges  0x0000000000000020       0x18 c:/intelfpga_lite/18.1/nios2eds/bin/gnu/h-x86_64-mingw32/bin/../lib/gcc/nios2-elf/5.3.0/../../../../../H-x86_64-mingw32/nios2-elf/lib/mno-hw-mul\libsmallc.a(lib_a-puts.o)
 .debug_ranges  0x0000000000000038       0x10 c:/intelfpga_lite/18.1/nios2eds/bin/gnu/h-x86_64-mingw32/bin/../lib/gcc/nios2-elf/5.3.0/../../../../../H-x86_64-mingw32/nios2-elf/lib/mno-hw-mul\libsmallc.a(lib_a-strlen.o)
 .debug_ranges  0x0000000000000048       0x28 c:/intelfpga_lite/18.1/nios2eds/bin/gnu/h-x86_64-mingw32/bin/../lib/gcc/nios2-elf/5.3.0/../../../../../H-x86_64-mingw32/nios2-elf/lib/mno-hw-mul\libsmallc.a(lib_a-fvwrite_small_dev.o)
 .debug_ranges  0x0000000000000070       0x10 c:/intelfpga_lite/18.1/nios2eds/bin/gnu/h-x86_64-mingw32/bin/../lib/gcc/nios2-elf/5.3.0/../../../../../H-x86_64-mingw32/nios2-elf/lib/mno-hw-mul\libsmallc.a(lib_a-writer.o)
 .debug_ranges  0x0000000000000080       0x18 ../1e_bsp\libhal_bsp.a(alt_load.o)
 .debug_ranges  0x0000000000000098       0x20 ../1e_bsp\libhal_bsp.a(alt_write.o)
 .debug_ranges  0x00000000000000b8       0x18 ../1e_bsp\libhal_bsp.a(altera_avalon_timer_sc.o)
 .debug_ranges  0x00000000000000d0       0x20 ../1e_bsp\libhal_bsp.a(alt_close.o)
 .debug_ranges  0x00000000000000f0       0x28 ../1e_bsp\libhal_bsp.a(alt_irq_entry.o)
 .debug_ranges  0x0000000000000118       0x10 ../1e_bsp\libhal_bsp.a(alt_irq_handler.o)
 .debug_ranges  0x0000000000000128       0x30 ../1e_bsp\libhal_bsp.a(alt_tick.o)
 .debug_ranges  0x0000000000000158       0x30 ../1e_bsp\libhal_bsp.a(alt_exception_entry.o)
 .debug_ranges  0x0000000000000188       0x18 ../1e_bsp\libhal_bsp.a(alt_instruction_exception_entry.o)
